Archive member included to satisfy reference by file (symbol)

C:/Renesas/RA/e2studio_v2024-07_fsp_v5.5.0/toolchains/gcc_arm/13.2.rel1/bin/../lib/gcc/arm-none-eabi/13.2.1/thumb/v8-m.main+fp/hard\libgcc.a(_aeabi_uldivmod.o)
                              ./src/SysTick/bsp_SysTick.o (__aeabi_uldivmod)
C:/Renesas/RA/e2studio_v2024-07_fsp_v5.5.0/toolchains/gcc_arm/13.2.rel1/bin/../lib/gcc/arm-none-eabi/13.2.1/thumb/v8-m.main+fp/hard\libgcc.a(_udivmoddi4.o)
                              C:/Renesas/RA/e2studio_v2024-07_fsp_v5.5.0/toolchains/gcc_arm/13.2.rel1/bin/../lib/gcc/arm-none-eabi/13.2.1/thumb/v8-m.main+fp/hard\libgcc.a(_aeabi_uldivmod.o) (__udivmoddi4)
C:/Renesas/RA/e2studio_v2024-07_fsp_v5.5.0/toolchains/gcc_arm/13.2.rel1/bin/../lib/gcc/arm-none-eabi/13.2.1/thumb/v8-m.main+fp/hard\libgcc.a(_dvmd_tls.o)
                              C:/Renesas/RA/e2studio_v2024-07_fsp_v5.5.0/toolchains/gcc_arm/13.2.rel1/bin/../lib/gcc/arm-none-eabi/13.2.1/thumb/v8-m.main+fp/hard\libgcc.a(_aeabi_uldivmod.o) (__aeabi_ldiv0)
C:/Renesas/RA/e2studio_v2024-07_fsp_v5.5.0/toolchains/gcc_arm/13.2.rel1/bin/../lib/gcc/arm-none-eabi/13.2.1/thumb/v8-m.main+fp/hard\libg_nano.a(libc_a-exit.o)
                              C:/Renesas/RA/e2studio_v2024-07_fsp_v5.5.0/toolchains/gcc_arm/13.2.rel1/bin/../lib/gcc/arm-none-eabi/13.2.1/thumb/v8-m.main+fp/hard/crt0.o (exit)
C:/Renesas/RA/e2studio_v2024-07_fsp_v5.5.0/toolchains/gcc_arm/13.2.rel1/bin/../lib/gcc/arm-none-eabi/13.2.1/thumb/v8-m.main+fp/hard\libg_nano.a(libc_a-rand.o)
                              ./src/net_user_app.o (rand)
C:/Renesas/RA/e2studio_v2024-07_fsp_v5.5.0/toolchains/gcc_arm/13.2.rel1/bin/../lib/gcc/arm-none-eabi/13.2.1/thumb/v8-m.main+fp/hard\libg_nano.a(libc_a-nano-vfprintf_float.o)
                              (_printf_float)
C:/Renesas/RA/e2studio_v2024-07_fsp_v5.5.0/toolchains/gcc_arm/13.2.rel1/bin/../lib/gcc/arm-none-eabi/13.2.1/thumb/v8-m.main+fp/hard\libg_nano.a(libc_a-nano-vfprintf_i.o)
                              C:/Renesas/RA/e2studio_v2024-07_fsp_v5.5.0/toolchains/gcc_arm/13.2.rel1/bin/../lib/gcc/arm-none-eabi/13.2.1/thumb/v8-m.main+fp/hard\libg_nano.a(libc_a-nano-vfprintf_float.o) (_printf_common)
C:/Renesas/RA/e2studio_v2024-07_fsp_v5.5.0/toolchains/gcc_arm/13.2.rel1/bin/../lib/gcc/arm-none-eabi/13.2.1/thumb/v8-m.main+fp/hard\libg_nano.a(libc_a-findfp.o)
                              C:/Renesas/RA/e2studio_v2024-07_fsp_v5.5.0/toolchains/gcc_arm/13.2.rel1/bin/../lib/gcc/arm-none-eabi/13.2.1/thumb/v8-m.main+fp/hard\libg_nano.a(libc_a-exit.o) (__stdio_exit_handler)
C:/Renesas/RA/e2studio_v2024-07_fsp_v5.5.0/toolchains/gcc_arm/13.2.rel1/bin/../lib/gcc/arm-none-eabi/13.2.1/thumb/v8-m.main+fp/hard\libg_nano.a(libc_a-fwalk.o)
                              C:/Renesas/RA/e2studio_v2024-07_fsp_v5.5.0/toolchains/gcc_arm/13.2.rel1/bin/../lib/gcc/arm-none-eabi/13.2.1/thumb/v8-m.main+fp/hard\libg_nano.a(libc_a-findfp.o) (_fwalk_sglue)
C:/Renesas/RA/e2studio_v2024-07_fsp_v5.5.0/toolchains/gcc_arm/13.2.rel1/bin/../lib/gcc/arm-none-eabi/13.2.1/thumb/v8-m.main+fp/hard\libg_nano.a(libc_a-printf.o)
                              ./src/net_thread_entry.o (printf)
C:/Renesas/RA/e2studio_v2024-07_fsp_v5.5.0/toolchains/gcc_arm/13.2.rel1/bin/../lib/gcc/arm-none-eabi/13.2.1/thumb/v8-m.main+fp/hard\libg_nano.a(libc_a-putchar.o)
                              ./src/net_thread_entry.o (putchar)
C:/Renesas/RA/e2studio_v2024-07_fsp_v5.5.0/toolchains/gcc_arm/13.2.rel1/bin/../lib/gcc/arm-none-eabi/13.2.1/thumb/v8-m.main+fp/hard\libg_nano.a(libc_a-puts.o)
                              ./src/canfd/nsc_bsp_canfd0.o (puts)
C:/Renesas/RA/e2studio_v2024-07_fsp_v5.5.0/toolchains/gcc_arm/13.2.rel1/bin/../lib/gcc/arm-none-eabi/13.2.1/thumb/v8-m.main+fp/hard\libg_nano.a(libc_a-snprintf.o)
                              ./ra/fsp/src/rm_freertos_plus_tcp/NetworkInterface.o (snprintf)
C:/Renesas/RA/e2studio_v2024-07_fsp_v5.5.0/toolchains/gcc_arm/13.2.rel1/bin/../lib/gcc/arm-none-eabi/13.2.1/thumb/v8-m.main+fp/hard\libg_nano.a(libc_a-stdio.o)
                              C:/Renesas/RA/e2studio_v2024-07_fsp_v5.5.0/toolchains/gcc_arm/13.2.rel1/bin/../lib/gcc/arm-none-eabi/13.2.1/thumb/v8-m.main+fp/hard\libg_nano.a(libc_a-findfp.o) (__sread)
C:/Renesas/RA/e2studio_v2024-07_fsp_v5.5.0/toolchains/gcc_arm/13.2.rel1/bin/../lib/gcc/arm-none-eabi/13.2.1/thumb/v8-m.main+fp/hard\libg_nano.a(libc_a-wbuf.o)
                              C:/Renesas/RA/e2studio_v2024-07_fsp_v5.5.0/toolchains/gcc_arm/13.2.rel1/bin/../lib/gcc/arm-none-eabi/13.2.1/thumb/v8-m.main+fp/hard\libg_nano.a(libc_a-puts.o) (__swbuf_r)
C:/Renesas/RA/e2studio_v2024-07_fsp_v5.5.0/toolchains/gcc_arm/13.2.rel1/bin/../lib/gcc/arm-none-eabi/13.2.1/thumb/v8-m.main+fp/hard\libg_nano.a(libc_a-wsetup.o)
                              C:/Renesas/RA/e2studio_v2024-07_fsp_v5.5.0/toolchains/gcc_arm/13.2.rel1/bin/../lib/gcc/arm-none-eabi/13.2.1/thumb/v8-m.main+fp/hard\libg_nano.a(libc_a-puts.o) (__swsetup_r)
[...]
Memory Configuration

Name             Origin             Length             Attributes
ITCM             0x00000000         0x00000000         xr
DTCM             0x00000000         0x00000000         xrw
FLASH            0x00010000         0x001f0000         xr
RAM              0x20006000         0x0007a000         xrw
DATA_FLASH       0x08000000         0x00002000         xr
QSPI_FLASH       0x60000000         0x04000000         xr
OSPI_DEVICE_0    0x68000000         0x08000000         xr
OSPI_DEVICE_1    0x70000000         0x10000000         xr
OSPI_DEVICE_0_RAM 0x68000000         0x08000000         xrw
OSPI_DEVICE_1_RAM 0x70000000         0x10000000         xrw
SDRAM            0x80010000         0x00000000         xrw
OPTION_SETTING   0x0100a180         0x00000080         r
OPTION_SETTING_OFS 0x0100a180         0x00000018         r
OPTION_SETTING_SAS 0x0100a1b4         0x0000004c         r
OPTION_SETTING_S 0x0100a2d0         0x00000030         r
ID_CODE          0x00000000         0x00000000         xr
*default*        0x00000000         0xffffffff

Linker script and memory map

LOAD C:/Renesas/RA/e2studio_v2024-07_fsp_v5.5.0/toolchains/gcc_arm/13.2.rel1/bin/../lib/gcc/arm-none-eabi/13.2.1/thumb/v8-m.main+fp/hard/crti.o
LOAD C:/Renesas/RA/e2studio_v2024-07_fsp_v5.5.0/toolchains/gcc_arm/13.2.rel1/bin/../lib/gcc/arm-none-eabi/13.2.1/thumb/v8-m.main+fp/hard/crtbegin.o
LOAD C:/Renesas/RA/e2studio_v2024-07_fsp_v5.5.0/toolchains/gcc_arm/13.2.rel1/bin/../lib/gcc/arm-none-eabi/13.2.1/thumb/v8-m.main+fp/hard/crt0.o
START GROUP
LOAD ./src/uart/nsc_bsp_uart.o
LOAD ./src/canfd/nsc_bsp_canfd0.o
LOAD ./src/canfd/nsc_bsp_canfd1.o
LOAD ./src/SysTick/bsp_SysTick.o
LOAD ./src/ether_phy_target_lan8720.o
LOAD ./src/hal_entry.o
LOAD ./src/net_thread_entry.o
LOAD ./src/net_user_app.o
LOAD ./ra_gen/common_data.o
LOAD ./ra_gen/hal_data.o
LOAD ./ra_gen/main.o
LOAD ./ra_gen/net_thread.o
LOAD ./ra_gen/pin_data.o
LOAD ./ra_gen/vector_data.o
LOAD ./ra/fsp/src/rm_freertos_port/port.o
LOAD ./ra/fsp/src/rm_freertos_plus_tcp/NetworkInterface.o
LOAD ./ra/fsp/src/r_ioport/r_ioport.o
LOAD ./ra/fsp/src/r_ether_phy/targets/KSZ8091RNB/r_ether_phy_target_ksz8091rnb.o
LOAD ./ra/fsp/src/r_ether_phy/targets/KSZ8041/r_ether_phy_target_ksz8041.o
LOAD ./ra/fsp/src/r_ether_phy/targets/ICS1894/r_ether_phy_target_ics1894.o
LOAD ./ra/fsp/src/r_ether_phy/targets/DP83620/r_ether_phy_target_dp83620.o
LOAD ./ra/fsp/src/r_ether_phy/r_ether_phy.o
LOAD ./ra/fsp/src/r_ether/r_ether.o
LOAD ./ra/fsp/src/bsp/mcu/all/bsp_clocks.o
LOAD ./ra/fsp/src/bsp/mcu/all/bsp_common.o
LOAD ./ra/fsp/src/bsp/mcu/all/bsp_delay.o
LOAD ./ra/fsp/src/bsp/mcu/all/bsp_group_irq.o
LOAD ./ra/fsp/src/bsp/mcu/all/bsp_guard.o
LOAD ./ra/fsp/src/bsp/mcu/all/bsp_io.o
LOAD ./ra/fsp/src/bsp/mcu/all/bsp_irq.o
LOAD ./ra/fsp/src/bsp/mcu/all/bsp_macl.o
LOAD ./ra/fsp/src/bsp/mcu/all/bsp_register_protection.o
LOAD ./ra/fsp/src/bsp/mcu/all/bsp_rom_registers.o
LOAD ./ra/fsp/src/bsp/mcu/all/bsp_sbrk.o
LOAD ./ra/fsp/src/bsp/mcu/all/bsp_sdram.o
LOAD ./ra/fsp/src/bsp/mcu/all/bsp_security.o
LOAD ./ra/fsp/src/bsp/cmsis/Device/RENESAS/Source/startup.o
LOAD ./ra/fsp/src/bsp/cmsis/Device/RENESAS/Source/system.o
LOAD ./ra/aws/FreeRTOS/FreeRTOS/Source/portable/MemMang/heap_4.o
LOAD ./ra/aws/FreeRTOS/FreeRTOS/Source/event_groups.o
LOAD ./ra/aws/FreeRTOS/FreeRTOS/Source/list.o
LOAD ./ra/aws/FreeRTOS/FreeRTOS/Source/queue.o
LOAD ./ra/aws/FreeRTOS/FreeRTOS/Source/stream_buffer.o
LOAD ./ra/aws/FreeRTOS/FreeRTOS/Source/tasks.o
LOAD ./ra/aws/FreeRTOS/FreeRTOS/Source/timers.o
LOAD ./ra/aws/FreeRTOS/FreeRTOS-Plus/Source/FreeRTOS-Plus-TCP/source/portable/BufferManagement/BufferAllocation_2.o
LOAD ./ra/aws/FreeRTOS/FreeRTOS-Plus/Source/FreeRTOS-Plus-TCP/source/FreeRTOS_ARP.o
LOAD ./ra/aws/FreeRTOS/FreeRTOS-Plus/Source/FreeRTOS-Plus-TCP/source/FreeRTOS_BitConfig.o
LOAD ./ra/aws/FreeRTOS/FreeRTOS-Plus/Source/FreeRTOS-Plus-TCP/source/FreeRTOS_DHCP.o
LOAD ./ra/aws/FreeRTOS/FreeRTOS-Plus/Source/FreeRTOS-Plus-TCP/source/FreeRTOS_DHCPv6.o
LOAD ./ra/aws/FreeRTOS/FreeRTOS-Plus/Source/FreeRTOS-Plus-TCP/source/FreeRTOS_DNS.o
LOAD ./ra/aws/FreeRTOS/FreeRTOS-Plus/Source/FreeRTOS-Plus-TCP/source/FreeRTOS_DNS_Cache.o
LOAD ./ra/aws/FreeRTOS/FreeRTOS-Plus/Source/FreeRTOS-Plus-TCP/source/FreeRTOS_DNS_Callback.o
LOAD ./ra/aws/FreeRTOS/FreeRTOS-Plus/Source/FreeRTOS-Plus-TCP/source/FreeRTOS_DNS_Networking.o
LOAD ./ra/aws/FreeRTOS/FreeRTOS-Plus/Source/FreeRTOS-Plus-TCP/source/FreeRTOS_DNS_Parser.o
LOAD ./ra/aws/FreeRTOS/FreeRTOS-Plus/Source/FreeRTOS-Plus-TCP/source/FreeRTOS_ICMP.o
LOAD ./ra/aws/FreeRTOS/FreeRTOS-Plus/Source/FreeRTOS-Plus-TCP/source/FreeRTOS_IP.o
LOAD ./ra/aws/FreeRTOS/FreeRTOS-Plus/Source/FreeRTOS-Plus-TCP/source/FreeRTOS_IP_Timers.o
LOAD ./ra/aws/FreeRTOS/FreeRTOS-Plus/Source/FreeRTOS-Plus-TCP/source/FreeRTOS_IP_Utils.o
LOAD ./ra/aws/FreeRTOS/FreeRTOS-Plus/Source/FreeRTOS-Plus-TCP/source/FreeRTOS_IPv4.o
LOAD ./ra/aws/FreeRTOS/FreeRTOS-Plus/Source/FreeRTOS-Plus-TCP/source/FreeRTOS_IPv4_Sockets.o
LOAD ./ra/aws/FreeRTOS/FreeRTOS-Plus/Source/FreeRTOS-Plus-TCP/source/FreeRTOS_IPv4_Utils.o
LOAD ./ra/aws/FreeRTOS/FreeRTOS-Plus/Source/FreeRTOS-Plus-TCP/source/FreeRTOS_IPv6.o
LOAD ./ra/aws/FreeRTOS/FreeRTOS-Plus/Source/FreeRTOS-Plus-TCP/source/FreeRTOS_IPv6_Sockets.o
LOAD ./ra/aws/FreeRTOS/FreeRTOS-Plus/Source/FreeRTOS-Plus-TCP/source/FreeRTOS_IPv6_Utils.o
LOAD ./ra/aws/FreeRTOS/FreeRTOS-Plus/Source/FreeRTOS-Plus-TCP/source/FreeRTOS_ND.o
LOAD ./ra/aws/FreeRTOS/FreeRTOS-Plus/Source/FreeRTOS-Plus-TCP/source/FreeRTOS_RA.o
LOAD ./ra/aws/FreeRTOS/FreeRTOS-Plus/Source/FreeRTOS-Plus-TCP/source/FreeRTOS_Routing.o
LOAD ./ra/aws/FreeRTOS/FreeRTOS-Plus/Source/FreeRTOS-Plus-TCP/source/FreeRTOS_Sockets.o
LOAD ./ra/aws/FreeRTOS/FreeRTOS-Plus/Source/FreeRTOS-Plus-TCP/source/FreeRTOS_Stream_Buffer.o
LOAD ./ra/aws/FreeRTOS/FreeRTOS-Plus/Source/FreeRTOS-Plus-TCP/source/FreeRTOS_TCP_IP.o
LOAD ./ra/aws/FreeRTOS/FreeRTOS-Plus/Source/FreeRTOS-Plus-TCP/source/FreeRTOS_TCP_IP_IPv4.o
LOAD ./ra/aws/FreeRTOS/FreeRTOS-Plus/Source/FreeRTOS-Plus-TCP/source/FreeRTOS_TCP_IP_IPv6.o
LOAD ./ra/aws/FreeRTOS/FreeRTOS-Plus/Source/FreeRTOS-Plus-TCP/source/FreeRTOS_TCP_Reception.o
LOAD ./ra/aws/FreeRTOS/FreeRTOS-Plus/Source/FreeRTOS-Plus-TCP/source/FreeRTOS_TCP_State_Handling.o
LOAD ./ra/aws/FreeRTOS/FreeRTOS-Plus/Source/FreeRTOS-Plus-TCP/source/FreeRTOS_TCP_State_Handling_IPv4.o
LOAD ./ra/aws/FreeRTOS/FreeRTOS-Plus/Source/FreeRTOS-Plus-TCP/source/FreeRTOS_TCP_State_Handling_IPv6.o
LOAD ./ra/aws/FreeRTOS/FreeRTOS-Plus/Source/FreeRTOS-Plus-TCP/source/FreeRTOS_TCP_Transmission.o
LOAD ./ra/aws/FreeRTOS/FreeRTOS-Plus/Source/FreeRTOS-Plus-TCP/source/FreeRTOS_TCP_Transmission_IPv4.o
LOAD ./ra/aws/FreeRTOS/FreeRTOS-Plus/Source/FreeRTOS-Plus-TCP/source/FreeRTOS_TCP_Transmission_IPv6.o
LOAD ./ra/aws/FreeRTOS/FreeRTOS-Plus/Source/FreeRTOS-Plus-TCP/source/FreeRTOS_TCP_Utils.o
LOAD ./ra/aws/FreeRTOS/FreeRTOS-Plus/Source/FreeRTOS-Plus-TCP/source/FreeRTOS_TCP_Utils_IPv4.o
LOAD ./ra/aws/FreeRTOS/FreeRTOS-Plus/Source/FreeRTOS-Plus-TCP/source/FreeRTOS_TCP_Utils_IPv6.o
LOAD ./ra/aws/FreeRTOS/FreeRTOS-Plus/Source/FreeRTOS-Plus-TCP/source/FreeRTOS_TCP_WIN.o
LOAD ./ra/aws/FreeRTOS/FreeRTOS-Plus/Source/FreeRTOS-Plus-TCP/source/FreeRTOS_Tiny_TCP.o
LOAD ./ra/aws/FreeRTOS/FreeRTOS-Plus/Source/FreeRTOS-Plus-TCP/source/FreeRTOS_UDP_IP.o
LOAD ./ra/aws/FreeRTOS/FreeRTOS-Plus/Source/FreeRTOS-Plus-TCP/source/FreeRTOS_UDP_IPv4.o
LOAD ./ra/aws/FreeRTOS/FreeRTOS-Plus/Source/FreeRTOS-Plus-TCP/source/FreeRTOS_UDP_IPv6.o
LOAD secure.o
END GROUP
START GROUP
LOAD C:/Renesas/RA/e2studio_v2024-07_fsp_v5.5.0/toolchains/gcc_arm/13.2.rel1/bin/../lib/gcc/arm-none-eabi/13.2.1/thumb/v8-m.main+fp/hard\libgcc.a
LOAD C:/Renesas/RA/e2studio_v2024-07_fsp_v5.5.0/toolchains/gcc_arm/13.2.rel1/bin/../lib/gcc/arm-none-eabi/13.2.1/thumb/v8-m.main+fp/hard\libg_nano.a
LOAD C:/Renesas/RA/e2studio_v2024-07_fsp_v5.5.0/toolchains/gcc_arm/13.2.rel1/bin/../lib/gcc/arm-none-eabi/13.2.1/thumb/v8-m.main+fp/hard\libc_nano.a
END GROUP
START GROUP
LOAD C:/Renesas/RA/e2studio_v2024-07_fsp_v5.5.0/toolchains/gcc_arm/13.2.rel1/bin/../lib/gcc/arm-none-eabi/13.2.1/thumb/v8-m.main+fp/hard\libgcc.a
LOAD C:/Renesas/RA/e2studio_v2024-07_fsp_v5.5.0/toolchains/gcc_arm/13.2.rel1/bin/../lib/gcc/arm-none-eabi/13.2.1/thumb/v8-m.main+fp/hard\libc_nano.a
END GROUP
LOAD C:/Renesas/RA/e2studio_v2024-07_fsp_v5.5.0/toolchains/gcc_arm/13.2.rel1/bin/../lib/gcc/arm-none-eabi/13.2.1/thumb/v8-m.main+fp/hard/crtend.o
LOAD C:/Renesas/RA/e2studio_v2024-07_fsp_v5.5.0/toolchains/gcc_arm/13.2.rel1/bin/../lib/gcc/arm-none-eabi/13.2.1/thumb/v8-m.main+fp/hard/crtn.o
                0x20006000                        RAM_START = 0x20006000
                0x0007a000                        RAM_LENGTH = 0x7a000
                0x00010000                        FLASH_START = 0x10000
                0x001f0000                        FLASH_LENGTH = 0x1f0000
                0x08000000                        DATA_FLASH_START = 0x8000000
                0x00002000                        DATA_FLASH_LENGTH = 0x2000
                0x0100a180                        OPTION_SETTING_START = 0x100a180
                0x00000080                        OPTION_SETTING_LENGTH = 0x80
                0x0100a2d0                        OPTION_SETTING_S_START = 0x100a2d0
                0x00000030                        OPTION_SETTING_S_LENGTH = 0x30
                0x00000000                        ID_CODE_START = 0x0
                0x00000000                        ID_CODE_LENGTH = 0x0
                0x80010000                        SDRAM_START = 0x80010000
                0x00000000                        SDRAM_LENGTH = 0x0
                0x60000000                        QSPI_FLASH_START = 0x60000000
                0x04000000                        QSPI_FLASH_LENGTH = 0x4000000
                0x68000000                        OSPI_DEVICE_0_START = 0x68000000
                0x08000000                        OSPI_DEVICE_0_LENGTH = 0x8000000
                0x70000000                        OSPI_DEVICE_1_START = 0x70000000
                0x10000000                        OSPI_DEVICE_1_LENGTH = 0x10000000
                0x00000000                        RAM_NS_BUFFER_LENGTH = 0x0
                0x00000001                        PROJECT_NONSECURE = 0x1
                0x04000000                        QSPI_FLASH_PRV_LENGTH = DEFINED (QSPI_FLASH_SIZE)?ABSOLUTE (QSPI_FLASH_SIZE):ABSOLUTE (QSPI_FLASH_LENGTH)
                0x08000000                        OSPI_DEVICE_0_PRV_LENGTH = DEFINED (OSPI_DEVICE_0_SIZE)?ABSOLUTE (OSPI_DEVICE_0_SIZE):ABSOLUTE (OSPI_DEVICE_0_LENGTH)
                0x10000000                        OSPI_DEVICE_1_PRV_LENGTH = DEFINED (OSPI_DEVICE_1_SIZE)?ABSOLUTE (OSPI_DEVICE_1_SIZE):ABSOLUTE (OSPI_DEVICE_1_LENGTH)
                0x00000000                        __RESERVE_NS_RAM = ((! (DEFINED (PROJECT_NONSECURE)) && DEFINED (RAM_NS_BUFFER_LENGTH)) && (OPTION_SETTING_S_LENGTH != 0x0))
                0x00000000                        ITCM_START = DEFINED (ITCM_START)?ITCM_START:0x0
                0x00000000                        ITCM_LENGTH = DEFINED (ITCM_LENGTH)?ITCM_LENGTH:0x0
                0x00000000                        DTCM_START = DEFINED (DTCM_START)?DTCM_START:0x0
                0x00000000                        DTCM_LENGTH = DEFINED (DTCM_LENGTH)?DTCM_LENGTH:0x0
                0x00000000                        RAM_NS_BUFFER_BLOCK_LENGTH = DEFINED (RAM_NS_BUFFER_LENGTH)?ALIGN (RAM_NS_BUFFER_LENGTH, 0x2000):0x0
                0x00000000                        RAM_NS_BUFFER_LENGTH = DEFINED (RAM_NS_BUFFER_LENGTH)?RAM_NS_BUFFER_LENGTH:0x0
                0x20080000                        RAM_NS_BUFFER_START = ((RAM_START + RAM_LENGTH) - RAM_NS_BUFFER_LENGTH)
                0x20080000                        RAM_NS_BUFFER_BLOCK_START = ((RAM_START + RAM_LENGTH) - RAM_NS_BUFFER_BLOCK_LENGTH)
                0x0100a180                        OPTION_SETTING_START_NS = DEFINED (PROJECT_NONSECURE)?OPTION_SETTING_START:(OPTION_SETTING_START + 0x80)
                0x00000001                        __bl_FSP_BOOTABLE_IMAGE = 0x1
                0x00000001                        __bln_FSP_BOOTABLE_IMAGE = 0x1
                0x00000000                        PROJECT_SECURE_OR_FLAT = (((! (DEFINED (PROJECT_NONSECURE)) || DEFINED (PROJECT_SECURE)) && OPTION_SETTING_LENGTH) && ! (DEFINED (FSP_BOOTABLE_IMAGE)))
                0x00000001                        USE_OPTION_SETTING_NS = (DEFINED (PROJECT_NONSECURE) && ! (DEFINED (FSP_BOOTABLE_IMAGE)))
                0x00000000                        __bl_FLASH_IMAGE_START = ! (DEFINED (FLASH_BOOTLOADER_LENGTH))?0x0:(FLASH_APPLICATION_IMAGE_NUMBER == 0x1)?((FLASH_START + FLASH_BOOTLOADER_LENGTH) + FLASH_BOOTLOADER_HEADER_LENGTH):(DEFINED (BOOTLOADER_SECONDARY_USE_QSPI) || DEFINED (BOOTLOADER_SECONDARY_USE_OSPI_B))?(((FLASH_START + FLASH_BOOTLOADER_LENGTH) + FLASH_BOOTLOADER_SCRATCH_LENGTH) + FLASH_BOOTLOADER_HEADER_LENGTH):((((FLASH_START + FLASH_BOOTLOADER_LENGTH) + FLASH_BOOTLOADER_SCRATCH_LENGTH) + FLASH_APPLICATION_S_LENGTH) + FLASH_BOOTLOADER_HEADER_LENGTH)
                0x00000000                        __bl_FLASH_IMAGE_LENGTH = ! (DEFINED (FLASH_BOOTLOADER_LENGTH))?0x0:(FLASH_APPLICATION_S_LENGTH - FLASH_BOOTLOADER_HEADER_LENGTH)
                0x00000000                        __bl_FLASH_IMAGE_END = (__bl_FLASH_IMAGE_START + __bl_FLASH_IMAGE_LENGTH)
                0x00000000                        __bl_XIP_SECONDARY_FLASH_IMAGE_START = ! (DEFINED (FLASH_BOOTLOADER_LENGTH))?0x0:(((FLASH_START + FLASH_BOOTLOADER_LENGTH) + FLASH_APPLICATION_S_LENGTH) + FLASH_BOOTLOADER_HEADER_LENGTH)
                0x00000000                        __bl_XIP_SECONDARY_FLASH_IMAGE_END = (__bl_XIP_SECONDARY_FLASH_IMAGE_START + __bl_FLASH_IMAGE_LENGTH)
                0x00000000                        __bl_FLASH_NS_START = ! (DEFINED (FLASH_BOOTLOADER_LENGTH))?0x0:(FLASH_APPLICATION_NS_LENGTH == 0x0)?__bl_FLASH_IMAGE_END:((__bl_FLASH_IMAGE_START - FLASH_BOOTLOADER_HEADER_LENGTH) + FLASH_APPLICATION_S_LENGTH)
                0x00000000                        __bl_FLASH_NSC_START = ! (DEFINED (FLASH_BOOTLOADER_LENGTH))?0x0:(FLASH_APPLICATION_NS_LENGTH == 0x0)?__bl_FLASH_IMAGE_END:(__bl_FLASH_IMAGE_END - FLASH_APPLICATION_NSC_LENGTH)
                0x00000000                        __bl_RAM_NS_START = ! (DEFINED (FLASH_BOOTLOADER_LENGTH))?0x0:(FLASH_APPLICATION_NS_LENGTH == 0x0)?(RAM_START + RAM_LENGTH):((RAM_START + RAM_LENGTH) - RAM_APPLICATION_NS_LENGTH)
                0x00000000                        __bl_RAM_NSC_START = ! (DEFINED (FLASH_BOOTLOADER_LENGTH))?0x0:(FLASH_APPLICATION_NS_LENGTH == 0x0)?(RAM_START + RAM_LENGTH):(__bl_RAM_NS_START - RAM_APPLICATION_NSC_LENGTH)
                0x00000000                        __bl_FLASH_NS_IMAGE_START = ! (DEFINED (FLASH_BOOTLOADER_LENGTH))?0x0:(FLASH_APPLICATION_NS_LENGTH == 0x0)?__bl_FLASH_IMAGE_END:(__bl_FLASH_NS_START + FLASH_BOOTLOADER_HEADER_LENGTH_2)
                0x00000000                        __bln_FLASH_IMAGE_START = (__bl_FLASH_NS_IMAGE_START | ! (DEFINED (NS_OFFSET_START))?0x0:NS_OFFSET_START)
                0x00000000                        __bln_FLASH_IMAGE_LENGTH = ! (DEFINED (FLASH_BOOTLOADER_LENGTH))?0x0:(FLASH_APPLICATION_NS_LENGTH == 0x0)?__bl_FLASH_IMAGE_END:(FLASH_APPLICATION_NS_LENGTH - FLASH_BOOTLOADER_HEADER_LENGTH_2)
                0x00000000                        XIP_SECONDARY_SLOT_IMAGE = DEFINED (XIP_SECONDARY_SLOT_IMAGE)?XIP_SECONDARY_SLOT_IMAGE:0x0
                0x00010000                        FLASH_ORIGIN = ! (DEFINED (FLASH_IMAGE_START))?FLASH_START:(XIP_SECONDARY_SLOT_IMAGE == 0x1)?XIP_SECONDARY_FLASH_IMAGE_START:FLASH_IMAGE_START
                0x001f0000                        LIMITED_FLASH_LENGTH = DEFINED (FLASH_IMAGE_LENGTH)?FLASH_IMAGE_LENGTH:DEFINED (FLASH_BOOTLOADER_LENGTH)?FLASH_BOOTLOADER_LENGTH:FLASH_LENGTH
                0x00000034                        OPTION_SETTING_SAS_SIZE = 0x34
                0x0000004c                        OPTION_SETTING_SAS_LENGTH = ! (DEFINED (OPTION_SETTING_LENGTH))?0x0:(OPTION_SETTING_LENGTH == 0x0)?0x0:(OPTION_SETTING_LENGTH - OPTION_SETTING_SAS_SIZE)
START GROUP
LOAD C:/Renesas/RA/e2studio_v2024-07_fsp_v5.5.0/toolchains/gcc_arm/13.2.rel1/bin/../lib/gcc/arm-none-eabi/13.2.1/thumb/v8-m.main+fp/hard\libgcc.a
LOAD C:/Renesas/RA/e2studio_v2024-07_fsp_v5.5.0/toolchains/gcc_arm/13.2.rel1/bin/../lib/gcc/arm-none-eabi/13.2.1/thumb/v8-m.main+fp/hard\libc.a
LOAD C:/Renesas/RA/e2studio_v2024-07_fsp_v5.5.0/toolchains/gcc_arm/13.2.rel1/bin/../lib/gcc/arm-none-eabi/13.2.1/thumb/v8-m.main+fp/hard\libm.a
END GROUP

.text           0x00010000     0xff40
                0x00010000                        __tz_FLASH_S = ABSOLUTE (FLASH_START)
                0x00010000                        __ROM_Start = .
 *(.fixed_vectors*)
 .fixed_vectors
                0x00010000       0x40 ./ra/fsp/src/bsp/cmsis/Device/RENESAS/Source/startup.o
                0x00010000                __Vectors
 *(.application_vectors*)
 .application_vectors
                0x00010040      0x180 ./ra_gen/vector_data.o
                0x00010040                g_vector_table
                0x000101c0                        __Vectors_End = .
 *(.flash_gap*)
                0x000101c0                        . = (OPTION_SETTING_LENGTH > 0x0)?.:(__ROM_Start + 0x400)
 *(.rom_registers*)
 *(.mcuboot_sce9_key*)
 *(.text*)
 .text.deregister_tm_clones
                0x000101c0       0x1c C:/Renesas/RA/e2studio_v2024-07_fsp_v5.5.0/toolchains/gcc_arm/13.2.rel1/bin/../lib/gcc/arm-none-eabi/13.2.1/thumb/v8-m.main+fp/hard/crtbegin.o
 .text.register_tm_clones
                0x000101dc       0x28 C:/Renesas/RA/e2studio_v2024-07_fsp_v5.5.0/toolchains/gcc_arm/13.2.rel1/bin/../lib/gcc/arm-none-eabi/13.2.1/thumb/v8-m.main+fp/hard/crtbegin.o
 .text.__do_global_dtors_aux
                0x00010204       0x28 C:/Renesas/RA/e2studio_v2024-07_fsp_v5.5.0/toolchains/gcc_arm/13.2.rel1/bin/../lib/gcc/arm-none-eabi/13.2.1/thumb/v8-m.main+fp/hard/crtbegin.o
 .text.frame_dummy
                0x0001022c       0x24 C:/Renesas/RA/e2studio_v2024-07_fsp_v5.5.0/toolchains/gcc_arm/13.2.rel1/bin/../lib/gcc/arm-none-eabi/13.2.1/thumb/v8-m.main+fp/hard/crtbegin.o
 .text.debug_uart4_callback
                0x00010250       0x3c ./src/uart/nsc_bsp_uart.o
                0x00010250                debug_uart4_callback
 .text.Debug_UART4_Init
                0x0001028c       0x3c ./src/uart/nsc_bsp_uart.o
                0x0001028c                Debug_UART4_Init
 .text._write   0x000102c8       0x38 ./src/uart/nsc_bsp_uart.o
                0x000102c8                _write
 .text._read    0x00010300       0x28 ./src/uart/nsc_bsp_uart.o
                0x00010300                _read
 .text._isatty  0x00010328       0x18 ./src/uart/nsc_bsp_uart.o
                0x00010328                _isatty
 .text._close   0x00010340       0x1c ./src/uart/nsc_bsp_uart.o
                0x00010340                _close
 .text._lseek   0x0001035c       0x14 ./src/uart/nsc_bsp_uart.o
                0x0001035c                _lseek
 .text._fstat   0x00010370       0x1c ./src/uart/nsc_bsp_uart.o
                0x00010370                _fstat
 .text.canfd0_callback
                0x0001038c       0x94 ./src/canfd/nsc_bsp_canfd0.o
                0x0001038c                canfd0_callback
 .text.CANFD0_Init
                0x00010420       0x3c ./src/canfd/nsc_bsp_canfd0.o
                0x00010420                CANFD0_Init
 .text.canfd1_callback
                0x0001045c       0x94 ./src/canfd/nsc_bsp_canfd1.o
                0x0001045c                canfd1_callback
 .text.CANFD1_Init
                0x000104f0       0x3c ./src/canfd/nsc_bsp_canfd1.o
                0x000104f0                CANFD1_Init
 .text.SysTick_Init
                0x0001052c       0x4c ./src/SysTick/bsp_SysTick.o
                0x0001052c                SysTick_Init
 .text.system_get_time
                0x00010578       0x44 ./src/SysTick/bsp_SysTick.o
                0x00010578                system_get_time
 .text.net_thread_entry
                0x000105bc      0x208 ./src/net_thread_entry.o
                0x000105bc                net_thread_entry
 .text.R_BSP_WarmStart
                0x000107c4       0x18 ./src/net_thread_entry.o
                0x000107c4                R_BSP_WarmStart
 .text.ulApplicationGetNextSequenceNumber
                0x000107dc       0x38 ./src/net_user_app.o
                0x000107dc                ulApplicationGetNextSequenceNumber
 .text.vSendPing
                0x00010814       0x14 ./src/net_user_app.o
                0x00010814                vSendPing
 .text.vApplicationPingReplyHook
                0x00010828       0x18 ./src/net_user_app.o
                0x00010828                vApplicationPingReplyHook
 .text.xApplicationDHCPHook
                0x00010840       0x4c ./src/net_user_app.o
                0x00010840                xApplicationDHCPHook
 .text.print_pingResult
                0x0001088c       0x30 ./src/net_user_app.o
                0x0001088c                print_pingResult
 .text.print_ipconfig
                0x000108bc       0xdc ./src/net_user_app.o
                0x000108bc                print_ipconfig
 .text.isNetworkUp
                0x00010998       0x28 ./src/net_user_app.o
                0x00010998                isNetworkUp
 .text.updateDhcpResponseToUsr
                0x000109c0       0x28 ./src/net_user_app.o
                0x000109c0                updateDhcpResponseToUsr
 .text.pcApplicationHostnameHook
                0x000109e8        0x8 ./src/net_user_app.o
                0x000109e8                pcApplicationHostnameHook
 .text.vUDPSend
                0x000109f0       0xec ./src/net_user_app.o
                0x000109f0                vUDPSend
 .text.g_common_init
                0x00010adc        0x4 ./ra_gen/common_data.o
                0x00010adc                g_common_init
 .text.g_hal_init
                0x00010ae0        0x4 ./ra_gen/hal_data.o
                0x00010ae0                g_hal_init
 .text.rtos_startup_err_callback_internal
                0x00010ae4        0x4 ./ra_gen/main.o
                0x00010ae4                rtos_startup_err_callback
                0x00010ae4                rtos_startup_err_callback_internal
 .text.rtos_startup_common_init
                0x00010ae8       0x68 ./ra_gen/main.o
                0x00010ae8                rtos_startup_common_init
 .text.startup.main
                0x00010b50       0x44 ./ra_gen/main.o
                0x00010b50                main
 .text.vApplicationGetIdleTaskMemory
                0x00010b94       0x1c ./ra_gen/main.o
                0x00010b94                vApplicationGetIdleTaskMemory
 .text.vApplicationGetTimerTaskMemory
                0x00010bb0       0x1c ./ra_gen/main.o
                0x00010bb0                vApplicationGetTimerTaskMemory
 .text.net_thread_func
                0x00010bcc       0x18 ./ra_gen/net_thread.o
 .text.net_thread_create
                0x00010be4       0x58 ./ra_gen/net_thread.o
                0x00010be4                net_thread_create
 .text.prvTaskExitError
                0x00010c3c        0x4 ./ra/fsp/src/rm_freertos_port/port.o
 .text.SVC_Handler
                0x00010c40       0x18 ./ra/fsp/src/rm_freertos_port/port.o
                0x00010c40                SVC_Handler
 .text.vPortAllocateSecureContext
                0x00010c58        0x4 ./ra/fsp/src/rm_freertos_port/port.o
                0x00010c58                vPortAllocateSecureContext
 .text.vPortFreeSecureContext
                0x00010c5c       0x10 ./ra/fsp/src/rm_freertos_port/port.o
                0x00010c5c                vPortFreeSecureContext
 .text.PendSV_Handler
                0x00010c6c       0x64 ./ra/fsp/src/rm_freertos_port/port.o
                0x00010c6c                PendSV_Handler
 .text.rm_freertos_port_restore_task_stackless
                0x00010cd0       0x40 ./ra/fsp/src/rm_freertos_port/port.o
                0x00010cd0                rm_freertos_port_restore_task_stackless
 .text.SysTick_Handler
                0x00010d10       0x38 ./ra/fsp/src/rm_freertos_port/port.o
                0x00010d10                SysTick_Handler
 .text.vPortSVCHandler_C
                0x00010d48       0x9c ./ra/fsp/src/rm_freertos_port/port.o
                0x00010d48                vPortSVCHandler_C
 .text.pxPortInitialiseStack
                0x00010de4       0x38 ./ra/fsp/src/rm_freertos_port/port.o
                0x00010de4                pxPortInitialiseStack
 .text.vPortEnterCritical
                0x00010e1c       0x50 ./ra/fsp/src/rm_freertos_port/port.o
                0x00010e1c                vPortEnterCritical
 .text.vPortExitCritical
                0x00010e6c       0x3c ./ra/fsp/src/rm_freertos_port/port.o
                0x00010e6c                vPortExitCritical
 .text.rm_freertos_port_sleep_preserving_lpm
                0x00010ea8       0x6c ./ra/fsp/src/rm_freertos_port/port.o
                0x00010ea8                rm_freertos_port_sleep_preserving_lpm
 .text.vApplicationIdleHook
                0x00010f14       0x18 ./ra/fsp/src/rm_freertos_port/port.o
                0x00010f14                vApplicationIdleHook
 .text.vPortSetupTimerInterrupt
                0x00010f2c       0x44 ./ra/fsp/src/rm_freertos_port/port.o
                0x00010f2c                vPortSetupTimerInterrupt
 .text.xPortStartScheduler
                0x00010f70       0x3c ./ra/fsp/src/rm_freertos_port/port.o
                0x00010f70                xPortStartScheduler
 .text.vPortValidateInterruptPriority
                0x00010fac       0x5c ./ra/fsp/src/rm_freertos_port/port.o
                0x00010fac                vPortValidateInterruptPriority
 .text.xFSP_Eth_GetPhyLinkStatus
                0x00011008       0x1c ./ra/fsp/src/rm_freertos_plus_tcp/NetworkInterface.o
 .text.xFSP_Eth_NetworkInterfaceOutput
                0x00011024       0x40 ./ra/fsp/src/rm_freertos_plus_tcp/NetworkInterface.o
 .text.xFSP_Eth_NetworkInterfaceInitialise
                0x00011064       0xc4 ./ra/fsp/src/rm_freertos_plus_tcp/NetworkInterface.o
 .text.prvCheckLinkStatusTask
                0x00011128       0x64 ./ra/fsp/src/rm_freertos_plus_tcp/NetworkInterface.o
 .text.prvRXHandlerTask
                0x0001118c       0x8c ./ra/fsp/src/rm_freertos_plus_tcp/NetworkInterface.o
 .text.vEtherISRCallback
                0x00011218       0x40 ./ra/fsp/src/rm_freertos_plus_tcp/NetworkInterface.o
                0x00011218                vEtherISRCallback
 .text.pxFillInterfaceDescriptor
                0x00011258       0x50 ./ra/fsp/src/rm_freertos_plus_tcp/NetworkInterface.o
                0x00011258                pxFillInterfaceDescriptor
 .text.xApplicationGetRandomNumber
                0x000112a8       0x1c ./ra/fsp/src/rm_freertos_plus_tcp/NetworkInterface.o
                0x000112a8                xApplicationGetRandomNumber
 .text.bsp_vbatt_init
                0x000112c4       0xb4 ./ra/fsp/src/r_ioport/r_ioport.o
 .text.r_ioport_pins_config
                0x00011378       0xac ./ra/fsp/src/r_ioport/r_ioport.o
 .text.R_IOPORT_Open
                0x00011424       0x14 ./ra/fsp/src/r_ioport/r_ioport.o
                0x00011424                R_IOPORT_Open
 .text.R_ETHER_PHY_Close
                0x00011438       0x14 ./ra/fsp/src/r_ether_phy/r_ether_phy.o
                0x00011438                R_ETHER_PHY_Close
 .text.ether_phy_mii_write1
                0x0001144c       0x44 ./ra/fsp/src/r_ether_phy/r_ether_phy.o
 .text.ether_phy_mii_write0
                0x00011490       0x44 ./ra/fsp/src/r_ether_phy/r_ether_phy.o
 .text.ether_phy_mii_writez
                0x000114d4       0x44 ./ra/fsp/src/r_ether_phy/r_ether_phy.o
 .text.R_ETHER_PHY_Read
                0x00011518       0xd8 ./ra/fsp/src/r_ether_phy/r_ether_phy.o
                0x00011518                R_ETHER_PHY_Read
 .text.R_ETHER_PHY_LinkStatusGet
                0x000115f0       0x2c ./ra/fsp/src/r_ether_phy/r_ether_phy.o
                0x000115f0                R_ETHER_PHY_LinkStatusGet
 .text.R_ETHER_PHY_LinkPartnerAbilityGet
                0x0001161c       0xc4 ./ra/fsp/src/r_ether_phy/r_ether_phy.o
                0x0001161c                R_ETHER_PHY_LinkPartnerAbilityGet
 .text.R_ETHER_PHY_Write
                0x000116e0       0x94 ./ra/fsp/src/r_ether_phy/r_ether_phy.o
                0x000116e0                R_ETHER_PHY_Write
 .text.R_ETHER_PHY_StartAutoNegotiate
                0x00011774       0x44 ./ra/fsp/src/r_ether_phy/r_ether_phy.o
                0x00011774                R_ETHER_PHY_StartAutoNegotiate
 .text.R_ETHER_PHY_Open
                0x000117b8       0x78 ./ra/fsp/src/r_ether_phy/r_ether_phy.o
                0x000117b8                R_ETHER_PHY_Open
 .text.R_ETHER_PHY_ChipInit
                0x00011830       0x48 ./ra/fsp/src/r_ether_phy/r_ether_phy.o
                0x00011830                R_ETHER_PHY_ChipInit
 .text.R_ETHER_RxBufferUpdate
                0x00011878       0x40 ./ra/fsp/src/r_ether/r_ether.o
                0x00011878                R_ETHER_RxBufferUpdate
 .text.R_ETHER_TxStatusGet
                0x000118b8       0x38 ./ra/fsp/src/r_ether/r_ether.o
                0x000118b8                R_ETHER_TxStatusGet
 .text.R_ETHER_CallbackSet
                0x000118f0       0x10 ./ra/fsp/src/r_ether/r_ether.o
                0x000118f0                R_ETHER_CallbackSet
 .text.R_ETHER_Close
                0x00011900       0x94 ./ra/fsp/src/r_ether/r_ether.o
                0x00011900                R_ETHER_Close
 .text.ether_init_buffers
                0x00011994       0x34 ./ra/fsp/src/r_ether/r_ether.o
 .text.R_ETHER_Open
                0x000119c8      0x190 ./ra/fsp/src/r_ether/r_ether.o
                0x000119c8                R_ETHER_Open
 .text.R_ETHER_Write
                0x00011b58       0x80 ./ra/fsp/src/r_ether/r_ether.o
                0x00011b58                R_ETHER_Write
 .text.R_ETHER_BufferRelease
                0x00011bd8       0x50 ./ra/fsp/src/r_ether/r_ether.o
                0x00011bd8                R_ETHER_BufferRelease
 .text.ether_do_link
                0x00011c28      0x164 ./ra/fsp/src/r_ether/r_ether.o
 .text.ether_call_callback.isra.0
                0x00011d8c       0x54 ./ra/fsp/src/r_ether/r_ether.o
 .text.ether_configure_mac
                0x00011de0      0x19c ./ra/fsp/src/r_ether/r_ether.o
 .text.R_ETHER_LinkProcess
                0x00011f7c      0x108 ./ra/fsp/src/r_ether/r_ether.o
                0x00011f7c                R_ETHER_LinkProcess
 .text.R_ETHER_WakeOnLANEnable
                0x00012084       0x44 ./ra/fsp/src/r_ether/r_ether.o
                0x00012084                R_ETHER_WakeOnLANEnable
 .text.R_ETHER_Read
                0x000120c8       0xc8 ./ra/fsp/src/r_ether/r_ether.o
                0x000120c8                R_ETHER_Read
 .text.ether_eint_isr
                0x00012190       0xbc ./ra/fsp/src/r_ether/r_ether.o
                0x00012190                ether_eint_isr
 .text.g_bsp_clock_update_callback
                0x0001224c       0x2c ./ra/fsp/src/bsp/mcu/all/bsp_clocks.o
 .text.SystemCoreClockUpdate
                0x00012278       0x28 ./ra/fsp/src/bsp/mcu/all/bsp_clocks.o
                0x00012278                SystemCoreClockUpdate
 .text.bsp_clock_freq_var_init
                0x000122a0       0x70 ./ra/fsp/src/bsp/mcu/all/bsp_clocks.o
                0x000122a0                bsp_clock_freq_var_init
 .text.bsp_init_internal
                0x00012310        0x4 ./ra/fsp/src/bsp/mcu/all/bsp_common.o
                0x00012310                bsp_init_internal
                0x00012310                bsp_init
 .text.__assert_func
                0x00012314        0x4 ./ra/fsp/src/bsp/mcu/all/bsp_common.o
                0x00012314                __assert_func
 .text.bsp_prv_software_delay_loop
                0x00012318        0xc ./ra/fsp/src/bsp/mcu/all/bsp_delay.o
                0x00012318                bsp_prv_software_delay_loop
 .text.R_BSP_SoftwareDelay
                0x00012324       0x58 ./ra/fsp/src/bsp/mcu/all/bsp_delay.o
                0x00012324                R_BSP_SoftwareDelay
 .text.NMI_Handler
                0x0001237c       0x3c ./ra/fsp/src/bsp/mcu/all/bsp_group_irq.o
                0x0001237c                NMI_Handler
 .text.bsp_irq_cfg
                0x000123b8       0x30 ./ra/fsp/src/bsp/mcu/all/bsp_irq.o
                0x000123b8                bsp_irq_cfg
 .text.R_BSP_RegisterProtectEnable
                0x000123e8       0x60 ./ra/fsp/src/bsp/mcu/all/bsp_register_protection.o
                0x000123e8                R_BSP_RegisterProtectEnable
 .text.R_BSP_RegisterProtectDisable
                0x00012448       0x54 ./ra/fsp/src/bsp/mcu/all/bsp_register_protection.o
                0x00012448                R_BSP_RegisterProtectDisable
 .text._sbrk    0x0001249c       0x40 ./ra/fsp/src/bsp/mcu/all/bsp_sbrk.o
                0x0001249c                _sbrk
 .text.Default_Handler
                0x000124dc        0x4 ./ra/fsp/src/bsp/cmsis/Device/RENESAS/Source/startup.o
                0x000124dc                HardFault_Handler
                0x000124dc                UsageFault_Handler
                0x000124dc                SecureFault_Handler
                0x000124dc                Default_Handler
                0x000124dc                MemManage_Handler
                0x000124dc                BusFault_Handler
                0x000124dc                DebugMon_Handler
 .text.Reset_Handler
                0x000124e0        0xc ./ra/fsp/src/bsp/cmsis/Device/RENESAS/Source/startup.o
                0x000124e0                Reset_Handler
 .text.SystemInit
                0x000124ec       0x98 ./ra/fsp/src/bsp/cmsis/Device/RENESAS/Source/system.o
                0x000124ec                SystemInit
 .text.prvInsertBlockIntoFreeList
                0x00012584       0x60 ./ra/aws/FreeRTOS/FreeRTOS/Source/portable/MemMang/heap_4.o
 .text.pvPortMalloc
                0x000125e4      0x130 ./ra/aws/FreeRTOS/FreeRTOS/Source/portable/MemMang/heap_4.o
                0x000125e4                pvPortMalloc
 .text.vPortFree
                0x00012714       0x84 ./ra/aws/FreeRTOS/FreeRTOS/Source/portable/MemMang/heap_4.o
                0x00012714                vPortFree
 .text.xEventGroupCreate
                0x00012798       0x1c ./ra/aws/FreeRTOS/FreeRTOS/Source/event_groups.o
                0x00012798                xEventGroupCreate
 .text.xEventGroupWaitBits
                0x000127b4      0x148 ./ra/aws/FreeRTOS/FreeRTOS/Source/event_groups.o
                0x000127b4                xEventGroupWaitBits
 .text.xEventGroupSetBits
                0x000128fc       0x98 ./ra/aws/FreeRTOS/FreeRTOS/Source/event_groups.o
                0x000128fc                xEventGroupSetBits
 .text.vEventGroupDelete
                0x00012994       0x68 ./ra/aws/FreeRTOS/FreeRTOS/Source/event_groups.o
                0x00012994                vEventGroupDelete
 .text.vListInitialise
                0x000129fc       0x18 ./ra/aws/FreeRTOS/FreeRTOS/Source/list.o
                0x000129fc                vListInitialise
 .text.vListInitialiseItem
                0x00012a14        0x8 ./ra/aws/FreeRTOS/FreeRTOS/Source/list.o
                0x00012a14                vListInitialiseItem
 .text.vListInsertEnd
                0x00012a1c       0x18 ./ra/aws/FreeRTOS/FreeRTOS/Source/list.o
                0x00012a1c                vListInsertEnd
 .text.vListInsert
                0x00012a34       0x30 ./ra/aws/FreeRTOS/FreeRTOS/Source/list.o
                0x00012a34                vListInsert
 .text.uxListRemove
                0x00012a64       0x24 ./ra/aws/FreeRTOS/FreeRTOS/Source/list.o
                0x00012a64                uxListRemove
 .text.prvCopyDataToQueue
                0x00012a88       0x60 ./ra/aws/FreeRTOS/FreeRTOS/Source/queue.o
 .text.prvUnlockQueue
                0x00012ae8       0x8c ./ra/aws/FreeRTOS/FreeRTOS/Source/queue.o
 .text.xQueueGenericReset
                0x00012b74       0xbc ./ra/aws/FreeRTOS/FreeRTOS/Source/queue.o
                0x00012b74                xQueueGenericReset
 .text.xQueueGenericCreateStatic
                0x00012c30       0x84 ./ra/aws/FreeRTOS/FreeRTOS/Source/queue.o
                0x00012c30                xQueueGenericCreateStatic
 .text.xQueueCreateCountingSemaphoreStatic
                0x00012cb4       0x7c ./ra/aws/FreeRTOS/FreeRTOS/Source/queue.o
                0x00012cb4                xQueueCreateCountingSemaphoreStatic
 .text.xQueueGenericSend
                0x00012d30      0x198 ./ra/aws/FreeRTOS/FreeRTOS/Source/queue.o
                0x00012d30                xQueueGenericSend
 .text.xQueueReceive
                0x00012ec8      0x178 ./ra/aws/FreeRTOS/FreeRTOS/Source/queue.o
                0x00012ec8                xQueueReceive
 .text.xQueueSemaphoreTake
                0x00013040      0x154 ./ra/aws/FreeRTOS/FreeRTOS/Source/queue.o
                0x00013040                xQueueSemaphoreTake
 .text.uxQueueMessagesWaiting
                0x00013194       0x30 ./ra/aws/FreeRTOS/FreeRTOS/Source/queue.o
                0x00013194                uxQueueMessagesWaiting
 .text.vQueueDelete
                0x000131c4       0x60 ./ra/aws/FreeRTOS/FreeRTOS/Source/queue.o
                0x000131c4                vQueueDelete
 .text.vQueueAddToRegistry
                0x00013224       0x64 ./ra/aws/FreeRTOS/FreeRTOS/Source/queue.o
                0x00013224                vQueueAddToRegistry
 .text.vQueueWaitForMessageRestricted
                0x00013288       0x50 ./ra/aws/FreeRTOS/FreeRTOS/Source/queue.o
                0x00013288                vQueueWaitForMessageRestricted
 .text.prvAddNewTaskToReadyList
                0x000132d8      0x128 ./ra/aws/FreeRTOS/FreeRTOS/Source/tasks.o
 .text.prvAddCurrentTaskToDelayedList
                0x00013400       0xa4 ./ra/aws/FreeRTOS/FreeRTOS/Source/tasks.o
 .text.prvInitialiseNewTask.constprop.0
                0x000134a4       0x9c ./ra/aws/FreeRTOS/FreeRTOS/Source/tasks.o
 .text.prvIdleTask
                0x00013540       0x8c ./ra/aws/FreeRTOS/FreeRTOS/Source/tasks.o
 .text.xTaskIncrementTick.part.0
                0x000135cc      0x1b8 ./ra/aws/FreeRTOS/FreeRTOS/Source/tasks.o
 .text.xTaskCreateStatic
                0x00013784       0x9c ./ra/aws/FreeRTOS/FreeRTOS/Source/tasks.o
                0x00013784                xTaskCreateStatic
 .text.xTaskCreate
                0x00013820       0x64 ./ra/aws/FreeRTOS/FreeRTOS/Source/tasks.o
                0x00013820                xTaskCreate
 .text.vTaskStartScheduler
                0x00013884       0x94 ./ra/aws/FreeRTOS/FreeRTOS/Source/tasks.o
                0x00013884                vTaskStartScheduler
 .text.vTaskSuspendAll
                0x00013918       0x10 ./ra/aws/FreeRTOS/FreeRTOS/Source/tasks.o
                0x00013918                vTaskSuspendAll
 .text.xTaskResumeAll
                0x00013928      0x1d0 ./ra/aws/FreeRTOS/FreeRTOS/Source/tasks.o
                0x00013928                xTaskResumeAll
 .text.vTaskDelay
                0x00013af8       0x50 ./ra/aws/FreeRTOS/FreeRTOS/Source/tasks.o
                0x00013af8                vTaskDelay
 .text.xTaskGetTickCount
                0x00013b48        0xc ./ra/aws/FreeRTOS/FreeRTOS/Source/tasks.o
                0x00013b48                xTaskGetTickCount
 .text.xTaskIncrementTick
                0x00013b54       0x20 ./ra/aws/FreeRTOS/FreeRTOS/Source/tasks.o
                0x00013b54                xTaskIncrementTick
 .text.vTaskSwitchContext
                0x00013b74       0x90 ./ra/aws/FreeRTOS/FreeRTOS/Source/tasks.o
                0x00013b74                vTaskSwitchContext
 .text.vTaskPlaceOnEventList
                0x00013c04       0x3c ./ra/aws/FreeRTOS/FreeRTOS/Source/tasks.o
                0x00013c04                vTaskPlaceOnEventList
 .text.vTaskPlaceOnUnorderedEventList
                0x00013c40       0x78 ./ra/aws/FreeRTOS/FreeRTOS/Source/tasks.o
                0x00013c40                vTaskPlaceOnUnorderedEventList
 .text.vTaskPlaceOnEventListRestricted
                0x00013cb8       0x64 ./ra/aws/FreeRTOS/FreeRTOS/Source/tasks.o
                0x00013cb8                vTaskPlaceOnEventListRestricted
 .text.xTaskRemoveFromEventList
                0x00013d1c       0xf0 ./ra/aws/FreeRTOS/FreeRTOS/Source/tasks.o
                0x00013d1c                xTaskRemoveFromEventList
 .text.vTaskRemoveFromUnorderedEventList
                0x00013e0c       0xe4 ./ra/aws/FreeRTOS/FreeRTOS/Source/tasks.o
                0x00013e0c                vTaskRemoveFromUnorderedEventList
 .text.vTaskSetTimeOutState
                0x00013ef0       0x40 ./ra/aws/FreeRTOS/FreeRTOS/Source/tasks.o
                0x00013ef0                vTaskSetTimeOutState
 .text.vTaskInternalSetTimeOutState
                0x00013f30       0x18 ./ra/aws/FreeRTOS/FreeRTOS/Source/tasks.o
                0x00013f30                vTaskInternalSetTimeOutState
 .text.xTaskCheckForTimeOut
                0x00013f48       0x90 ./ra/aws/FreeRTOS/FreeRTOS/Source/tasks.o
                0x00013f48                xTaskCheckForTimeOut
 .text.vTaskMissedYield
                0x00013fd8        0xc ./ra/aws/FreeRTOS/FreeRTOS/Source/tasks.o
                0x00013fd8                vTaskMissedYield
 .text.xTaskGetCurrentTaskHandle
                0x00013fe4        0xc ./ra/aws/FreeRTOS/FreeRTOS/Source/tasks.o
                0x00013fe4                xTaskGetCurrentTaskHandle
 .text.xTaskGetSchedulerState
                0x00013ff0       0x20 ./ra/aws/FreeRTOS/FreeRTOS/Source/tasks.o
                0x00013ff0                xTaskGetSchedulerState
 .text.uxTaskResetEventItemValue
                0x00014010       0x18 ./ra/aws/FreeRTOS/FreeRTOS/Source/tasks.o
                0x00014010                uxTaskResetEventItemValue
 .text.ulTaskGenericNotifyTake
                0x00014028       0x88 ./ra/aws/FreeRTOS/FreeRTOS/Source/tasks.o
                0x00014028                ulTaskGenericNotifyTake
 .text.vTaskGenericNotifyGiveFromISR
                0x000140b0      0x12c ./ra/aws/FreeRTOS/FreeRTOS/Source/tasks.o
                0x000140b0                vTaskGenericNotifyGiveFromISR
 .text.prvCheckForValidListAndQueue
                0x000141dc       0x6c ./ra/aws/FreeRTOS/FreeRTOS/Source/timers.o
 .text.prvProcessExpiredTimer
                0x00014248       0x90 ./ra/aws/FreeRTOS/FreeRTOS/Source/timers.o
 .text.prvTimerTask
                0x000142d8      0x250 ./ra/aws/FreeRTOS/FreeRTOS/Source/timers.o
 .text.xTimerCreateTimerTask
                0x00014528       0x6c ./ra/aws/FreeRTOS/FreeRTOS/Source/timers.o
                0x00014528                xTimerCreateTimerTask
 .text.xNetworkBuffersInitialise
                0x00014594       0x98 ./ra/aws/FreeRTOS/FreeRTOS-Plus/Source/FreeRTOS-Plus-TCP/source/portable/BufferManagement/BufferAllocation_2.o
                0x00014594                xNetworkBuffersInitialise
 .text.vReleaseNetworkBufferAndDescriptor
                0x0001462c       0x4c ./ra/aws/FreeRTOS/FreeRTOS-Plus/Source/FreeRTOS-Plus-TCP/source/portable/BufferManagement/BufferAllocation_2.o
                0x0001462c                vReleaseNetworkBufferAndDescriptor
 .text.pxGetNetworkBufferWithDescriptor
                0x00014678       0xc4 ./ra/aws/FreeRTOS/FreeRTOS-Plus/Source/FreeRTOS-Plus-TCP/source/portable/BufferManagement/BufferAllocation_2.o
                0x00014678                pxGetNetworkBufferWithDescriptor
 .text.uxGetNumberOfFreeNetworkBuffers
                0x0001473c        0xc ./ra/aws/FreeRTOS/FreeRTOS-Plus/Source/FreeRTOS-Plus-TCP/source/portable/BufferManagement/BufferAllocation_2.o
                0x0001473c                uxGetNumberOfFreeNetworkBuffers
 .text.vARPRefreshCacheEntry.part.0
                0x00014748      0x154 ./ra/aws/FreeRTOS/FreeRTOS-Plus/Source/FreeRTOS-Plus-TCP/source/FreeRTOS_ARP.o
 .text.vARPRefreshCacheEntryAge
                0x0001489c       0x44 ./ra/aws/FreeRTOS/FreeRTOS-Plus/Source/FreeRTOS-Plus-TCP/source/FreeRTOS_ARP.o
                0x0001489c                vARPRefreshCacheEntryAge
 .text.vARPRefreshCacheEntry
                0x000148e0       0x24 ./ra/aws/FreeRTOS/FreeRTOS-Plus/Source/FreeRTOS-Plus-TCP/source/FreeRTOS_ARP.o
                0x000148e0                vARPRefreshCacheEntry
 .text.eARPGetCacheEntry
                0x00014904      0x130 ./ra/aws/FreeRTOS/FreeRTOS-Plus/Source/FreeRTOS-Plus-TCP/source/FreeRTOS_ARP.o
                0x00014904                eARPGetCacheEntry
 .text.vARPSendGratuitous
                0x00014a34       0x10 ./ra/aws/FreeRTOS/FreeRTOS-Plus/Source/FreeRTOS-Plus-TCP/source/FreeRTOS_ARP.o
                0x00014a34                vARPSendGratuitous
 .text.vARPGenerateRequestPacket
                0x00014a44       0xc0 ./ra/aws/FreeRTOS/FreeRTOS-Plus/Source/FreeRTOS-Plus-TCP/source/FreeRTOS_ARP.o
                0x00014a44                vARPGenerateRequestPacket
 .text.FreeRTOS_OutputARPRequest_Multi.part.0
                0x00014b04       0x5c ./ra/aws/FreeRTOS/FreeRTOS-Plus/Source/FreeRTOS-Plus-TCP/source/FreeRTOS_ARP.o
 .text.FreeRTOS_OutputARPRequest_Multi
                0x00014b60       0x14 ./ra/aws/FreeRTOS/FreeRTOS-Plus/Source/FreeRTOS-Plus-TCP/source/FreeRTOS_ARP.o
                0x00014b60                FreeRTOS_OutputARPRequest_Multi
 .text.eARPProcessPacket
                0x00014b74      0x220 ./ra/aws/FreeRTOS/FreeRTOS-Plus/Source/FreeRTOS-Plus-TCP/source/FreeRTOS_ARP.o
                0x00014b74                eARPProcessPacket
 .text.FreeRTOS_OutputARPRequest
                0x00014d94       0x24 ./ra/aws/FreeRTOS/FreeRTOS-Plus/Source/FreeRTOS-Plus-TCP/source/FreeRTOS_ARP.o
                0x00014d94                FreeRTOS_OutputARPRequest
 .text.vARPAgeCache
                0x00014db8       0xa0 ./ra/aws/FreeRTOS/FreeRTOS-Plus/Source/FreeRTOS-Plus-TCP/source/FreeRTOS_ARP.o
                0x00014db8                vARPAgeCache
 .text.xCheckRequiresARPResolution
                0x00014e58       0x60 ./ra/aws/FreeRTOS/FreeRTOS-Plus/Source/FreeRTOS-Plus-TCP/source/FreeRTOS_ARP.o
                0x00014e58                xCheckRequiresARPResolution
 .text.FreeRTOS_ClearARP
                0x00014eb8       0x34 ./ra/aws/FreeRTOS/FreeRTOS-Plus/Source/FreeRTOS-Plus-TCP/source/FreeRTOS_ARP.o
                0x00014eb8                FreeRTOS_ClearARP
 .text.prvProcessDHCPReplies
                0x00014eec      0x2b0 ./ra/aws/FreeRTOS/FreeRTOS-Plus/Source/FreeRTOS-Plus-TCP/source/FreeRTOS_DHCP.o
 .text.prvCreatePartDHCPMessage.constprop.0
                0x0001519c      0x104 ./ra/aws/FreeRTOS/FreeRTOS-Plus/Source/FreeRTOS-Plus-TCP/source/FreeRTOS_DHCP.o
 .text.prvSendDHCPRequest
                0x000152a0       0x7c ./ra/aws/FreeRTOS/FreeRTOS-Plus/Source/FreeRTOS-Plus-TCP/source/FreeRTOS_DHCP.o
 .text.prvSendDHCPDiscover
                0x0001531c       0xac ./ra/aws/FreeRTOS/FreeRTOS-Plus/Source/FreeRTOS-Plus-TCP/source/FreeRTOS_DHCP.o
 .text.prvCreateDHCPSocket
                0x000153c8       0xe0 ./ra/aws/FreeRTOS/FreeRTOS-Plus/Source/FreeRTOS-Plus-TCP/source/FreeRTOS_DHCP.o
 .text.vDHCPProcessEndPoint
                0x000154a8      0x3cc ./ra/aws/FreeRTOS/FreeRTOS-Plus/Source/FreeRTOS-Plus-TCP/source/FreeRTOS_DHCP.o
 .text.xIsDHCPSocket
                0x00015874       0x14 ./ra/aws/FreeRTOS/FreeRTOS-Plus/Source/FreeRTOS-Plus-TCP/source/FreeRTOS_DHCP.o
                0x00015874                xIsDHCPSocket
 .text.vDHCPProcess
                0x00015888      0x114 ./ra/aws/FreeRTOS/FreeRTOS-Plus/Source/FreeRTOS-Plus-TCP/source/FreeRTOS_DHCP.o
                0x00015888                vDHCPProcess
 .text.vDHCPStop
                0x0001599c       0x40 ./ra/aws/FreeRTOS/FreeRTOS-Plus/Source/FreeRTOS-Plus-TCP/source/FreeRTOS_DHCP.o
                0x0001599c                vDHCPStop
 .text.FreeRTOS_dnsclear
                0x000159dc       0x20 ./ra/aws/FreeRTOS/FreeRTOS-Plus/Source/FreeRTOS-Plus-TCP/source/FreeRTOS_DNS_Cache.o
                0x000159dc                FreeRTOS_dnsclear
 .text.ProcessICMPPacket
                0x000159fc       0xb4 ./ra/aws/FreeRTOS/FreeRTOS-Plus/Source/FreeRTOS-Plus-TCP/source/FreeRTOS_ICMP.o
                0x000159fc                ProcessICMPPacket
 .text.FreeRTOS_GetIPTaskHandle
                0x00015ab0        0xc ./ra/aws/FreeRTOS/FreeRTOS-Plus/Source/FreeRTOS-Plus-TCP/source/FreeRTOS_IP.o
                0x00015ab0                FreeRTOS_GetIPTaskHandle
 .text.vIPNetworkUpCalls
                0x00015abc       0x18 ./ra/aws/FreeRTOS/FreeRTOS-Plus/Source/FreeRTOS-Plus-TCP/source/FreeRTOS_IP.o
                0x00015abc                vIPNetworkUpCalls
 .text.FreeRTOS_NetworkDown
                0x00015ad4       0x48 ./ra/aws/FreeRTOS/FreeRTOS-Plus/Source/FreeRTOS-Plus-TCP/source/FreeRTOS_IP.o
                0x00015ad4                FreeRTOS_NetworkDown
 .text.FreeRTOS_IPInit_Multi
                0x00015b1c       0xb0 ./ra/aws/FreeRTOS/FreeRTOS-Plus/Source/FreeRTOS-Plus-TCP/source/FreeRTOS_IP.o
                0x00015b1c                FreeRTOS_IPInit_Multi
 .text.FreeRTOS_IPInit
                0x00015bcc       0x54 ./ra/aws/FreeRTOS/FreeRTOS-Plus/Source/FreeRTOS-Plus-TCP/source/FreeRTOS_IP.o
                0x00015bcc                FreeRTOS_IPInit
 .text.FreeRTOS_ReleaseUDPPayloadBuffer
                0x00015c20       0x2c ./ra/aws/FreeRTOS/FreeRTOS-Plus/Source/FreeRTOS-Plus-TCP/source/FreeRTOS_IP.o
                0x00015c20                FreeRTOS_ReleaseUDPPayloadBuffer
 .text.xSendEventToIPTask
                0x00015c4c       0x50 ./ra/aws/FreeRTOS/FreeRTOS-Plus/Source/FreeRTOS-Plus-TCP/source/FreeRTOS_IP.o
                0x00015c4c                xSendEventToIPTask
 .text.xSendEventStructToIPTask
                0x00015c9c       0x54 ./ra/aws/FreeRTOS/FreeRTOS-Plus/Source/FreeRTOS-Plus-TCP/source/FreeRTOS_IP.o
                0x00015c9c                xSendEventStructToIPTask
 .text.FreeRTOS_SendPingRequest
                0x00015cf0       0xb0 ./ra/aws/FreeRTOS/FreeRTOS-Plus/Source/FreeRTOS-Plus-TCP/source/FreeRTOS_IP.o
                0x00015cf0                FreeRTOS_SendPingRequest
 .text.eConsiderFrameForProcessing
                0x00015da0       0x48 ./ra/aws/FreeRTOS/FreeRTOS-Plus/Source/FreeRTOS-Plus-TCP/source/FreeRTOS_IP.o
                0x00015da0                eConsiderFrameForProcessing
 .text.vReturnEthernetFrame
                0x00015de8       0xe0 ./ra/aws/FreeRTOS/FreeRTOS-Plus/Source/FreeRTOS-Plus-TCP/source/FreeRTOS_IP.o
                0x00015de8                vReturnEthernetFrame
 .text.prvIPTask
                0x00015ec8      0x360 ./ra/aws/FreeRTOS/FreeRTOS-Plus/Source/FreeRTOS-Plus-TCP/source/FreeRTOS_IP.o
 .text.FreeRTOS_GetGatewayAddress
                0x00016228       0x10 ./ra/aws/FreeRTOS/FreeRTOS-Plus/Source/FreeRTOS-Plus-TCP/source/FreeRTOS_IP.o
                0x00016228                FreeRTOS_GetGatewayAddress
 .text.FreeRTOS_GetDNSServerAddress
                0x00016238       0x10 ./ra/aws/FreeRTOS/FreeRTOS-Plus/Source/FreeRTOS-Plus-TCP/source/FreeRTOS_IP.o
                0x00016238                FreeRTOS_GetDNSServerAddress
 .text.FreeRTOS_GetNetmask
                0x00016248       0x10 ./ra/aws/FreeRTOS/FreeRTOS-Plus/Source/FreeRTOS-Plus-TCP/source/FreeRTOS_IP.o
                0x00016248                FreeRTOS_GetNetmask
 .text.xIPIsNetworkTaskReady
                0x00016258        0xc ./ra/aws/FreeRTOS/FreeRTOS-Plus/Source/FreeRTOS-Plus-TCP/source/FreeRTOS_IP.o
                0x00016258                xIPIsNetworkTaskReady
 .text.FreeRTOS_IsNetworkUp
                0x00016264       0x24 ./ra/aws/FreeRTOS/FreeRTOS-Plus/Source/FreeRTOS-Plus-TCP/source/FreeRTOS_IP.o
                0x00016264                FreeRTOS_IsNetworkUp
 .text.FreeRTOS_IsEndPointUp
                0x00016288       0x30 ./ra/aws/FreeRTOS/FreeRTOS-Plus/Source/FreeRTOS-Plus-TCP/source/FreeRTOS_IP.o
                0x00016288                FreeRTOS_IsEndPointUp
 .text.uxIPHeaderSizePacket
                0x000162b8       0x14 ./ra/aws/FreeRTOS/FreeRTOS-Plus/Source/FreeRTOS-Plus-TCP/source/FreeRTOS_IP.o
                0x000162b8                uxIPHeaderSizePacket
 .text.uxIPHeaderSizeSocket
                0x000162cc       0x14 ./ra/aws/FreeRTOS/FreeRTOS-Plus/Source/FreeRTOS-Plus-TCP/source/FreeRTOS_IP.o
                0x000162cc                uxIPHeaderSizeSocket
 .text.prvIPTimerCheck
                0x000162e0       0x54 ./ra/aws/FreeRTOS/FreeRTOS-Plus/Source/FreeRTOS-Plus-TCP/source/FreeRTOS_IP_Timers.o
 .text.xCalculateSleepTime
                0x00016334       0x58 ./ra/aws/FreeRTOS/FreeRTOS-Plus/Source/FreeRTOS-Plus-TCP/source/FreeRTOS_IP_Timers.o
                0x00016334                xCalculateSleepTime
 .text.vCheckNetworkTimers
                0x0001638c      0x11c ./ra/aws/FreeRTOS/FreeRTOS-Plus/Source/FreeRTOS-Plus-TCP/source/FreeRTOS_IP_Timers.o
                0x0001638c                vCheckNetworkTimers
 .text.vIPTimerStartARPResolution
                0x000164a8       0x30 ./ra/aws/FreeRTOS/FreeRTOS-Plus/Source/FreeRTOS-Plus-TCP/source/FreeRTOS_IP_Timers.o
                0x000164a8                vIPTimerStartARPResolution
 .text.vTCPTimerReload
                0x000164d8       0x2c ./ra/aws/FreeRTOS/FreeRTOS-Plus/Source/FreeRTOS-Plus-TCP/source/FreeRTOS_IP_Timers.o
                0x000164d8                vTCPTimerReload
 .text.vARPTimerReload
                0x00016504       0x2c ./ra/aws/FreeRTOS/FreeRTOS-Plus/Source/FreeRTOS-Plus-TCP/source/FreeRTOS_IP_Timers.o
                0x00016504                vARPTimerReload
 .text.vDHCP_RATimerReload
                0x00016530       0x2c ./ra/aws/FreeRTOS/FreeRTOS-Plus/Source/FreeRTOS-Plus-TCP/source/FreeRTOS_IP_Timers.o
                0x00016530                vDHCP_RATimerReload
 .text.vNetworkTimerReload
                0x0001655c       0x2c ./ra/aws/FreeRTOS/FreeRTOS-Plus/Source/FreeRTOS-Plus-TCP/source/FreeRTOS_IP_Timers.o
                0x0001655c                vNetworkTimerReload
 .text.vIPSetTCPTimerExpiredState
                0x00016588       0x20 ./ra/aws/FreeRTOS/FreeRTOS-Plus/Source/FreeRTOS-Plus-TCP/source/FreeRTOS_IP_Timers.o
                0x00016588                vIPSetTCPTimerExpiredState
 .text.vIPSetARPTimerEnableState
                0x000165a8       0x18 ./ra/aws/FreeRTOS/FreeRTOS-Plus/Source/FreeRTOS-Plus-TCP/source/FreeRTOS_IP_Timers.o
                0x000165a8                vIPSetARPTimerEnableState
 .text.vIPSetARPResolutionTimerEnableState
                0x000165c0       0x18 ./ra/aws/FreeRTOS/FreeRTOS-Plus/Source/FreeRTOS-Plus-TCP/source/FreeRTOS_IP_Timers.o
                0x000165c0                vIPSetARPResolutionTimerEnableState
 .text.vIPSetDHCP_RATimerEnableState
                0x000165d8       0x14 ./ra/aws/FreeRTOS/FreeRTOS-Plus/Source/FreeRTOS-Plus-TCP/source/FreeRTOS_IP_Timers.o
                0x000165d8                vIPSetDHCP_RATimerEnableState
 .text.vSetAllNetworksUp
                0x000165ec        0xc ./ra/aws/FreeRTOS/FreeRTOS-Plus/Source/FreeRTOS-Plus-TCP/source/FreeRTOS_IP_Timers.o
                0x000165ec                vSetAllNetworksUp
 .text.prvSetChecksumInPacket
                0x000165f8       0x2c ./ra/aws/FreeRTOS/FreeRTOS-Plus/Source/FreeRTOS-Plus-TCP/source/FreeRTOS_IP_Utils.o
 .text.xSendDHCPEvent
                0x00016624       0x24 ./ra/aws/FreeRTOS/FreeRTOS-Plus/Source/FreeRTOS-Plus-TCP/source/FreeRTOS_IP_Utils.o
                0x00016624                xSendDHCPEvent
 .text.pxUDPPayloadBuffer_to_NetworkBuffer
                0x00016648       0x38 ./ra/aws/FreeRTOS/FreeRTOS-Plus/Source/FreeRTOS-Plus-TCP/source/FreeRTOS_IP_Utils.o
                0x00016648                pxUDPPayloadBuffer_to_NetworkBuffer
 .text.xIsCallingFromIPTask
                0x00016680       0x18 ./ra/aws/FreeRTOS/FreeRTOS-Plus/Source/FreeRTOS-Plus-TCP/source/FreeRTOS_IP_Utils.o
                0x00016680                xIsCallingFromIPTask
 .text.prvProcessNetworkDownEvent
                0x00016698      0x104 ./ra/aws/FreeRTOS/FreeRTOS-Plus/Source/FreeRTOS-Plus-TCP/source/FreeRTOS_IP_Utils.o
                0x00016698                prvProcessNetworkDownEvent
 .text.vPreCheckConfigs
                0x0001679c       0x58 ./ra/aws/FreeRTOS/FreeRTOS-Plus/Source/FreeRTOS-Plus-TCP/source/FreeRTOS_IP_Utils.o
                0x0001679c                vPreCheckConfigs
 .text.usGenerateChecksum
                0x000167f4      0x12c ./ra/aws/FreeRTOS/FreeRTOS-Plus/Source/FreeRTOS-Plus-TCP/source/FreeRTOS_IP_Utils.o
                0x000167f4                usGenerateChecksum
 .text.usGenerateProtocolChecksum
                0x00016920      0x188 ./ra/aws/FreeRTOS/FreeRTOS-Plus/Source/FreeRTOS-Plus-TCP/source/FreeRTOS_IP_Utils.o
                0x00016920                usGenerateProtocolChecksum
 .text.FreeRTOS_min_int32
                0x00016aa8        0x8 ./ra/aws/FreeRTOS/FreeRTOS-Plus/Source/FreeRTOS-Plus-TCP/source/FreeRTOS_IP_Utils.o
                0x00016aa8                FreeRTOS_min_int32
 .text.FreeRTOS_min_uint32
                0x00016ab0        0x8 ./ra/aws/FreeRTOS/FreeRTOS-Plus/Source/FreeRTOS-Plus-TCP/source/FreeRTOS_IP_Utils.o
                0x00016ab0                FreeRTOS_min_uint32
 .text.FreeRTOS_min_size_t
                0x00016ab8        0x8 ./ra/aws/FreeRTOS/FreeRTOS-Plus/Source/FreeRTOS-Plus-TCP/source/FreeRTOS_IP_Utils.o
                0x00016ab8                FreeRTOS_min_size_t
 .text.FreeRTOS_round_up
                0x00016ac0       0x2c ./ra/aws/FreeRTOS/FreeRTOS-Plus/Source/FreeRTOS-Plus-TCP/source/FreeRTOS_IP_Utils.o
                0x00016ac0                FreeRTOS_round_up
 .text.usChar2u16
                0x00016aec        0x8 ./ra/aws/FreeRTOS/FreeRTOS-Plus/Source/FreeRTOS-Plus-TCP/source/FreeRTOS_IP_Utils.o
                0x00016aec                usChar2u16
 .text.xIsIPv4Multicast
                0x00016af4       0x14 ./ra/aws/FreeRTOS/FreeRTOS-Plus/Source/FreeRTOS-Plus-TCP/source/FreeRTOS_IPv4.o
                0x00016af4                xIsIPv4Multicast
 .text.xBadIPv4Loopback
                0x00016b08       0x28 ./ra/aws/FreeRTOS/FreeRTOS-Plus/Source/FreeRTOS-Plus-TCP/source/FreeRTOS_IPv4.o
                0x00016b08                xBadIPv4Loopback
 .text.prvAllowIPPacketIPv4
                0x00016b30      0x120 ./ra/aws/FreeRTOS/FreeRTOS-Plus/Source/FreeRTOS-Plus-TCP/source/FreeRTOS_IPv4.o
                0x00016b30                prvAllowIPPacketIPv4
 .text.prvCheckIP4HeaderOptions
                0x00016c50       0x4c ./ra/aws/FreeRTOS/FreeRTOS-Plus/Source/FreeRTOS-Plus-TCP/source/FreeRTOS_IPv4.o
                0x00016c50                prvCheckIP4HeaderOptions
 .text.FreeRTOS_inet_pton4
                0x00016c9c       0x94 ./ra/aws/FreeRTOS/FreeRTOS-Plus/Source/FreeRTOS-Plus-TCP/source/FreeRTOS_IPv4_Sockets.o
                0x00016c9c                FreeRTOS_inet_pton4
 .text.xSend_UDP_Update_IPv4
                0x00016d30       0x1c ./ra/aws/FreeRTOS/FreeRTOS-Plus/Source/FreeRTOS-Plus-TCP/source/FreeRTOS_IPv4_Sockets.o
                0x00016d30                xSend_UDP_Update_IPv4
 .text.xRecv_Update_IPv4
                0x00016d4c       0x14 ./ra/aws/FreeRTOS/FreeRTOS-Plus/Source/FreeRTOS-Plus-TCP/source/FreeRTOS_IPv4_Sockets.o
                0x00016d4c                xRecv_Update_IPv4
 .text.vSetMultiCastIPv4MacAddress
                0x00016d60       0x1c ./ra/aws/FreeRTOS/FreeRTOS-Plus/Source/FreeRTOS-Plus-TCP/source/FreeRTOS_IPv4_Utils.o
                0x00016d60                vSetMultiCastIPv4MacAddress
 .text.prvChecksumIPv4Checks
                0x00016d7c       0x84 ./ra/aws/FreeRTOS/FreeRTOS-Plus/Source/FreeRTOS-Plus-TCP/source/FreeRTOS_IPv4_Utils.o
                0x00016d7c                prvChecksumIPv4Checks
 .text.FreeRTOS_FillEndPoint
                0x00016e00       0xa4 ./ra/aws/FreeRTOS/FreeRTOS-Plus/Source/FreeRTOS-Plus-TCP/source/FreeRTOS_Routing.o
                0x00016e00                FreeRTOS_FillEndPoint
 .text.FreeRTOS_AddNetworkInterface
                0x00016ea4       0x24 ./ra/aws/FreeRTOS/FreeRTOS-Plus/Source/FreeRTOS-Plus-TCP/source/FreeRTOS_Routing.o
                0x00016ea4                FreeRTOS_AddNetworkInterface
 .text.FreeRTOS_FirstNetworkInterface
                0x00016ec8        0xc ./ra/aws/FreeRTOS/FreeRTOS-Plus/Source/FreeRTOS-Plus-TCP/source/FreeRTOS_Routing.o
                0x00016ec8                FreeRTOS_FirstNetworkInterface
 .text.FreeRTOS_NextNetworkInterface
                0x00016ed4        0x8 ./ra/aws/FreeRTOS/FreeRTOS-Plus/Source/FreeRTOS-Plus-TCP/source/FreeRTOS_Routing.o
                0x00016ed4                FreeRTOS_NextNetworkInterface
 .text.FreeRTOS_FirstEndPoint
                0x00016edc       0x20 ./ra/aws/FreeRTOS/FreeRTOS-Plus/Source/FreeRTOS-Plus-TCP/source/FreeRTOS_Routing.o
                0x00016edc                FreeRTOS_FirstEndPoint
 .text.FreeRTOS_NextEndPoint
                0x00016efc       0x44 ./ra/aws/FreeRTOS/FreeRTOS-Plus/Source/FreeRTOS-Plus-TCP/source/FreeRTOS_Routing.o
                0x00016efc                FreeRTOS_NextEndPoint
 .text.FreeRTOS_FindEndPointOnIP_IPv4
                0x00016f40       0x48 ./ra/aws/FreeRTOS/FreeRTOS-Plus/Source/FreeRTOS-Plus-TCP/source/FreeRTOS_Routing.o
                0x00016f40                FreeRTOS_FindEndPointOnIP_IPv4
 .text.FreeRTOS_FindEndPointOnMAC
                0x00016f88       0x54 ./ra/aws/FreeRTOS/FreeRTOS-Plus/Source/FreeRTOS-Plus-TCP/source/FreeRTOS_Routing.o
                0x00016f88                FreeRTOS_FindEndPointOnMAC
 .text.FreeRTOS_InterfaceEndPointOnNetMask
                0x00016fdc       0x5c ./ra/aws/FreeRTOS/FreeRTOS-Plus/Source/FreeRTOS-Plus-TCP/source/FreeRTOS_Routing.o
                0x00016fdc                FreeRTOS_InterfaceEndPointOnNetMask
 .text.FreeRTOS_FindEndPointOnNetMask
                0x00017038        0xc ./ra/aws/FreeRTOS/FreeRTOS-Plus/Source/FreeRTOS-Plus-TCP/source/FreeRTOS_Routing.o
                0x00017038                FreeRTOS_FindEndPointOnNetMask
 .text.pxEasyFit
                0x00017044       0xd4 ./ra/aws/FreeRTOS/FreeRTOS-Plus/Source/FreeRTOS-Plus-TCP/source/FreeRTOS_Routing.o
                0x00017044                pxEasyFit
 .text.FreeRTOS_MatchingEndpoint
                0x00017118       0xb4 ./ra/aws/FreeRTOS/FreeRTOS-Plus/Source/FreeRTOS-Plus-TCP/source/FreeRTOS_Routing.o
                0x00017118                FreeRTOS_MatchingEndpoint
 .text.FreeRTOS_FindGateWay
                0x000171cc       0x1c ./ra/aws/FreeRTOS/FreeRTOS-Plus/Source/FreeRTOS-Plus-TCP/source/FreeRTOS_Routing.o
                0x000171cc                FreeRTOS_FindGateWay
 .text.prvTCPCreateStream
                0x000171e8       0xc0 ./ra/aws/FreeRTOS/FreeRTOS-Plus/Source/FreeRTOS-Plus-TCP/source/FreeRTOS_Sockets.o
 .text.vNetworkSocketsInit
                0x000172a8       0x1c ./ra/aws/FreeRTOS/FreeRTOS-Plus/Source/FreeRTOS-Plus-TCP/source/FreeRTOS_Sockets.o
                0x000172a8                vNetworkSocketsInit
 .text.FreeRTOS_socket
                0x000172c4      0x18c ./ra/aws/FreeRTOS/FreeRTOS-Plus/Source/FreeRTOS-Plus-TCP/source/FreeRTOS_Sockets.o
                0x000172c4                FreeRTOS_socket
 .text.FreeRTOS_recvfrom
                0x00017450       0xe4 ./ra/aws/FreeRTOS/FreeRTOS-Plus/Source/FreeRTOS-Plus-TCP/source/FreeRTOS_Sockets.o
                0x00017450                FreeRTOS_recvfrom
 .text.FreeRTOS_bind
                0x00017534       0xc0 ./ra/aws/FreeRTOS/FreeRTOS-Plus/Source/FreeRTOS-Plus-TCP/source/FreeRTOS_Sockets.o
                0x00017534                FreeRTOS_bind
 .text.FreeRTOS_sendto
                0x000175f4      0x17c ./ra/aws/FreeRTOS/FreeRTOS-Plus/Source/FreeRTOS-Plus-TCP/source/FreeRTOS_Sockets.o
                0x000175f4                FreeRTOS_sendto
 .text.vSocketBind
                0x00017770      0x148 ./ra/aws/FreeRTOS/FreeRTOS-Plus/Source/FreeRTOS-Plus-TCP/source/FreeRTOS_Sockets.o
                0x00017770                vSocketBind
 .text.vSocketClose
                0x000178b8       0xcc ./ra/aws/FreeRTOS/FreeRTOS-Plus/Source/FreeRTOS-Plus-TCP/source/FreeRTOS_Sockets.o
                0x000178b8                vSocketClose
 .text.FreeRTOS_setsockopt
                0x00017984      0x208 ./ra/aws/FreeRTOS/FreeRTOS-Plus/Source/FreeRTOS-Plus-TCP/source/FreeRTOS_Sockets.o
                0x00017984                FreeRTOS_setsockopt
 .text.pxUDPSocketLookup
                0x00017b8c       0x4c ./ra/aws/FreeRTOS/FreeRTOS-Plus/Source/FreeRTOS-Plus-TCP/source/FreeRTOS_Sockets.o
                0x00017b8c                pxUDPSocketLookup
 .text.FreeRTOS_inet_addr
                0x00017bd8       0x18 ./ra/aws/FreeRTOS/FreeRTOS-Plus/Source/FreeRTOS-Plus-TCP/source/FreeRTOS_Sockets.o
                0x00017bd8                FreeRTOS_inet_addr
 .text.FreeRTOS_GetLocalAddress
                0x00017bf0       0x1c ./ra/aws/FreeRTOS/FreeRTOS-Plus/Source/FreeRTOS-Plus-TCP/source/FreeRTOS_Sockets.o
                0x00017bf0                FreeRTOS_GetLocalAddress
 .text.vSocketWakeUpUser
                0x00017c0c       0x24 ./ra/aws/FreeRTOS/FreeRTOS-Plus/Source/FreeRTOS-Plus-TCP/source/FreeRTOS_Sockets.o
                0x00017c0c                vSocketWakeUpUser
 .text.FreeRTOS_listen
                0x00017c30       0x88 ./ra/aws/FreeRTOS/FreeRTOS-Plus/Source/FreeRTOS-Plus-TCP/source/FreeRTOS_Sockets.o
                0x00017c30                FreeRTOS_listen
 .text.xTCPTimerCheck
                0x00017cb8       0xa8 ./ra/aws/FreeRTOS/FreeRTOS-Plus/Source/FreeRTOS-Plus-TCP/source/FreeRTOS_Sockets.o
                0x00017cb8                xTCPTimerCheck
 .text.pxTCPSocketLookup
                0x00017d60       0x64 ./ra/aws/FreeRTOS/FreeRTOS-Plus/Source/FreeRTOS-Plus-TCP/source/FreeRTOS_Sockets.o
                0x00017d60                pxTCPSocketLookup
 .text.lTCPAddRxdata
                0x00017dc4       0x74 ./ra/aws/FreeRTOS/FreeRTOS-Plus/Source/FreeRTOS-Plus-TCP/source/FreeRTOS_Sockets.o
                0x00017dc4                lTCPAddRxdata
 .text.xSocketValid
                0x00017e38        0xc ./ra/aws/FreeRTOS/FreeRTOS-Plus/Source/FreeRTOS-Plus-TCP/source/FreeRTOS_Sockets.o
                0x00017e38                xSocketValid
 .text.uxStreamBufferDistance
                0x00017e44        0xc ./ra/aws/FreeRTOS/FreeRTOS-Plus/Source/FreeRTOS-Plus-TCP/source/FreeRTOS_Stream_Buffer.o
                0x00017e44                uxStreamBufferDistance
 .text.uxStreamBufferGetSpace
                0x00017e50       0x14 ./ra/aws/FreeRTOS/FreeRTOS-Plus/Source/FreeRTOS-Plus-TCP/source/FreeRTOS_Stream_Buffer.o
                0x00017e50                uxStreamBufferGetSpace
 .text.uxStreamBufferFrontSpace
                0x00017e64       0x14 ./ra/aws/FreeRTOS/FreeRTOS-Plus/Source/FreeRTOS-Plus-TCP/source/FreeRTOS_Stream_Buffer.o
                0x00017e64                uxStreamBufferFrontSpace
 .text.uxStreamBufferGetSize
                0x00017e78       0x14 ./ra/aws/FreeRTOS/FreeRTOS-Plus/Source/FreeRTOS-Plus-TCP/source/FreeRTOS_Stream_Buffer.o
                0x00017e78                uxStreamBufferGetSize
 .text.uxStreamBufferMidSpace
                0x00017e8c       0x14 ./ra/aws/FreeRTOS/FreeRTOS-Plus/Source/FreeRTOS-Plus-TCP/source/FreeRTOS_Stream_Buffer.o
                0x00017e8c                uxStreamBufferMidSpace
 .text.vStreamBufferClear
                0x00017ea0        0xc ./ra/aws/FreeRTOS/FreeRTOS-Plus/Source/FreeRTOS-Plus-TCP/source/FreeRTOS_Stream_Buffer.o
                0x00017ea0                vStreamBufferClear
 .text.vStreamBufferMoveMid
                0x00017eac       0x2c ./ra/aws/FreeRTOS/FreeRTOS-Plus/Source/FreeRTOS-Plus-TCP/source/FreeRTOS_Stream_Buffer.o
                0x00017eac                vStreamBufferMoveMid
 .text.uxStreamBufferAdd
                0x00017ed8       0xe4 ./ra/aws/FreeRTOS/FreeRTOS-Plus/Source/FreeRTOS-Plus-TCP/source/FreeRTOS_Stream_Buffer.o
                0x00017ed8                uxStreamBufferAdd
 .text.uxStreamBufferGet
                0x00017fbc       0xc4 ./ra/aws/FreeRTOS/FreeRTOS-Plus/Source/FreeRTOS-Plus-TCP/source/FreeRTOS_Stream_Buffer.o
                0x00017fbc                uxStreamBufferGet
 .text.vSocketCloseNextTime
                0x00018080       0x1c ./ra/aws/FreeRTOS/FreeRTOS-Plus/Source/FreeRTOS-Plus-TCP/source/FreeRTOS_TCP_IP.o
                0x00018080                vSocketCloseNextTime
 .text.vSocketListenNextTime
                0x0001809c       0x20 ./ra/aws/FreeRTOS/FreeRTOS-Plus/Source/FreeRTOS-Plus-TCP/source/FreeRTOS_TCP_IP.o
                0x0001809c                vSocketListenNextTime
 .text.vTCPStateChange
                0x000180bc      0x1d8 ./ra/aws/FreeRTOS/FreeRTOS-Plus/Source/FreeRTOS-Plus-TCP/source/FreeRTOS_TCP_IP.o
                0x000180bc                vTCPStateChange
 .text.prvTCPNextTimeout
                0x00018294       0xac ./ra/aws/FreeRTOS/FreeRTOS-Plus/Source/FreeRTOS-Plus-TCP/source/FreeRTOS_TCP_IP.o
                0x00018294                prvTCPNextTimeout
 .text.xTCPSocketCheck
                0x00018340       0x38 ./ra/aws/FreeRTOS/FreeRTOS-Plus/Source/FreeRTOS-Plus-TCP/source/FreeRTOS_TCP_IP.o
                0x00018340                xTCPSocketCheck
 .text.xProcessReceivedTCPPacket
                0x00018378      0x22c ./ra/aws/FreeRTOS/FreeRTOS-Plus/Source/FreeRTOS-Plus-TCP/source/FreeRTOS_TCP_IP.o
                0x00018378                xProcessReceivedTCPPacket
 .text.xTCPCheckNewClient
                0x000185a4       0x4c ./ra/aws/FreeRTOS/FreeRTOS-Plus/Source/FreeRTOS-Plus-TCP/source/FreeRTOS_TCP_IP.o
                0x000185a4                xTCPCheckNewClient
 .text.prvCheckOptions
                0x000185f0       0xbc ./ra/aws/FreeRTOS/FreeRTOS-Plus/Source/FreeRTOS-Plus-TCP/source/FreeRTOS_TCP_Reception.o
                0x000185f0                prvCheckOptions
 .text.prvCheckRxData
                0x000186ac       0x74 ./ra/aws/FreeRTOS/FreeRTOS-Plus/Source/FreeRTOS-Plus-TCP/source/FreeRTOS_TCP_Reception.o
                0x000186ac                prvCheckRxData
 .text.prvStoreRxData
                0x00018720       0x8c ./ra/aws/FreeRTOS/FreeRTOS-Plus/Source/FreeRTOS-Plus-TCP/source/FreeRTOS_TCP_Reception.o
                0x00018720                prvStoreRxData
 .text.prvTCPHandleFin
                0x000187ac       0xd0 ./ra/aws/FreeRTOS/FreeRTOS-Plus/Source/FreeRTOS-Plus-TCP/source/FreeRTOS_TCP_State_Handling.o
 .text.prvTCPSocketIsActive
                0x0001887c       0x1c ./ra/aws/FreeRTOS/FreeRTOS-Plus/Source/FreeRTOS-Plus-TCP/source/FreeRTOS_TCP_State_Handling.o
                0x0001887c                prvTCPSocketIsActive
 .text.prvTCPStatusAgeCheck
                0x00018898       0x44 ./ra/aws/FreeRTOS/FreeRTOS-Plus/Source/FreeRTOS-Plus-TCP/source/FreeRTOS_TCP_State_Handling.o
                0x00018898                prvTCPStatusAgeCheck
 .text.prvTCPHandleState
                0x000188dc      0x3ac ./ra/aws/FreeRTOS/FreeRTOS-Plus/Source/FreeRTOS-Plus-TCP/source/FreeRTOS_TCP_State_Handling.o
                0x000188dc                prvTCPHandleState
 .text.prvHandleListen
                0x00018c88       0x20 ./ra/aws/FreeRTOS/FreeRTOS-Plus/Source/FreeRTOS-Plus-TCP/source/FreeRTOS_TCP_State_Handling.o
                0x00018c88                prvHandleListen
 .text.prvTCPSocketCopy
                0x00018ca8       0x90 ./ra/aws/FreeRTOS/FreeRTOS-Plus/Source/FreeRTOS-Plus-TCP/source/FreeRTOS_TCP_State_Handling.o
                0x00018ca8                prvTCPSocketCopy
 .text.prvHandleListen_IPV4
                0x00018d38       0xf8 ./ra/aws/FreeRTOS/FreeRTOS-Plus/Source/FreeRTOS-Plus-TCP/source/FreeRTOS_TCP_State_Handling_IPv4.o
                0x00018d38                prvHandleListen_IPV4
 .text.prvTCPReturnPacket.part.0
                0x00018e30       0x1c ./ra/aws/FreeRTOS/FreeRTOS-Plus/Source/FreeRTOS-Plus-TCP/source/FreeRTOS_TCP_Transmission.o
 .text.prvTCPReturnPacket
                0x00018e4c       0x10 ./ra/aws/FreeRTOS/FreeRTOS-Plus/Source/FreeRTOS-Plus-TCP/source/FreeRTOS_TCP_Transmission.o
                0x00018e4c                prvTCPReturnPacket
 .text.prvTCPReturn_CheckTCPWindow
                0x00018e5c       0x68 ./ra/aws/FreeRTOS/FreeRTOS-Plus/Source/FreeRTOS-Plus-TCP/source/FreeRTOS_TCP_Transmission.o
                0x00018e5c                prvTCPReturn_CheckTCPWindow
 .text.prvTCPReturn_SetSequenceNumber
                0x00018ec4       0x68 ./ra/aws/FreeRTOS/FreeRTOS-Plus/Source/FreeRTOS-Plus-TCP/source/FreeRTOS_TCP_Transmission.o
                0x00018ec4                prvTCPReturn_SetSequenceNumber
 .text.prvTCPCreateWindow
                0x00018f2c       0x30 ./ra/aws/FreeRTOS/FreeRTOS-Plus/Source/FreeRTOS-Plus-TCP/source/FreeRTOS_TCP_Transmission.o
                0x00018f2c                prvTCPCreateWindow
 .text.prvSetSynAckOptions
                0x00018f5c       0x18 ./ra/aws/FreeRTOS/FreeRTOS-Plus/Source/FreeRTOS-Plus-TCP/source/FreeRTOS_TCP_Transmission.o
                0x00018f5c                prvSetSynAckOptions
 .text.prvTCPBufferResize
                0x00018f74       0xa0 ./ra/aws/FreeRTOS/FreeRTOS-Plus/Source/FreeRTOS-Plus-TCP/source/FreeRTOS_TCP_Transmission.o
                0x00018f74                prvTCPBufferResize
 .text.prvTCPReturn_SetEndPoint
                0x00019014       0x28 ./ra/aws/FreeRTOS/FreeRTOS-Plus/Source/FreeRTOS-Plus-TCP/source/FreeRTOS_TCP_Transmission.o
                0x00019014                prvTCPReturn_SetEndPoint
 .text.prvTCPPrepareSend
                0x0001903c      0x1e8 ./ra/aws/FreeRTOS/FreeRTOS-Plus/Source/FreeRTOS-Plus-TCP/source/FreeRTOS_TCP_Transmission.o
                0x0001903c                prvTCPPrepareSend
 .text.prvTCPSendRepeated
                0x00019224       0x44 ./ra/aws/FreeRTOS/FreeRTOS-Plus/Source/FreeRTOS-Plus-TCP/source/FreeRTOS_TCP_Transmission.o
                0x00019224                prvTCPSendRepeated
 .text.prvTCPSendPacket
                0x00019268       0x9c ./ra/aws/FreeRTOS/FreeRTOS-Plus/Source/FreeRTOS-Plus-TCP/source/FreeRTOS_TCP_Transmission.o
                0x00019268                prvTCPSendPacket
 .text.prvTCPAddTxData
                0x00019304       0x34 ./ra/aws/FreeRTOS/FreeRTOS-Plus/Source/FreeRTOS-Plus-TCP/source/FreeRTOS_TCP_Transmission.o
                0x00019304                prvTCPAddTxData
 .text.prvSetOptions
                0x00019338       0x50 ./ra/aws/FreeRTOS/FreeRTOS-Plus/Source/FreeRTOS-Plus-TCP/source/FreeRTOS_TCP_Transmission.o
                0x00019338                prvSetOptions
 .text.prvSendData
                0x00019388       0x30 ./ra/aws/FreeRTOS/FreeRTOS-Plus/Source/FreeRTOS-Plus-TCP/source/FreeRTOS_TCP_Transmission.o
                0x00019388                prvSendData
 .text.prvTCPSendChallengeAck
                0x000193b8       0x1c ./ra/aws/FreeRTOS/FreeRTOS-Plus/Source/FreeRTOS-Plus-TCP/source/FreeRTOS_TCP_Transmission.o
                0x000193b8                prvTCPSendChallengeAck
 .text.prvTCPSendReset
                0x000193d4       0x1c ./ra/aws/FreeRTOS/FreeRTOS-Plus/Source/FreeRTOS-Plus-TCP/source/FreeRTOS_TCP_Transmission.o
                0x000193d4                prvTCPSendReset
 .text.prvTCPReturnPacket_IPV4
                0x000193f0      0x1a8 ./ra/aws/FreeRTOS/FreeRTOS-Plus/Source/FreeRTOS-Plus-TCP/source/FreeRTOS_TCP_Transmission_IPv4.o
                0x000193f0                prvTCPReturnPacket_IPV4
 .text.prvTCPPrepareConnect_IPV4
                0x00019598       0xd8 ./ra/aws/FreeRTOS/FreeRTOS-Plus/Source/FreeRTOS-Plus-TCP/source/FreeRTOS_TCP_Transmission_IPv4.o
                0x00019598                prvTCPPrepareConnect_IPV4
 .text.prvTCPSendSpecialPktHelper_IPV4
                0x00019670       0x38 ./ra/aws/FreeRTOS/FreeRTOS-Plus/Source/FreeRTOS-Plus-TCP/source/FreeRTOS_TCP_Transmission_IPv4.o
                0x00019670                prvTCPSendSpecialPktHelper_IPV4
 .text.prvSocketSetMSS
                0x000196a8        0xc ./ra/aws/FreeRTOS/FreeRTOS-Plus/Source/FreeRTOS-Plus-TCP/source/FreeRTOS_TCP_Utils.o
                0x000196a8                prvSocketSetMSS
 .text.prvSocketSetMSS_IPV4
                0x000196b4       0x34 ./ra/aws/FreeRTOS/FreeRTOS-Plus/Source/FreeRTOS-Plus-TCP/source/FreeRTOS_TCP_Utils_IPv4.o
                0x000196b4                prvSocketSetMSS_IPV4
 .text.xSequenceLessThan
                0x000196e8        0x8 ./ra/aws/FreeRTOS/FreeRTOS-Plus/Source/FreeRTOS-Plus-TCP/source/FreeRTOS_TCP_WIN.o
                0x000196e8                xSequenceLessThan
 .text.xSequenceGreaterThan
                0x000196f0        0x8 ./ra/aws/FreeRTOS/FreeRTOS-Plus/Source/FreeRTOS-Plus-TCP/source/FreeRTOS_TCP_WIN.o
                0x000196f0                xSequenceGreaterThan
 .text.xTCPWindowCreate
                0x000196f8       0x64 ./ra/aws/FreeRTOS/FreeRTOS-Plus/Source/FreeRTOS-Plus-TCP/source/FreeRTOS_TCP_WIN.o
                0x000196f8                xTCPWindowCreate
 .text.vTCPWindowInit
                0x0001975c       0x50 ./ra/aws/FreeRTOS/FreeRTOS-Plus/Source/FreeRTOS-Plus-TCP/source/FreeRTOS_TCP_WIN.o
                0x0001975c                vTCPWindowInit
 .text.lTCPWindowRxCheck
                0x000197ac       0x28 ./ra/aws/FreeRTOS/FreeRTOS-Plus/Source/FreeRTOS-Plus-TCP/source/FreeRTOS_Tiny_TCP.o
                0x000197ac                lTCPWindowRxCheck
 .text.lTCPWindowTxAdd
                0x000197d4       0x38 ./ra/aws/FreeRTOS/FreeRTOS-Plus/Source/FreeRTOS-Plus-TCP/source/FreeRTOS_Tiny_TCP.o
                0x000197d4                lTCPWindowTxAdd
 .text.ulTCPWindowTxGet
                0x0001980c       0x5c ./ra/aws/FreeRTOS/FreeRTOS-Plus/Source/FreeRTOS-Plus-TCP/source/FreeRTOS_Tiny_TCP.o
                0x0001980c                ulTCPWindowTxGet
 .text.xTCPWindowTxDone
                0x00019868        0xc ./ra/aws/FreeRTOS/FreeRTOS-Plus/Source/FreeRTOS-Plus-TCP/source/FreeRTOS_Tiny_TCP.o
                0x00019868                xTCPWindowTxDone
 .text.xTCPWindowTxHasData
                0x00019874       0x4c ./ra/aws/FreeRTOS/FreeRTOS-Plus/Source/FreeRTOS-Plus-TCP/source/FreeRTOS_Tiny_TCP.o
                0x00019874                xTCPWindowTxHasData
 .text.ulTCPWindowTxAck
                0x000198c0       0x1c ./ra/aws/FreeRTOS/FreeRTOS-Plus/Source/FreeRTOS-Plus-TCP/source/FreeRTOS_Tiny_TCP.o
                0x000198c0                ulTCPWindowTxAck
 .text.xTCPWindowRxEmpty
                0x000198dc        0xc ./ra/aws/FreeRTOS/FreeRTOS-Plus/Source/FreeRTOS-Plus-TCP/source/FreeRTOS_Tiny_TCP.o
                0x000198dc                xTCPWindowRxEmpty
 .text.vProcessGeneratedUDPPacket
                0x000198e8       0x10 ./ra/aws/FreeRTOS/FreeRTOS-Plus/Source/FreeRTOS-Plus-TCP/source/FreeRTOS_UDP_IP.o
                0x000198e8                vProcessGeneratedUDPPacket
 .text.xProcessReceivedUDPPacket
                0x000198f8       0x44 ./ra/aws/FreeRTOS/FreeRTOS-Plus/Source/FreeRTOS-Plus-TCP/source/FreeRTOS_UDP_IP.o
                0x000198f8                xProcessReceivedUDPPacket
 .text.vProcessGeneratedUDPPacket_IPv4
                0x0001993c      0x138 ./ra/aws/FreeRTOS/FreeRTOS-Plus/Source/FreeRTOS-Plus-TCP/source/FreeRTOS_UDP_IPv4.o
                0x0001993c                vProcessGeneratedUDPPacket_IPv4
 .text.xProcessReceivedUDPPacket_IPv4
                0x00019a74       0xac ./ra/aws/FreeRTOS/FreeRTOS-Plus/Source/FreeRTOS-Plus-TCP/source/FreeRTOS_UDP_IPv4.o
                0x00019a74                xProcessReceivedUDPPacket_IPv4
 .text          0x00019b20       0x30 C:/Renesas/RA/e2studio_v2024-07_fsp_v5.5.0/toolchains/gcc_arm/13.2.rel1/bin/../lib/gcc/arm-none-eabi/13.2.1/thumb/v8-m.main+fp/hard\libgcc.a(_aeabi_uldivmod.o)
                0x00019b20                __aeabi_uldivmod
 .text.__udivmoddi4
                0x00019b50      0x300 C:/Renesas/RA/e2studio_v2024-07_fsp_v5.5.0/toolchains/gcc_arm/13.2.rel1/bin/../lib/gcc/arm-none-eabi/13.2.1/thumb/v8-m.main+fp/hard\libgcc.a(_udivmoddi4.o)
                0x00019b50                __udivmoddi4
 .text          0x00019e50        0x4 C:/Renesas/RA/e2studio_v2024-07_fsp_v5.5.0/toolchains/gcc_arm/13.2.rel1/bin/../lib/gcc/arm-none-eabi/13.2.1/thumb/v8-m.main+fp/hard\libgcc.a(_dvmd_tls.o)
                0x00019e50                __aeabi_idiv0
                0x00019e50                __aeabi_ldiv0
 .text.rand     0x00019e54       0x7c C:/Renesas/RA/e2studio_v2024-07_fsp_v5.5.0/toolchains/gcc_arm/13.2.rel1/bin/../lib/gcc/arm-none-eabi/13.2.1/thumb/v8-m.main+fp/hard\libg_nano.a(libc_a-rand.o)
                0x00019e54                rand
 .text.__cvt    0x00019ed0       0xca C:/Renesas/RA/e2studio_v2024-07_fsp_v5.5.0/toolchains/gcc_arm/13.2.rel1/bin/../lib/gcc/arm-none-eabi/13.2.1/thumb/v8-m.main+fp/hard\libg_nano.a(libc_a-nano-vfprintf_float.o)
                0x00019ed0                __cvt
 .text.__exponent
                0x00019f9a       0x72 C:/Renesas/RA/e2studio_v2024-07_fsp_v5.5.0/toolchains/gcc_arm/13.2.rel1/bin/../lib/gcc/arm-none-eabi/13.2.1/thumb/v8-m.main+fp/hard\libg_nano.a(libc_a-nano-vfprintf_float.o)
                0x00019f9a                __exponent
 .text._printf_float
                0x0001a00c      0x454 C:/Renesas/RA/e2studio_v2024-07_fsp_v5.5.0/toolchains/gcc_arm/13.2.rel1/bin/../lib/gcc/arm-none-eabi/13.2.1/thumb/v8-m.main+fp/hard\libg_nano.a(libc_a-nano-vfprintf_float.o)
                0x0001a00c                _printf_float
 .text._printf_common
                0x0001a460       0xe4 C:/Renesas/RA/e2studio_v2024-07_fsp_v5.5.0/toolchains/gcc_arm/13.2.rel1/bin/../lib/gcc/arm-none-eabi/13.2.1/thumb/v8-m.main+fp/hard\libg_nano.a(libc_a-nano-vfprintf_i.o)
                0x0001a460                _printf_common
 .text._printf_i
                0x0001a544      0x23c C:/Renesas/RA/e2studio_v2024-07_fsp_v5.5.0/toolchains/gcc_arm/13.2.rel1/bin/../lib/gcc/arm-none-eabi/13.2.1/thumb/v8-m.main+fp/hard\libg_nano.a(libc_a-nano-vfprintf_i.o)
                0x0001a544                _printf_i
 .text.std      0x0001a780       0x6c C:/Renesas/RA/e2studio_v2024-07_fsp_v5.5.0/toolchains/gcc_arm/13.2.rel1/bin/../lib/gcc/arm-none-eabi/13.2.1/thumb/v8-m.main+fp/hard\libg_nano.a(libc_a-findfp.o)
 .text.stdio_exit_handler
                0x0001a7ec       0x18 C:/Renesas/RA/e2studio_v2024-07_fsp_v5.5.0/toolchains/gcc_arm/13.2.rel1/bin/../lib/gcc/arm-none-eabi/13.2.1/thumb/v8-m.main+fp/hard\libg_nano.a(libc_a-findfp.o)
 .text.cleanup_stdio
                0x0001a804       0x40 C:/Renesas/RA/e2studio_v2024-07_fsp_v5.5.0/toolchains/gcc_arm/13.2.rel1/bin/../lib/gcc/arm-none-eabi/13.2.1/thumb/v8-m.main+fp/hard\libg_nano.a(libc_a-findfp.o)
 .text.global_stdio_init.part.0
                0x0001a844       0x3c C:/Renesas/RA/e2studio_v2024-07_fsp_v5.5.0/toolchains/gcc_arm/13.2.rel1/bin/../lib/gcc/arm-none-eabi/13.2.1/thumb/v8-m.main+fp/hard\libg_nano.a(libc_a-findfp.o)
 .text.__sfp_lock_acquire
                0x0001a880        0xc C:/Renesas/RA/e2studio_v2024-07_fsp_v5.5.0/toolchains/gcc_arm/13.2.rel1/bin/../lib/gcc/arm-none-eabi/13.2.1/thumb/v8-m.main+fp/hard\libg_nano.a(libc_a-findfp.o)
                0x0001a880                __sfp_lock_acquire
 .text.__sfp_lock_release
                0x0001a88c        0xc C:/Renesas/RA/e2studio_v2024-07_fsp_v5.5.0/toolchains/gcc_arm/13.2.rel1/bin/../lib/gcc/arm-none-eabi/13.2.1/thumb/v8-m.main+fp/hard\libg_nano.a(libc_a-findfp.o)
                0x0001a88c                __sfp_lock_release
 .text.__sinit  0x0001a898       0x30 C:/Renesas/RA/e2studio_v2024-07_fsp_v5.5.0/toolchains/gcc_arm/13.2.rel1/bin/../lib/gcc/arm-none-eabi/13.2.1/thumb/v8-m.main+fp/hard\libg_nano.a(libc_a-findfp.o)
                0x0001a898                __sinit
 .text._fwalk_sglue
                0x0001a8c8       0x3c C:/Renesas/RA/e2studio_v2024-07_fsp_v5.5.0/toolchains/gcc_arm/13.2.rel1/bin/../lib/gcc/arm-none-eabi/13.2.1/thumb/v8-m.main+fp/hard\libg_nano.a(libc_a-fwalk.o)
                0x0001a8c8                _fwalk_sglue
 .text.printf   0x0001a904       0x24 C:/Renesas/RA/e2studio_v2024-07_fsp_v5.5.0/toolchains/gcc_arm/13.2.rel1/bin/../lib/gcc/arm-none-eabi/13.2.1/thumb/v8-m.main+fp/hard\libg_nano.a(libc_a-printf.o)
                0x0001a904                iprintf
                0x0001a904                printf
 .text.putchar  0x0001a928       0x10 C:/Renesas/RA/e2studio_v2024-07_fsp_v5.5.0/toolchains/gcc_arm/13.2.rel1/bin/../lib/gcc/arm-none-eabi/13.2.1/thumb/v8-m.main+fp/hard\libg_nano.a(libc_a-putchar.o)
                0x0001a928                putchar
 .text._puts_r  0x0001a938       0xaa C:/Renesas/RA/e2studio_v2024-07_fsp_v5.5.0/toolchains/gcc_arm/13.2.rel1/bin/../lib/gcc/arm-none-eabi/13.2.1/thumb/v8-m.main+fp/hard\libg_nano.a(libc_a-puts.o)
                0x0001a938                _puts_r
 *fill*         0x0001a9e2        0x2 ff
 .text.puts     0x0001a9e4       0x10 C:/Renesas/RA/e2studio_v2024-07_fsp_v5.5.0/toolchains/gcc_arm/13.2.rel1/bin/../lib/gcc/arm-none-eabi/13.2.1/thumb/v8-m.main+fp/hard\libg_nano.a(libc_a-puts.o)
                0x0001a9e4                puts
 .text.snprintf
                0x0001a9f4       0x68 C:/Renesas/RA/e2studio_v2024-07_fsp_v5.5.0/toolchains/gcc_arm/13.2.rel1/bin/../lib/gcc/arm-none-eabi/13.2.1/thumb/v8-m.main+fp/hard\libg_nano.a(libc_a-snprintf.o)
                0x0001a9f4                sniprintf
                0x0001a9f4                snprintf
 .text.__sread  0x0001aa5c       0x22 C:/Renesas/RA/e2studio_v2024-07_fsp_v5.5.0/toolchains/gcc_arm/13.2.rel1/bin/../lib/gcc/arm-none-eabi/13.2.1/thumb/v8-m.main+fp/hard\libg_nano.a(libc_a-stdio.o)
                0x0001aa5c                __sread
 .text.__swrite
                0x0001aa7e       0x38 C:/Renesas/RA/e2studio_v2024-07_fsp_v5.5.0/toolchains/gcc_arm/13.2.rel1/bin/../lib/gcc/arm-none-eabi/13.2.1/thumb/v8-m.main+fp/hard\libg_nano.a(libc_a-stdio.o)
                0x0001aa7e                __swrite
 .text.__sseek  0x0001aab6       0x24 C:/Renesas/RA/e2studio_v2024-07_fsp_v5.5.0/toolchains/gcc_arm/13.2.rel1/bin/../lib/gcc/arm-none-eabi/13.2.1/thumb/v8-m.main+fp/hard\libg_nano.a(libc_a-stdio.o)
                0x0001aab6                __sseek
 .text.__sclose
                0x0001aada        0x8 C:/Renesas/RA/e2studio_v2024-07_fsp_v5.5.0/toolchains/gcc_arm/13.2.rel1/bin/../lib/gcc/arm-none-eabi/13.2.1/thumb/v8-m.main+fp/hard\libg_nano.a(libc_a-stdio.o)
                0x0001aada                __sclose
 .text.__swbuf_r
                0x0001aae2       0x7c C:/Renesas/RA/e2studio_v2024-07_fsp_v5.5.0/toolchains/gcc_arm/13.2.rel1/bin/../lib/gcc/arm-none-eabi/13.2.1/thumb/v8-m.main+fp/hard\libg_nano.a(libc_a-wbuf.o)
                0x0001aae2                __swbuf_r
 *fill*         0x0001ab5e        0x2 ff
 .text.__swsetup_r
                0x0001ab60       0xac C:/Renesas/RA/e2studio_v2024-07_fsp_v5.5.0/toolchains/gcc_arm/13.2.rel1/bin/../lib/gcc/arm-none-eabi/13.2.1/thumb/v8-m.main+fp/hard\libg_nano.a(libc_a-wsetup.o)
                0x0001ab60                __swsetup_r
 .text.memcmp   0x0001ac0c       0x20 C:/Renesas/RA/e2studio_v2024-07_fsp_v5.5.0/toolchains/gcc_arm/13.2.rel1/bin/../lib/gcc/arm-none-eabi/13.2.1/thumb/v8-m.main+fp/hard\libg_nano.a(libc_a-memcmp.o)
                0x0001ac0c                memcmp
 .text.memmove  0x0001ac2c       0x34 C:/Renesas/RA/e2studio_v2024-07_fsp_v5.5.0/toolchains/gcc_arm/13.2.rel1/bin/../lib/gcc/arm-none-eabi/13.2.1/thumb/v8-m.main+fp/hard\libg_nano.a(libc_a-memmove.o)
                0x0001ac2c                memmove
 .text.memset   0x0001ac60       0x10 C:/Renesas/RA/e2studio_v2024-07_fsp_v5.5.0/toolchains/gcc_arm/13.2.rel1/bin/../lib/gcc/arm-none-eabi/13.2.1/thumb/v8-m.main+fp/hard\libg_nano.a(libc_a-memset.o)
                0x0001ac60                memset
 .text._localeconv_r
                0x0001ac70        0x8 C:/Renesas/RA/e2studio_v2024-07_fsp_v5.5.0/toolchains/gcc_arm/13.2.rel1/bin/../lib/gcc/arm-none-eabi/13.2.1/thumb/v8-m.main+fp/hard\libg_nano.a(libc_a-localeconv.o)
                0x0001ac70                _localeconv_r
 .text._close_r
                0x0001ac78       0x20 C:/Renesas/RA/e2studio_v2024-07_fsp_v5.5.0/toolchains/gcc_arm/13.2.rel1/bin/../lib/gcc/arm-none-eabi/13.2.1/thumb/v8-m.main+fp/hard\libg_nano.a(libc_a-closer.o)
                0x0001ac78                _close_r
 .text._lseek_r
                0x0001ac98       0x24 C:/Renesas/RA/e2studio_v2024-07_fsp_v5.5.0/toolchains/gcc_arm/13.2.rel1/bin/../lib/gcc/arm-none-eabi/13.2.1/thumb/v8-m.main+fp/hard\libg_nano.a(libc_a-lseekr.o)
                0x0001ac98                _lseek_r
 .text._read_r  0x0001acbc       0x24 C:/Renesas/RA/e2studio_v2024-07_fsp_v5.5.0/toolchains/gcc_arm/13.2.rel1/bin/../lib/gcc/arm-none-eabi/13.2.1/thumb/v8-m.main+fp/hard\libg_nano.a(libc_a-readr.o)
                0x0001acbc                _read_r
 .text._write_r
                0x0001ace0       0x24 C:/Renesas/RA/e2studio_v2024-07_fsp_v5.5.0/toolchains/gcc_arm/13.2.rel1/bin/../lib/gcc/arm-none-eabi/13.2.1/thumb/v8-m.main+fp/hard\libg_nano.a(libc_a-writer.o)
                0x0001ace0                _write_r
 .text.__errno  0x0001ad04        0xc C:/Renesas/RA/e2studio_v2024-07_fsp_v5.5.0/toolchains/gcc_arm/13.2.rel1/bin/../lib/gcc/arm-none-eabi/13.2.1/thumb/v8-m.main+fp/hard\libg_nano.a(libc_a-errno.o)
                0x0001ad04                __errno
 .text.__retarget_lock_init_recursive
                0x0001ad10        0x2 C:/Renesas/RA/e2studio_v2024-07_fsp_v5.5.0/toolchains/gcc_arm/13.2.rel1/bin/../lib/gcc/arm-none-eabi/13.2.1/thumb/v8-m.main+fp/hard\libg_nano.a(libc_a-lock.o)
                0x0001ad10                __retarget_lock_init_recursive
 .text.__retarget_lock_acquire_recursive
                0x0001ad12        0x2 C:/Renesas/RA/e2studio_v2024-07_fsp_v5.5.0/toolchains/gcc_arm/13.2.rel1/bin/../lib/gcc/arm-none-eabi/13.2.1/thumb/v8-m.main+fp/hard\libg_nano.a(libc_a-lock.o)
                0x0001ad12                __retarget_lock_acquire_recursive
 .text.__retarget_lock_release_recursive
                0x0001ad14        0x2 C:/Renesas/RA/e2studio_v2024-07_fsp_v5.5.0/toolchains/gcc_arm/13.2.rel1/bin/../lib/gcc/arm-none-eabi/13.2.1/thumb/v8-m.main+fp/hard\libg_nano.a(libc_a-lock.o)
                0x0001ad14                __retarget_lock_release_recursive
 .text.strcpy   0x0001ad16       0x10 C:/Renesas/RA/e2studio_v2024-07_fsp_v5.5.0/toolchains/gcc_arm/13.2.rel1/bin/../lib/gcc/arm-none-eabi/13.2.1/thumb/v8-m.main+fp/hard\libg_nano.a(libc_a-strcpy.o)
                0x0001ad16                strcpy
 .text.memchr   0x0001ad26       0x1c C:/Renesas/RA/e2studio_v2024-07_fsp_v5.5.0/toolchains/gcc_arm/13.2.rel1/bin/../lib/gcc/arm-none-eabi/13.2.1/thumb/v8-m.main+fp/hard\libg_nano.a(libc_a-memchr-stub.o)
                0x0001ad26                memchr
 .text.memcpy   0x0001ad42       0x1a C:/Renesas/RA/e2studio_v2024-07_fsp_v5.5.0/toolchains/gcc_arm/13.2.rel1/bin/../lib/gcc/arm-none-eabi/13.2.1/thumb/v8-m.main+fp/hard\libg_nano.a(libc_a-memcpy-stub.o)
                0x0001ad42                memcpy
 .text          0x0001ad5c       0x10 C:/Renesas/RA/e2studio_v2024-07_fsp_v5.5.0/toolchains/gcc_arm/13.2.rel1/bin/../lib/gcc/arm-none-eabi/13.2.1/thumb/v8-m.main+fp/hard\libg_nano.a(libc_a-strlen.o)
                0x0001ad5c                strlen
 .text.quorem   0x0001ad6c      0x11a C:/Renesas/RA/e2studio_v2024-07_fsp_v5.5.0/toolchains/gcc_arm/13.2.rel1/bin/../lib/gcc/arm-none-eabi/13.2.1/thumb/v8-m.main+fp/hard\libg_nano.a(libc_a-dtoa.o)
 *fill*         0x0001ae86        0x2 ff
 .text._dtoa_r  0x0001ae88      0xb7c C:/Renesas/RA/e2studio_v2024-07_fsp_v5.5.0/toolchains/gcc_arm/13.2.rel1/bin/../lib/gcc/arm-none-eabi/13.2.1/thumb/v8-m.main+fp/hard\libg_nano.a(libc_a-dtoa.o)
                0x0001ae88                _dtoa_r
 .text._free_r  0x0001ba04       0x94 C:/Renesas/RA/e2studio_v2024-07_fsp_v5.5.0/toolchains/gcc_arm/13.2.rel1/bin/../lib/gcc/arm-none-eabi/13.2.1/thumb/v8-m.main+fp/hard\libg_nano.a(libc_a-freer.o)
                0x0001ba04                _free_r
 .text.malloc   0x0001ba98       0x10 C:/Renesas/RA/e2studio_v2024-07_fsp_v5.5.0/toolchains/gcc_arm/13.2.rel1/bin/../lib/gcc/arm-none-eabi/13.2.1/thumb/v8-m.main+fp/hard\libg_nano.a(libc_a-malloc.o)
                0x0001ba98                malloc
 .text.sbrk_aligned
                0x0001baa8       0x44 C:/Renesas/RA/e2studio_v2024-07_fsp_v5.5.0/toolchains/gcc_arm/13.2.rel1/bin/../lib/gcc/arm-none-eabi/13.2.1/thumb/v8-m.main+fp/hard\libg_nano.a(libc_a-mallocr.o)
 .text._malloc_r
                0x0001baec      0x100 C:/Renesas/RA/e2studio_v2024-07_fsp_v5.5.0/toolchains/gcc_arm/13.2.rel1/bin/../lib/gcc/arm-none-eabi/13.2.1/thumb/v8-m.main+fp/hard\libg_nano.a(libc_a-mallocr.o)
                0x0001baec                _malloc_r
 .text.__malloc_lock
                0x0001bbec        0xc C:/Renesas/RA/e2studio_v2024-07_fsp_v5.5.0/toolchains/gcc_arm/13.2.rel1/bin/../lib/gcc/arm-none-eabi/13.2.1/thumb/v8-m.main+fp/hard\libg_nano.a(libc_a-mlock.o)
                0x0001bbec                __malloc_lock
 .text.__malloc_unlock
                0x0001bbf8        0xc C:/Renesas/RA/e2studio_v2024-07_fsp_v5.5.0/toolchains/gcc_arm/13.2.rel1/bin/../lib/gcc/arm-none-eabi/13.2.1/thumb/v8-m.main+fp/hard\libg_nano.a(libc_a-mlock.o)
                0x0001bbf8                __malloc_unlock
 .text._Balloc  0x0001bc04       0x80 C:/Renesas/RA/e2studio_v2024-07_fsp_v5.5.0/toolchains/gcc_arm/13.2.rel1/bin/../lib/gcc/arm-none-eabi/13.2.1/thumb/v8-m.main+fp/hard\libg_nano.a(libc_a-mprec.o)
                0x0001bc04                _Balloc
 .text._Bfree   0x0001bc84       0x44 C:/Renesas/RA/e2studio_v2024-07_fsp_v5.5.0/toolchains/gcc_arm/13.2.rel1/bin/../lib/gcc/arm-none-eabi/13.2.1/thumb/v8-m.main+fp/hard\libg_nano.a(libc_a-mprec.o)
                0x0001bc84                _Bfree
 .text.__multadd
                0x0001bcc8       0x90 C:/Renesas/RA/e2studio_v2024-07_fsp_v5.5.0/toolchains/gcc_arm/13.2.rel1/bin/../lib/gcc/arm-none-eabi/13.2.1/thumb/v8-m.main+fp/hard\libg_nano.a(libc_a-mprec.o)
                0x0001bcc8                __multadd
 .text.__hi0bits
                0x0001bd58       0x3e C:/Renesas/RA/e2studio_v2024-07_fsp_v5.5.0/toolchains/gcc_arm/13.2.rel1/bin/../lib/gcc/arm-none-eabi/13.2.1/thumb/v8-m.main+fp/hard\libg_nano.a(libc_a-mprec.o)
                0x0001bd58                __hi0bits
 .text.__lo0bits
                0x0001bd96       0x5a C:/Renesas/RA/e2studio_v2024-07_fsp_v5.5.0/toolchains/gcc_arm/13.2.rel1/bin/../lib/gcc/arm-none-eabi/13.2.1/thumb/v8-m.main+fp/hard\libg_nano.a(libc_a-mprec.o)
                0x0001bd96                __lo0bits
 .text.__i2b    0x0001bdf0       0x2c C:/Renesas/RA/e2studio_v2024-07_fsp_v5.5.0/toolchains/gcc_arm/13.2.rel1/bin/../lib/gcc/arm-none-eabi/13.2.1/thumb/v8-m.main+fp/hard\libg_nano.a(libc_a-mprec.o)