Archive member included to satisfy reference by file (symbol)

C:/Renesas/RA/e2studio_v2024-07_fsp_v5.5.0/toolchains/gcc_arm/13.2.rel1/bin/../lib/gcc/arm-none-eabi/13.2.1/thumb/v8-m.main+fp/hard\libgcc.a(cmse.o)
                              ./src/g_canfd0_guard.o (cmse_check_address_range)
C:/Renesas/RA/e2studio_v2024-07_fsp_v5.5.0/toolchains/gcc_arm/13.2.rel1/bin/../lib/gcc/arm-none-eabi/13.2.1/thumb/v8-m.main+fp/hard\libgcc.a(cmse_nonsecure_call.o)
                              ./ra/fsp/src/r_sci_uart/r_sci_uart.o (__gnu_cmse_nonsecure_call)
C:/Renesas/RA/e2studio_v2024-07_fsp_v5.5.0/toolchains/gcc_arm/13.2.rel1/bin/../lib/gcc/arm-none-eabi/13.2.1/thumb/v8-m.main+fp/hard\libgcc.a(_aeabi_ldivmod.o)
                              ./ra/fsp/src/r_sci_uart/r_sci_uart.o (__aeabi_ldivmod)
C:/Renesas/RA/e2studio_v2024-07_fsp_v5.5.0/toolchains/gcc_arm/13.2.rel1/bin/../lib/gcc/arm-none-eabi/13.2.1/thumb/v8-m.main+fp/hard\libgcc.a(_aeabi_uldivmod.o)
                              ./src/secure_modules/encryption/key_management.o (__aeabi_uldivmod)
C:/Renesas/RA/e2studio_v2024-07_fsp_v5.5.0/toolchains/gcc_arm/13.2.rel1/bin/../lib/gcc/arm-none-eabi/13.2.1/thumb/v8-m.main+fp/hard\libgcc.a(_udivmoddi4.o)
                              C:/Renesas/RA/e2studio_v2024-07_fsp_v5.5.0/toolchains/gcc_arm/13.2.rel1/bin/../lib/gcc/arm-none-eabi/13.2.1/thumb/v8-m.main+fp/hard\libgcc.a(_aeabi_ldivmod.o) (__udivmoddi4)
C:/Renesas/RA/e2studio_v2024-07_fsp_v5.5.0/toolchains/gcc_arm/13.2.rel1/bin/../lib/gcc/arm-none-eabi/13.2.1/thumb/v8-m.main+fp/hard\libgcc.a(_dvmd_tls.o)
                              C:/Renesas/RA/e2studio_v2024-07_fsp_v5.5.0/toolchains/gcc_arm/13.2.rel1/bin/../lib/gcc/arm-none-eabi/13.2.1/thumb/v8-m.main+fp/hard\libgcc.a(_aeabi_ldivmod.o) (__aeabi_ldiv0)
C:/Renesas/RA/e2studio_v2024-07_fsp_v5.5.0/toolchains/gcc_arm/13.2.rel1/bin/../lib/gcc/arm-none-eabi/13.2.1/thumb/v8-m.main+fp/hard\libg_nano.a(libc_a-exit.o)
                              C:/Renesas/RA/e2studio_v2024-07_fsp_v5.5.0/toolchains/gcc_arm/13.2.rel1/bin/../lib/gcc/arm-none-eabi/13.2.1/thumb/v8-m.main+fp/hard/crt0.o (exit)
C:/Renesas/RA/e2studio_v2024-07_fsp_v5.5.0/toolchains/gcc_arm/13.2.rel1/bin/../lib/gcc/arm-none-eabi/13.2.1/thumb/v8-m.main+fp/hard\libg_nano.a(libc_a-nano-vfprintf_float.o)
                              (_printf_float)
C:/Renesas/RA/e2studio_v2024-07_fsp_v5.5.0/toolchains/gcc_arm/13.2.rel1/bin/../lib/gcc/arm-none-eabi/13.2.1/thumb/v8-m.main+fp/hard\libg_nano.a(libc_a-nano-vfprintf_i.o)
                              C:/Renesas/RA/e2studio_v2024-07_fsp_v5.5.0/toolchains/gcc_arm/13.2.rel1/bin/../lib/gcc/arm-none-eabi/13.2.1/thumb/v8-m.main+fp/hard\libg_nano.a(libc_a-nano-vfprintf_float.o) (_printf_common)
C:/Renesas/RA/e2studio_v2024-07_fsp_v5.5.0/toolchains/gcc_arm/13.2.rel1/bin/../lib/gcc/arm-none-eabi/13.2.1/thumb/v8-m.main+fp/hard\libg_nano.a(libc_a-findfp.o)
                              C:/Renesas/RA/e2studio_v2024-07_fsp_v5.5.0/toolchains/gcc_arm/13.2.rel1/bin/../lib/gcc/arm-none-eabi/13.2.1/thumb/v8-m.main+fp/hard\libg_nano.a(libc_a-exit.o) (__stdio_exit_handler)
C:/Renesas/RA/e2studio_v2024-07_fsp_v5.5.0/toolchains/gcc_arm/13.2.rel1/bin/../lib/gcc/arm-none-eabi/13.2.1/thumb/v8-m.main+fp/hard\libg_nano.a(libc_a-fwalk.o)
                              C:/Renesas/RA/e2studio_v2024-07_fsp_v5.5.0/toolchains/gcc_arm/13.2.rel1/bin/../lib/gcc/arm-none-eabi/13.2.1/thumb/v8-m.main+fp/hard\libg_nano.a(libc_a-findfp.o) (_fwalk_sglue)
C:/Renesas/RA/e2studio_v2024-07_fsp_v5.5.0/toolchains/gcc_arm/13.2.rel1/bin/../lib/gcc/arm-none-eabi/13.2.1/thumb/v8-m.main+fp/hard\libg_nano.a(libc_a-printf.o)
                              ./src/hal_entry.o (printf)
C:/Renesas/RA/e2studio_v2024-07_fsp_v5.5.0/toolchains/gcc_arm/13.2.rel1/bin/../lib/gcc/arm-none-eabi/13.2.1/thumb/v8-m.main+fp/hard\libg_nano.a(libc_a-puts.o)
                              ./src/canfd/bsp_canfd0.o (puts)
C:/Renesas/RA/e2studio_v2024-07_fsp_v5.5.0/toolchains/gcc_arm/13.2.rel1/bin/../lib/gcc/arm-none-eabi/13.2.1/thumb/v8-m.main+fp/hard\libg_nano.a(libc_a-stdio.o)
                              C:/Renesas/RA/e2studio_v2024-07_fsp_v5.5.0/toolchains/gcc_arm/13.2.rel1/bin/../lib/gcc/arm-none-eabi/13.2.1/thumb/v8-m.main+fp/hard\libg_nano.a(libc_a-findfp.o) (__sread)
C:/Renesas/RA/e2studio_v2024-07_fsp_v5.5.0/toolchains/gcc_arm/13.2.rel1/bin/../lib/gcc/arm-none-eabi/13.2.1/thumb/v8-m.main+fp/hard\libg_nano.a(libc_a-wbuf.o)
                              C:/Renesas/RA/e2studio_v2024-07_fsp_v5.5.0/toolchains/gcc_arm/13.2.rel1/bin/../lib/gcc/arm-none-eabi/13.2.1/thumb/v8-m.main+fp/hard\libg_nano.a(libc_a-puts.o) (__swbuf_r)
C:/Renesas/RA/e2studio_v2024-07_fsp_v5.5.0/toolchains/gcc_arm/13.2.rel1/bin/../lib/gcc/arm-none-eabi/13.2.1/thumb/v8-m.main+fp/hard\libg_nano.a(libc_a-wsetup.o)
                              C:/Renesas/RA/e2studio_v2024-07_fsp_v5.5.0/toolchains/gcc_arm/13.2.rel1/bin/../lib/gcc/arm-none-eabi/13.2.1/thumb/v8-m.main+fp/hard\libg_nano.a(libc_a-puts.o) (__swsetup_r)
[...]
Memory Configuration

Name             Origin             Length             Attributes
ITCM             0x00000000         0x00000000         xr
DTCM             0x00000000         0x00000000         xrw
FLASH            0x00000000         0x00200000         xr
RAM              0x20000000         0x00080000         xrw
DATA_FLASH       0x08000000         0x00002000         xr
QSPI_FLASH       0x60000000         0x04000000         xr
OSPI_DEVICE_0    0x68000000         0x08000000         xr
OSPI_DEVICE_1    0x70000000         0x10000000         xr
OSPI_DEVICE_0_RAM 0x68000000         0x08000000         xrw
OSPI_DEVICE_1_RAM 0x70000000         0x10000000         xrw
SDRAM            0x80010000         0x00000000         xrw
OPTION_SETTING   0x0100a100         0x00000100         r
OPTION_SETTING_OFS 0x0100a100         0x00000018         r
OPTION_SETTING_SAS 0x0100a134         0x000000cc         r
OPTION_SETTING_S 0x0100a200         0x00000100         r
ID_CODE          0x00000000         0x00000000         xr
*default*        0x00000000         0xffffffff

Linker script and memory map

LOAD C:/Renesas/RA/e2studio_v2024-07_fsp_v5.5.0/toolchains/gcc_arm/13.2.rel1/bin/../lib/gcc/arm-none-eabi/13.2.1/thumb/v8-m.main+fp/hard/crti.o
LOAD C:/Renesas/RA/e2studio_v2024-07_fsp_v5.5.0/toolchains/gcc_arm/13.2.rel1/bin/../lib/gcc/arm-none-eabi/13.2.1/thumb/v8-m.main+fp/hard/crtbegin.o
LOAD C:/Renesas/RA/e2studio_v2024-07_fsp_v5.5.0/toolchains/gcc_arm/13.2.rel1/bin/../lib/gcc/arm-none-eabi/13.2.1/thumb/v8-m.main+fp/hard/crt0.o
START GROUP
LOAD ./src/uart/bsp_uart.o
LOAD ./src/secure_modules/encryption/aead.o
LOAD ./src/secure_modules/encryption/encryption.o
LOAD ./src/secure_modules/encryption/key_management.o
LOAD ./src/secure_modules/encryption/permutations.o
LOAD ./src/secure_modules/encryption/printstate.o
LOAD ./src/my_nsc_api/my_nsc_api.o
LOAD ./src/canfd/bsp_canfd0.o
LOAD ./src/canfd/bsp_canfd1.o
LOAD ./src/SysTick/bsp_SysTick.o
LOAD ./src/g_canfd0_guard.o
LOAD ./src/g_canfd1_guard.o
LOAD ./src/g_uart4_guard.o
LOAD ./src/hal_entry.o
LOAD ./ra_gen/common_data.o
LOAD ./ra_gen/hal_data.o
LOAD ./ra_gen/main.o
LOAD ./ra_gen/pin_data.o
LOAD ./ra_gen/vector_data.o
LOAD ./ra/fsp/src/rm_tz_context/tz_context.o
LOAD ./ra/fsp/src/r_sci_uart/r_sci_uart.o
LOAD ./ra/fsp/src/r_ioport/r_ioport.o
LOAD ./ra/fsp/src/r_canfd/r_canfd.o
LOAD ./ra/fsp/src/bsp/mcu/all/bsp_clocks.o
LOAD ./ra/fsp/src/bsp/mcu/all/bsp_common.o
LOAD ./ra/fsp/src/bsp/mcu/all/bsp_delay.o
LOAD ./ra/fsp/src/bsp/mcu/all/bsp_group_irq.o
LOAD ./ra/fsp/src/bsp/mcu/all/bsp_guard.o
LOAD ./ra/fsp/src/bsp/mcu/all/bsp_io.o
LOAD ./ra/fsp/src/bsp/mcu/all/bsp_irq.o
LOAD ./ra/fsp/src/bsp/mcu/all/bsp_macl.o
LOAD ./ra/fsp/src/bsp/mcu/all/bsp_register_protection.o
LOAD ./ra/fsp/src/bsp/mcu/all/bsp_rom_registers.o
LOAD ./ra/fsp/src/bsp/mcu/all/bsp_sbrk.o
LOAD ./ra/fsp/src/bsp/mcu/all/bsp_sdram.o
LOAD ./ra/fsp/src/bsp/mcu/all/bsp_security.o
LOAD ./ra/fsp/src/bsp/cmsis/Device/RENESAS/Source/startup.o
LOAD ./ra/fsp/src/bsp/cmsis/Device/RENESAS/Source/system.o
END GROUP
START GROUP
LOAD C:/Renesas/RA/e2studio_v2024-07_fsp_v5.5.0/toolchains/gcc_arm/13.2.rel1/bin/../lib/gcc/arm-none-eabi/13.2.1/thumb/v8-m.main+fp/hard\libgcc.a
LOAD C:/Renesas/RA/e2studio_v2024-07_fsp_v5.5.0/toolchains/gcc_arm/13.2.rel1/bin/../lib/gcc/arm-none-eabi/13.2.1/thumb/v8-m.main+fp/hard\libg_nano.a
LOAD C:/Renesas/RA/e2studio_v2024-07_fsp_v5.5.0/toolchains/gcc_arm/13.2.rel1/bin/../lib/gcc/arm-none-eabi/13.2.1/thumb/v8-m.main+fp/hard\libc_nano.a
END GROUP
START GROUP
LOAD C:/Renesas/RA/e2studio_v2024-07_fsp_v5.5.0/toolchains/gcc_arm/13.2.rel1/bin/../lib/gcc/arm-none-eabi/13.2.1/thumb/v8-m.main+fp/hard\libgcc.a
LOAD C:/Renesas/RA/e2studio_v2024-07_fsp_v5.5.0/toolchains/gcc_arm/13.2.rel1/bin/../lib/gcc/arm-none-eabi/13.2.1/thumb/v8-m.main+fp/hard\libc_nano.a
END GROUP
LOAD C:/Renesas/RA/e2studio_v2024-07_fsp_v5.5.0/toolchains/gcc_arm/13.2.rel1/bin/../lib/gcc/arm-none-eabi/13.2.1/thumb/v8-m.main+fp/hard/crtend.o
LOAD C:/Renesas/RA/e2studio_v2024-07_fsp_v5.5.0/toolchains/gcc_arm/13.2.rel1/bin/../lib/gcc/arm-none-eabi/13.2.1/thumb/v8-m.main+fp/hard/crtn.o
                0x20000000                        RAM_START = 0x20000000
                0x00080000                        RAM_LENGTH = 0x80000
                0x00000000                        FLASH_START = 0x0
                0x00200000                        FLASH_LENGTH = 0x200000
                0x08000000                        DATA_FLASH_START = 0x8000000
                0x00002000                        DATA_FLASH_LENGTH = 0x2000
                0x0100a100                        OPTION_SETTING_START = 0x100a100
                0x00000100                        OPTION_SETTING_LENGTH = 0x100
                0x0100a200                        OPTION_SETTING_S_START = 0x100a200
                0x00000100                        OPTION_SETTING_S_LENGTH = 0x100
                0x00000000                        ID_CODE_START = 0x0
                0x00000000                        ID_CODE_LENGTH = 0x0
                0x80010000                        SDRAM_START = 0x80010000
                0x00000000                        SDRAM_LENGTH = 0x0
                0x60000000                        QSPI_FLASH_START = 0x60000000
                0x04000000                        QSPI_FLASH_LENGTH = 0x4000000
                0x68000000                        OSPI_DEVICE_0_START = 0x68000000
                0x08000000                        OSPI_DEVICE_0_LENGTH = 0x8000000
                0x70000000                        OSPI_DEVICE_1_START = 0x70000000
                0x10000000                        OSPI_DEVICE_1_LENGTH = 0x10000000
                0x00000001                        PROJECT_SECURE = 0x1
                0x04000000                        QSPI_FLASH_PRV_LENGTH = DEFINED (QSPI_FLASH_SIZE)?ABSOLUTE (QSPI_FLASH_SIZE):ABSOLUTE (QSPI_FLASH_LENGTH)
                0x08000000                        OSPI_DEVICE_0_PRV_LENGTH = DEFINED (OSPI_DEVICE_0_SIZE)?ABSOLUTE (OSPI_DEVICE_0_SIZE):ABSOLUTE (OSPI_DEVICE_0_LENGTH)
                0x10000000                        OSPI_DEVICE_1_PRV_LENGTH = DEFINED (OSPI_DEVICE_1_SIZE)?ABSOLUTE (OSPI_DEVICE_1_SIZE):ABSOLUTE (OSPI_DEVICE_1_LENGTH)
                0x00000000                        __RESERVE_NS_RAM = ((! (DEFINED (PROJECT_NONSECURE)) && DEFINED (RAM_NS_BUFFER_LENGTH)) && (OPTION_SETTING_S_LENGTH != 0x0))
                0x00000000                        ITCM_START = DEFINED (ITCM_START)?ITCM_START:0x0
                0x00000000                        ITCM_LENGTH = DEFINED (ITCM_LENGTH)?ITCM_LENGTH:0x0
                0x00000000                        DTCM_START = DEFINED (DTCM_START)?DTCM_START:0x0
                0x00000000                        DTCM_LENGTH = DEFINED (DTCM_LENGTH)?DTCM_LENGTH:0x0
                0x00000000                        RAM_NS_BUFFER_BLOCK_LENGTH = DEFINED (RAM_NS_BUFFER_LENGTH)?ALIGN (RAM_NS_BUFFER_LENGTH, 0x2000):0x0
                0x00000000                        RAM_NS_BUFFER_LENGTH = DEFINED (RAM_NS_BUFFER_LENGTH)?RAM_NS_BUFFER_LENGTH:0x0
                0x20080000                        RAM_NS_BUFFER_START = ((RAM_START + RAM_LENGTH) - RAM_NS_BUFFER_LENGTH)
                0x20080000                        RAM_NS_BUFFER_BLOCK_START = ((RAM_START + RAM_LENGTH) - RAM_NS_BUFFER_BLOCK_LENGTH)
                0x0100a180                        OPTION_SETTING_START_NS = DEFINED (PROJECT_NONSECURE)?OPTION_SETTING_START:(OPTION_SETTING_START + 0x80)
                0x00000001                        __bl_FSP_BOOTABLE_IMAGE = 0x1
                0x00000001                        __bln_FSP_BOOTABLE_IMAGE = 0x1
                0x00000001                        PROJECT_SECURE_OR_FLAT = (((! (DEFINED (PROJECT_NONSECURE)) || DEFINED (PROJECT_SECURE)) && OPTION_SETTING_LENGTH) && ! (DEFINED (FSP_BOOTABLE_IMAGE)))
                0x00000000                        USE_OPTION_SETTING_NS = (DEFINED (PROJECT_NONSECURE) && ! (DEFINED (FSP_BOOTABLE_IMAGE)))
                0x00000000                        __bl_FLASH_IMAGE_START = ! (DEFINED (FLASH_BOOTLOADER_LENGTH))?0x0:(FLASH_APPLICATION_IMAGE_NUMBER == 0x1)?((FLASH_START + FLASH_BOOTLOADER_LENGTH) + FLASH_BOOTLOADER_HEADER_LENGTH):(DEFINED (BOOTLOADER_SECONDARY_USE_QSPI) || DEFINED (BOOTLOADER_SECONDARY_USE_OSPI_B))?(((FLASH_START + FLASH_BOOTLOADER_LENGTH) + FLASH_BOOTLOADER_SCRATCH_LENGTH) + FLASH_BOOTLOADER_HEADER_LENGTH):((((FLASH_START + FLASH_BOOTLOADER_LENGTH) + FLASH_BOOTLOADER_SCRATCH_LENGTH) + FLASH_APPLICATION_S_LENGTH) + FLASH_BOOTLOADER_HEADER_LENGTH)
                0x00000000                        __bl_FLASH_IMAGE_LENGTH = ! (DEFINED (FLASH_BOOTLOADER_LENGTH))?0x0:(FLASH_APPLICATION_S_LENGTH - FLASH_BOOTLOADER_HEADER_LENGTH)
                0x00000000                        __bl_FLASH_IMAGE_END = (__bl_FLASH_IMAGE_START + __bl_FLASH_IMAGE_LENGTH)
                0x00000000                        __bl_XIP_SECONDARY_FLASH_IMAGE_START = ! (DEFINED (FLASH_BOOTLOADER_LENGTH))?0x0:(((FLASH_START + FLASH_BOOTLOADER_LENGTH) + FLASH_APPLICATION_S_LENGTH) + FLASH_BOOTLOADER_HEADER_LENGTH)
                0x00000000                        __bl_XIP_SECONDARY_FLASH_IMAGE_END = (__bl_XIP_SECONDARY_FLASH_IMAGE_START + __bl_FLASH_IMAGE_LENGTH)
                0x00000000                        __bl_FLASH_NS_START = ! (DEFINED (FLASH_BOOTLOADER_LENGTH))?0x0:(FLASH_APPLICATION_NS_LENGTH == 0x0)?__bl_FLASH_IMAGE_END:((__bl_FLASH_IMAGE_START - FLASH_BOOTLOADER_HEADER_LENGTH) + FLASH_APPLICATION_S_LENGTH)
                0x00000000                        __bl_FLASH_NSC_START = ! (DEFINED (FLASH_BOOTLOADER_LENGTH))?0x0:(FLASH_APPLICATION_NS_LENGTH == 0x0)?__bl_FLASH_IMAGE_END:(__bl_FLASH_IMAGE_END - FLASH_APPLICATION_NSC_LENGTH)
                0x00000000                        __bl_RAM_NS_START = ! (DEFINED (FLASH_BOOTLOADER_LENGTH))?0x0:(FLASH_APPLICATION_NS_LENGTH == 0x0)?(RAM_START + RAM_LENGTH):((RAM_START + RAM_LENGTH) - RAM_APPLICATION_NS_LENGTH)
                0x00000000                        __bl_RAM_NSC_START = ! (DEFINED (FLASH_BOOTLOADER_LENGTH))?0x0:(FLASH_APPLICATION_NS_LENGTH == 0x0)?(RAM_START + RAM_LENGTH):(__bl_RAM_NS_START - RAM_APPLICATION_NSC_LENGTH)
                0x00000000                        __bl_FLASH_NS_IMAGE_START = ! (DEFINED (FLASH_BOOTLOADER_LENGTH))?0x0:(FLASH_APPLICATION_NS_LENGTH == 0x0)?__bl_FLASH_IMAGE_END:(__bl_FLASH_NS_START + FLASH_BOOTLOADER_HEADER_LENGTH_2)
                0x00000000                        __bln_FLASH_IMAGE_START = (__bl_FLASH_NS_IMAGE_START | ! (DEFINED (NS_OFFSET_START))?0x0:NS_OFFSET_START)
                0x00000000                        __bln_FLASH_IMAGE_LENGTH = ! (DEFINED (FLASH_BOOTLOADER_LENGTH))?0x0:(FLASH_APPLICATION_NS_LENGTH == 0x0)?__bl_FLASH_IMAGE_END:(FLASH_APPLICATION_NS_LENGTH - FLASH_BOOTLOADER_HEADER_LENGTH_2)
                0x00000000                        XIP_SECONDARY_SLOT_IMAGE = DEFINED (XIP_SECONDARY_SLOT_IMAGE)?XIP_SECONDARY_SLOT_IMAGE:0x0
                0x00000000                        FLASH_ORIGIN = ! (DEFINED (FLASH_IMAGE_START))?FLASH_START:(XIP_SECONDARY_SLOT_IMAGE == 0x1)?XIP_SECONDARY_FLASH_IMAGE_START:FLASH_IMAGE_START
                0x00200000                        LIMITED_FLASH_LENGTH = DEFINED (FLASH_IMAGE_LENGTH)?FLASH_IMAGE_LENGTH:DEFINED (FLASH_BOOTLOADER_LENGTH)?FLASH_BOOTLOADER_LENGTH:FLASH_LENGTH
                0x00000034                        OPTION_SETTING_SAS_SIZE = 0x34
                0x000000cc                        OPTION_SETTING_SAS_LENGTH = ! (DEFINED (OPTION_SETTING_LENGTH))?0x0:(OPTION_SETTING_LENGTH == 0x0)?0x0:(OPTION_SETTING_LENGTH - OPTION_SETTING_SAS_SIZE)
START GROUP
LOAD C:/Renesas/RA/e2studio_v2024-07_fsp_v5.5.0/toolchains/gcc_arm/13.2.rel1/bin/../lib/gcc/arm-none-eabi/13.2.1/thumb/v8-m.main+fp/hard\libgcc.a
LOAD C:/Renesas/RA/e2studio_v2024-07_fsp_v5.5.0/toolchains/gcc_arm/13.2.rel1/bin/../lib/gcc/arm-none-eabi/13.2.1/thumb/v8-m.main+fp/hard\libc.a
LOAD C:/Renesas/RA/e2studio_v2024-07_fsp_v5.5.0/toolchains/gcc_arm/13.2.rel1/bin/../lib/gcc/arm-none-eabi/13.2.1/thumb/v8-m.main+fp/hard\libm.a
END GROUP

.text           0x00000000     0xc6f8
                0x00000000                        __tz_FLASH_S = ABSOLUTE (FLASH_START)
                0x00000000                        __ROM_Start = .
 *(.fixed_vectors*)
 .fixed_vectors
                0x00000000       0x40 ./ra/fsp/src/bsp/cmsis/Device/RENESAS/Source/startup.o
                0x00000000                __Vectors
 *(.application_vectors*)
 .application_vectors
                0x00000040      0x180 ./ra_gen/vector_data.o
                0x00000040                g_vector_table
                0x000001c0                        __Vectors_End = .
 *(.flash_gap*)
                0x000001c0                        . = (OPTION_SETTING_LENGTH > 0x0)?.:(__ROM_Start + 0x400)
 *(.rom_registers*)
 *(.mcuboot_sce9_key*)
 *(.text*)
 .text.deregister_tm_clones
                0x000001c0       0x1c C:/Renesas/RA/e2studio_v2024-07_fsp_v5.5.0/toolchains/gcc_arm/13.2.rel1/bin/../lib/gcc/arm-none-eabi/13.2.1/thumb/v8-m.main+fp/hard/crtbegin.o
 .text.register_tm_clones
                0x000001dc       0x28 C:/Renesas/RA/e2studio_v2024-07_fsp_v5.5.0/toolchains/gcc_arm/13.2.rel1/bin/../lib/gcc/arm-none-eabi/13.2.1/thumb/v8-m.main+fp/hard/crtbegin.o
 .text.__do_global_dtors_aux
                0x00000204       0x28 C:/Renesas/RA/e2studio_v2024-07_fsp_v5.5.0/toolchains/gcc_arm/13.2.rel1/bin/../lib/gcc/arm-none-eabi/13.2.1/thumb/v8-m.main+fp/hard/crtbegin.o
 .text.frame_dummy
                0x0000022c       0x24 C:/Renesas/RA/e2studio_v2024-07_fsp_v5.5.0/toolchains/gcc_arm/13.2.rel1/bin/../lib/gcc/arm-none-eabi/13.2.1/thumb/v8-m.main+fp/hard/crtbegin.o
 .text.debug_uart4_callback
                0x00000250       0x3c ./src/uart/bsp_uart.o
                0x00000250                debug_uart4_callback
 .text.Debug_UART4_Init
                0x0000028c       0x44 ./src/uart/bsp_uart.o
                0x0000028c                Debug_UART4_Init
 .text._write   0x000002d0       0x3c ./src/uart/bsp_uart.o
                0x000002d0                _write
 .text._read    0x0000030c       0x30 ./src/uart/bsp_uart.o
                0x0000030c                _read
 .text._isatty  0x0000033c       0x18 ./src/uart/bsp_uart.o
                0x0000033c                _isatty
 .text._close   0x00000354       0x1c ./src/uart/bsp_uart.o
                0x00000354                _close
 .text._lseek   0x00000370       0x14 ./src/uart/bsp_uart.o
                0x00000370                _lseek
 .text._fstat   0x00000384       0x1c ./src/uart/bsp_uart.o
                0x00000384                _fstat
 .text.ascon_aead_encrypt
                0x000003a0     0x41e8 ./src/secure_modules/encryption/aead.o
                0x000003a0                ascon_aead_encrypt
 .text.crypto_aead_encrypt
                0x00004588       0x28 ./src/secure_modules/encryption/aead.o
                0x00004588                crypto_aead_encrypt
 .text.init_key
                0x000045b0       0x88 ./src/secure_modules/encryption/encryption.o
                0x000045b0                init_key
 .text.encrypt_data
                0x00004638       0x4c ./src/secure_modules/encryption/encryption.o
                0x00004638                encrypt_data
 .text.My_nsc_api_Init
                0x00004684       0xcc ./src/my_nsc_api/my_nsc_api.o
                0x00004684                __acle_se_My_nsc_api_Init
 .text.My_NSC_API_ReadSecureData
                0x00004750       0x9c ./src/my_nsc_api/my_nsc_api.o
                0x00004750                __acle_se_My_NSC_API_ReadSecureData
 .text.CANFD0_Init
                0x000047ec       0x30 ./src/canfd/bsp_canfd0.o
                0x000047ec                CANFD0_Init
 .text.canfd0_callback
                0x0000481c       0x94 ./src/canfd/bsp_canfd0.o
                0x0000481c                canfd0_callback
 .text.CANFD0_Operation
                0x000048b0       0x80 ./src/canfd/bsp_canfd0.o
                0x000048b0                CANFD0_Operation
 .text.CANFD1_Init
                0x00004930       0x30 ./src/canfd/bsp_canfd1.o
                0x00004930                CANFD1_Init
 .text.canfd1_callback
                0x00004960       0x94 ./src/canfd/bsp_canfd1.o
                0x00004960                canfd1_callback
 .text.CANFD1_Operation
                0x000049f4       0x80 ./src/canfd/bsp_canfd1.o
                0x000049f4                CANFD1_Operation
 .text.SysTick_Init
                0x00004a74       0x4c ./src/SysTick/bsp_SysTick.o
                0x00004a74                SysTick_Init
 .text.system_get_time
                0x00004ac0       0x40 ./src/SysTick/bsp_SysTick.o
                0x00004ac0                system_get_time
 .text.SysTick_Handler
                0x00004b00       0x28 ./src/SysTick/bsp_SysTick.o
                0x00004b00                SysTick_Handler
 .text.g_canfd0_open_guard
                0x00004b28       0x7c ./src/g_canfd0_guard.o
                0x00004b28                __acle_se_g_canfd0_open_guard
 .text.g_canfd0_close_guard
                0x00004ba4       0x78 ./src/g_canfd0_guard.o
                0x00004ba4                __acle_se_g_canfd0_close_guard
 .text.g_canfd0_write_guard
                0x00004c1c       0xa8 ./src/g_canfd0_guard.o
                0x00004c1c                __acle_se_g_canfd0_write_guard
 .text.g_canfd0_read_guard
                0x00004cc4       0x8c ./src/g_canfd0_guard.o
                0x00004cc4                __acle_se_g_canfd0_read_guard
 .text.g_canfd0_mode_transition_guard
                0x00004d50       0x78 ./src/g_canfd0_guard.o
                0x00004d50                __acle_se_g_canfd0_mode_transition_guard
 .text.g_canfd0_info_get_guard
                0x00004dc8       0x88 ./src/g_canfd0_guard.o
                0x00004dc8                __acle_se_g_canfd0_info_get_guard
 .text.g_canfd0_callback_set_guard
                0x00004e50       0xa0 ./src/g_canfd0_guard.o
                0x00004e50                __acle_se_g_canfd0_callback_set_guard
 .text.g_canfd1_open_guard
                0x00004ef0       0x7c ./src/g_canfd1_guard.o
                0x00004ef0                __acle_se_g_canfd1_open_guard
 .text.g_canfd1_close_guard
                0x00004f6c       0x78 ./src/g_canfd1_guard.o
                0x00004f6c                __acle_se_g_canfd1_close_guard
 .text.g_canfd1_write_guard
                0x00004fe4       0xa8 ./src/g_canfd1_guard.o
                0x00004fe4                __acle_se_g_canfd1_write_guard
 .text.g_canfd1_read_guard
                0x0000508c       0x8c ./src/g_canfd1_guard.o
                0x0000508c                __acle_se_g_canfd1_read_guard
 .text.g_canfd1_mode_transition_guard
                0x00005118       0x78 ./src/g_canfd1_guard.o
                0x00005118                __acle_se_g_canfd1_mode_transition_guard
 .text.g_canfd1_info_get_guard
                0x00005190       0x88 ./src/g_canfd1_guard.o
                0x00005190                __acle_se_g_canfd1_info_get_guard
 .text.g_canfd1_callback_set_guard
                0x00005218       0xa0 ./src/g_canfd1_guard.o
                0x00005218                __acle_se_g_canfd1_callback_set_guard
 .text.g_uart4_open_guard
                0x000052b8       0x7c ./src/g_uart4_guard.o
                0x000052b8                __acle_se_g_uart4_open_guard
 .text.g_uart4_read_guard
                0x00005334       0x8c ./src/g_uart4_guard.o
                0x00005334                __acle_se_g_uart4_read_guard
 .text.g_uart4_write_guard
                0x000053c0       0x8c ./src/g_uart4_guard.o
                0x000053c0                __acle_se_g_uart4_write_guard
 .text.g_uart4_baud_set_guard
                0x0000544c       0x88 ./src/g_uart4_guard.o
                0x0000544c                __acle_se_g_uart4_baud_set_guard
 .text.g_uart4_info_get_guard
                0x000054d4       0x88 ./src/g_uart4_guard.o
                0x000054d4                __acle_se_g_uart4_info_get_guard
 .text.g_uart4_close_guard
                0x0000555c       0x78 ./src/g_uart4_guard.o
                0x0000555c                __acle_se_g_uart4_close_guard
 .text.g_uart4_abort_guard
                0x000055d4       0x78 ./src/g_uart4_guard.o
                0x000055d4                __acle_se_g_uart4_abort_guard
 .text.g_uart4_baud_calculate_guard
                0x0000564c       0x90 ./src/g_uart4_guard.o
                0x0000564c                __acle_se_g_uart4_baud_calculate_guard
 .text.g_uart4_callback_set_guard
                0x000056dc       0xa0 ./src/g_uart4_guard.o
                0x000056dc                __acle_se_g_uart4_callback_set_guard
 .text.g_uart4_read_stop_guard
                0x0000577c       0x88 ./src/g_uart4_guard.o
                0x0000577c                __acle_se_g_uart4_read_stop_guard
 .text.hal_entry
                0x00005804      0x174 ./src/hal_entry.o
                0x00005804                hal_entry
 .text.R_BSP_WarmStart
                0x00005978       0x18 ./src/hal_entry.o
                0x00005978                R_BSP_WarmStart
 .text.template_nonsecure_callable
                0x00005990       0x68 ./src/hal_entry.o
                0x00005990                __acle_se_template_nonsecure_callable
 .text.startup.main
                0x000059f8        0xc ./ra_gen/main.o
                0x000059f8                main
 .text.R_BSP_PinCfgSecurityInit
                0x00005a04       0x70 ./ra_gen/pin_data.o
                0x00005a04                R_BSP_PinCfgSecurityInit
 .text.TZ_InitContextSystem_S
                0x00005a74       0xcc ./ra/fsp/src/rm_tz_context/tz_context.o
                0x00005a74                __acle_se_TZ_InitContextSystem_S
 .text.TZ_AllocModuleContext_S
                0x00005b40       0xa4 ./ra/fsp/src/rm_tz_context/tz_context.o
                0x00005b40                __acle_se_TZ_AllocModuleContext_S
 .text.TZ_FreeModuleContext_S
                0x00005be4       0xb0 ./ra/fsp/src/rm_tz_context/tz_context.o
                0x00005be4                __acle_se_TZ_FreeModuleContext_S
 .text.TZ_LoadContext_S
                0x00005c94       0xa0 ./ra/fsp/src/rm_tz_context/tz_context.o
                0x00005c94                __acle_se_TZ_LoadContext_S
 .text.TZ_StoreContext_S
                0x00005d34       0xd0 ./ra/fsp/src/rm_tz_context/tz_context.o
                0x00005d34                __acle_se_TZ_StoreContext_S
 .text.R_SCI_UART_Close
                0x00005e04       0xcc ./ra/fsp/src/r_sci_uart/r_sci_uart.o
                0x00005e04                R_SCI_UART_Close
 .text.R_SCI_UART_Read
                0x00005ed0        0xc ./ra/fsp/src/r_sci_uart/r_sci_uart.o
                0x00005ed0                R_SCI_UART_Read
 .text.R_SCI_UART_Write
                0x00005edc       0x50 ./ra/fsp/src/r_sci_uart/r_sci_uart.o
                0x00005edc                R_SCI_UART_Write
 .text.R_SCI_UART_BaudSet
                0x00005f2c       0x68 ./ra/fsp/src/r_sci_uart/r_sci_uart.o
                0x00005f2c                R_SCI_UART_BaudSet
 .text.R_SCI_UART_InfoGet
                0x00005f94        0xc ./ra/fsp/src/r_sci_uart/r_sci_uart.o
                0x00005f94                R_SCI_UART_InfoGet
 .text.R_SCI_UART_Abort
                0x00005fa0       0x3c ./ra/fsp/src/r_sci_uart/r_sci_uart.o
                0x00005fa0                R_SCI_UART_Abort
 .text.R_SCI_UART_ReadStop
                0x00005fdc       0x14 ./ra/fsp/src/r_sci_uart/r_sci_uart.o
                0x00005fdc                R_SCI_UART_ReadStop
 .text.r_sci_uart_call_callback
                0x00005ff0       0xa0 ./ra/fsp/src/r_sci_uart/r_sci_uart.o
 .text.R_SCI_UART_CallbackSet
                0x00006090       0x24 ./ra/fsp/src/r_sci_uart/r_sci_uart.o
                0x00006090                R_SCI_UART_CallbackSet
 .text.R_SCI_UART_Open
                0x000060b4      0x3bc ./ra/fsp/src/r_sci_uart/r_sci_uart.o
                0x000060b4                R_SCI_UART_Open
 .text.R_SCI_UART_BaudCalculate
                0x00006470      0x1e4 ./ra/fsp/src/r_sci_uart/r_sci_uart.o
                0x00006470                R_SCI_UART_BaudCalculate
 .text.sci_uart_txi_isr
                0x00006654       0x8c ./ra/fsp/src/r_sci_uart/r_sci_uart.o
                0x00006654                sci_uart_txi_isr
 .text.sci_uart_rxi_isr
                0x000066e0       0x90 ./ra/fsp/src/r_sci_uart/r_sci_uart.o
                0x000066e0                sci_uart_rxi_isr
 .text.sci_uart_tei_isr
                0x00006770       0x48 ./ra/fsp/src/r_sci_uart/r_sci_uart.o
                0x00006770                sci_uart_tei_isr
 .text.sci_uart_eri_isr
                0x000067b8       0x78 ./ra/fsp/src/r_sci_uart/r_sci_uart.o
                0x000067b8                sci_uart_eri_isr
 .text.bsp_vbatt_init
                0x00006830       0x9c ./ra/fsp/src/r_ioport/r_ioport.o
 .text.r_ioport_pins_config
                0x000068cc       0xac ./ra/fsp/src/r_ioport/r_ioport.o
 .text.R_IOPORT_Open
                0x00006978       0x14 ./ra/fsp/src/r_ioport/r_ioport.o
                0x00006978                R_IOPORT_Open
 .text.R_CANFD_InfoGet
                0x0000698c       0x5c ./ra/fsp/src/r_canfd/r_canfd.o
                0x0000698c                R_CANFD_InfoGet
 .text.r_canfd_mb_read
                0x000069e8       0x84 ./ra/fsp/src/r_canfd/r_canfd.o
 .text.R_CANFD_Read
                0x00006a6c       0x5c ./ra/fsp/src/r_canfd/r_canfd.o
                0x00006a6c                R_CANFD_Read
 .text.r_canfd_call_callback
                0x00006ac8       0x98 ./ra/fsp/src/r_canfd/r_canfd.o
 .text.r_canfd_mode_transition
                0x00006b60      0x140 ./ra/fsp/src/r_canfd/r_canfd.o
 .text.R_CANFD_Close
                0x00006ca0       0xf8 ./ra/fsp/src/r_canfd/r_canfd.o
                0x00006ca0                R_CANFD_Close
 .text.R_CANFD_ModeTransition
                0x00006d98       0xa0 ./ra/fsp/src/r_canfd/r_canfd.o
                0x00006d98                R_CANFD_ModeTransition
 .text.R_CANFD_CallbackSet
                0x00006e38       0x24 ./ra/fsp/src/r_canfd/r_canfd.o
                0x00006e38                R_CANFD_CallbackSet
 .text.R_CANFD_Write
                0x00006e5c      0x11c ./ra/fsp/src/r_canfd/r_canfd.o
                0x00006e5c                R_CANFD_Write
 .text.R_CANFD_Open
                0x00006f78      0x3ac ./ra/fsp/src/r_canfd/r_canfd.o
                0x00006f78                R_CANFD_Open
 .text.canfd_error_isr
                0x00007324       0xdc ./ra/fsp/src/r_canfd/r_canfd.o
                0x00007324                canfd_error_isr
 .text.canfd_rx_fifo_isr
                0x00007400       0xb4 ./ra/fsp/src/r_canfd/r_canfd.o
                0x00007400                canfd_rx_fifo_isr
 .text.canfd_channel_tx_isr
                0x000074b4      0x130 ./ra/fsp/src/r_canfd/r_canfd.o
                0x000074b4                canfd_channel_tx_isr
 .text.canfd_common_fifo_rx_isr
                0x000075e4       0xd8 ./ra/fsp/src/r_canfd/r_canfd.o
                0x000075e4                canfd_common_fifo_rx_isr
 .text.r_bsp_clock_update_callback_set
                0x000076bc       0x80 ./ra/fsp/src/bsp/mcu/all/bsp_clocks.o
                0x000076bc                r_bsp_clock_update_callback_set
 .text.SystemCoreClockUpdate
                0x0000773c       0x28 ./ra/fsp/src/bsp/mcu/all/bsp_clocks.o
                0x0000773c                SystemCoreClockUpdate
 .text.R_BSP_SubClockStabilizeWaitAfterReset
                0x00007764        0x4 ./ra/fsp/src/bsp/mcu/all/bsp_clocks.o
                0x00007764                R_BSP_SubClockStabilizeWaitAfterReset
 .text.bsp_clock_init
                0x00007768      0x198 ./ra/fsp/src/bsp/mcu/all/bsp_clocks.o
                0x00007768                bsp_clock_init
 .text.R_BSP_Init_RTC
                0x00007900       0x68 ./ra/fsp/src/bsp/mcu/all/bsp_clocks.o
                0x00007900                R_BSP_Init_RTC
 .text.bsp_init_internal
                0x00007968        0x4 ./ra/fsp/src/bsp/mcu/all/bsp_common.o
                0x00007968                bsp_init_internal
                0x00007968                bsp_init
 .text.__assert_func
                0x0000796c        0x4 ./ra/fsp/src/bsp/mcu/all/bsp_common.o
                0x0000796c                __assert_func
 .text.bsp_prv_software_delay_loop
                0x00007970        0xc ./ra/fsp/src/bsp/mcu/all/bsp_delay.o
                0x00007970                bsp_prv_software_delay_loop
 .text.R_BSP_SoftwareDelay
                0x0000797c       0x58 ./ra/fsp/src/bsp/mcu/all/bsp_delay.o
                0x0000797c                R_BSP_SoftwareDelay
 .text.NMI_Handler
                0x000079d4       0x3c ./ra/fsp/src/bsp/mcu/all/bsp_group_irq.o
                0x000079d4                NMI_Handler
 .text.R_BSP_ClockUpdateCallbackSet
                0x00007a10       0xa8 ./ra/fsp/src/bsp/mcu/all/bsp_guard.o
                0x00007a10                __acle_se_R_BSP_ClockUpdateCallbackSet
 .text.bsp_irq_cfg
                0x00007ab8       0x9c ./ra/fsp/src/bsp/mcu/all/bsp_irq.o
                0x00007ab8                bsp_irq_cfg
 .text.R_BSP_RegisterProtectEnable
                0x00007b54       0x60 ./ra/fsp/src/bsp/mcu/all/bsp_register_protection.o
                0x00007b54                R_BSP_RegisterProtectEnable
 .text.R_BSP_RegisterProtectDisable
                0x00007bb4       0x54 ./ra/fsp/src/bsp/mcu/all/bsp_register_protection.o
                0x00007bb4                R_BSP_RegisterProtectDisable
 .text._sbrk    0x00007c08       0x40 ./ra/fsp/src/bsp/mcu/all/bsp_sbrk.o
                0x00007c08                _sbrk
 .text.R_BSP_ElcCfgSecurityInit
                0x00007c48        0x4 ./ra/fsp/src/bsp/mcu/all/bsp_security.o
                0x00007c48                R_BSP_ElcCfgSecurityInit
 .text.R_BSP_SecurityInit
                0x00007c4c       0xf8 ./ra/fsp/src/bsp/mcu/all/bsp_security.o
                0x00007c4c                R_BSP_SecurityInit
 .text.Default_Handler
                0x00007d44        0x4 ./ra/fsp/src/bsp/cmsis/Device/RENESAS/Source/startup.o
                0x00007d44                DebugMon_Handler
                0x00007d44                HardFault_Handler
                0x00007d44                PendSV_Handler
                0x00007d44                UsageFault_Handler
                0x00007d44                SecureFault_Handler
                0x00007d44                Default_Handler
                0x00007d44                MemManage_Handler
                0x00007d44                SVC_Handler
                0x00007d44                BusFault_Handler
 .text.Reset_Handler
                0x00007d48        0xc ./ra/fsp/src/bsp/cmsis/Device/RENESAS/Source/startup.o
                0x00007d48                Reset_Handler
 .text.SystemInit
                0x00007d54       0xd0 ./ra/fsp/src/bsp/cmsis/Device/RENESAS/Source/system.o
                0x00007d54                SystemInit
 .text.cmse_check_address_range
                0x00007e24       0xe4 C:/Renesas/RA/e2studio_v2024-07_fsp_v5.5.0/toolchains/gcc_arm/13.2.rel1/bin/../lib/gcc/arm-none-eabi/13.2.1/thumb/v8-m.main+fp/hard\libgcc.a(cmse.o)
                0x00007e24                cmse_check_address_range
 .text          0x00007f08       0x5c C:/Renesas/RA/e2studio_v2024-07_fsp_v5.5.0/toolchains/gcc_arm/13.2.rel1/bin/../lib/gcc/arm-none-eabi/13.2.1/thumb/v8-m.main+fp/hard\libgcc.a(cmse_nonsecure_call.o)
                0x00007f08                __gnu_cmse_nonsecure_call
 .text          0x00007f64       0xa0 C:/Renesas/RA/e2studio_v2024-07_fsp_v5.5.0/toolchains/gcc_arm/13.2.rel1/bin/../lib/gcc/arm-none-eabi/13.2.1/thumb/v8-m.main+fp/hard\libgcc.a(_aeabi_ldivmod.o)
                0x00007f64                __aeabi_ldivmod
 .text          0x00008004       0x30 C:/Renesas/RA/e2studio_v2024-07_fsp_v5.5.0/toolchains/gcc_arm/13.2.rel1/bin/../lib/gcc/arm-none-eabi/13.2.1/thumb/v8-m.main+fp/hard\libgcc.a(_aeabi_uldivmod.o)
                0x00008004                __aeabi_uldivmod
 .text.__udivmoddi4
                0x00008034      0x300 C:/Renesas/RA/e2studio_v2024-07_fsp_v5.5.0/toolchains/gcc_arm/13.2.rel1/bin/../lib/gcc/arm-none-eabi/13.2.1/thumb/v8-m.main+fp/hard\libgcc.a(_udivmoddi4.o)
                0x00008034                __udivmoddi4
 .text          0x00008334        0x4 C:/Renesas/RA/e2studio_v2024-07_fsp_v5.5.0/toolchains/gcc_arm/13.2.rel1/bin/../lib/gcc/arm-none-eabi/13.2.1/thumb/v8-m.main+fp/hard\libgcc.a(_dvmd_tls.o)
                0x00008334                __aeabi_idiv0
                0x00008334                __aeabi_ldiv0
 .text.__cvt    0x00008338       0xca C:/Renesas/RA/e2studio_v2024-07_fsp_v5.5.0/toolchains/gcc_arm/13.2.rel1/bin/../lib/gcc/arm-none-eabi/13.2.1/thumb/v8-m.main+fp/hard\libg_nano.a(libc_a-nano-vfprintf_float.o)
                0x00008338                __cvt
 .text.__exponent
                0x00008402       0x72 C:/Renesas/RA/e2studio_v2024-07_fsp_v5.5.0/toolchains/gcc_arm/13.2.rel1/bin/../lib/gcc/arm-none-eabi/13.2.1/thumb/v8-m.main+fp/hard\libg_nano.a(libc_a-nano-vfprintf_float.o)
                0x00008402                __exponent
 .text._printf_float
                0x00008474      0x454 C:/Renesas/RA/e2studio_v2024-07_fsp_v5.5.0/toolchains/gcc_arm/13.2.rel1/bin/../lib/gcc/arm-none-eabi/13.2.1/thumb/v8-m.main+fp/hard\libg_nano.a(libc_a-nano-vfprintf_float.o)
                0x00008474                _printf_float
 .text._printf_common
                0x000088c8       0xe4 C:/Renesas/RA/e2studio_v2024-07_fsp_v5.5.0/toolchains/gcc_arm/13.2.rel1/bin/../lib/gcc/arm-none-eabi/13.2.1/thumb/v8-m.main+fp/hard\libg_nano.a(libc_a-nano-vfprintf_i.o)
                0x000088c8                _printf_common
 .text._printf_i
                0x000089ac      0x23c C:/Renesas/RA/e2studio_v2024-07_fsp_v5.5.0/toolchains/gcc_arm/13.2.rel1/bin/../lib/gcc/arm-none-eabi/13.2.1/thumb/v8-m.main+fp/hard\libg_nano.a(libc_a-nano-vfprintf_i.o)
                0x000089ac                _printf_i
 .text.std      0x00008be8       0x6c C:/Renesas/RA/e2studio_v2024-07_fsp_v5.5.0/toolchains/gcc_arm/13.2.rel1/bin/../lib/gcc/arm-none-eabi/13.2.1/thumb/v8-m.main+fp/hard\libg_nano.a(libc_a-findfp.o)
 .text.stdio_exit_handler
                0x00008c54       0x18 C:/Renesas/RA/e2studio_v2024-07_fsp_v5.5.0/toolchains/gcc_arm/13.2.rel1/bin/../lib/gcc/arm-none-eabi/13.2.1/thumb/v8-m.main+fp/hard\libg_nano.a(libc_a-findfp.o)
 .text.cleanup_stdio
                0x00008c6c       0x40 C:/Renesas/RA/e2studio_v2024-07_fsp_v5.5.0/toolchains/gcc_arm/13.2.rel1/bin/../lib/gcc/arm-none-eabi/13.2.1/thumb/v8-m.main+fp/hard\libg_nano.a(libc_a-findfp.o)
 .text.global_stdio_init.part.0
                0x00008cac       0x3c C:/Renesas/RA/e2studio_v2024-07_fsp_v5.5.0/toolchains/gcc_arm/13.2.rel1/bin/../lib/gcc/arm-none-eabi/13.2.1/thumb/v8-m.main+fp/hard\libg_nano.a(libc_a-findfp.o)
 .text.__sfp_lock_acquire
                0x00008ce8        0xc C:/Renesas/RA/e2studio_v2024-07_fsp_v5.5.0/toolchains/gcc_arm/13.2.rel1/bin/../lib/gcc/arm-none-eabi/13.2.1/thumb/v8-m.main+fp/hard\libg_nano.a(libc_a-findfp.o)
                0x00008ce8                __sfp_lock_acquire
 .text.__sfp_lock_release
                0x00008cf4        0xc C:/Renesas/RA/e2studio_v2024-07_fsp_v5.5.0/toolchains/gcc_arm/13.2.rel1/bin/../lib/gcc/arm-none-eabi/13.2.1/thumb/v8-m.main+fp/hard\libg_nano.a(libc_a-findfp.o)
                0x00008cf4                __sfp_lock_release
 .text.__sinit  0x00008d00       0x30 C:/Renesas/RA/e2studio_v2024-07_fsp_v5.5.0/toolchains/gcc_arm/13.2.rel1/bin/../lib/gcc/arm-none-eabi/13.2.1/thumb/v8-m.main+fp/hard\libg_nano.a(libc_a-findfp.o)
                0x00008d00                __sinit
 .text._fwalk_sglue
                0x00008d30       0x3c C:/Renesas/RA/e2studio_v2024-07_fsp_v5.5.0/toolchains/gcc_arm/13.2.rel1/bin/../lib/gcc/arm-none-eabi/13.2.1/thumb/v8-m.main+fp/hard\libg_nano.a(libc_a-fwalk.o)
                0x00008d30                _fwalk_sglue
 .text.printf   0x00008d6c       0x24 C:/Renesas/RA/e2studio_v2024-07_fsp_v5.5.0/toolchains/gcc_arm/13.2.rel1/bin/../lib/gcc/arm-none-eabi/13.2.1/thumb/v8-m.main+fp/hard\libg_nano.a(libc_a-printf.o)
                0x00008d6c                iprintf
                0x00008d6c                printf
 .text._puts_r  0x00008d90       0xaa C:/Renesas/RA/e2studio_v2024-07_fsp_v5.5.0/toolchains/gcc_arm/13.2.rel1/bin/../lib/gcc/arm-none-eabi/13.2.1/thumb/v8-m.main+fp/hard\libg_nano.a(libc_a-puts.o)
                0x00008d90                _puts_r
 *fill*         0x00008e3a        0x2 ff
 .text.puts     0x00008e3c       0x10 C:/Renesas/RA/e2studio_v2024-07_fsp_v5.5.0/toolchains/gcc_arm/13.2.rel1/bin/../lib/gcc/arm-none-eabi/13.2.1/thumb/v8-m.main+fp/hard\libg_nano.a(libc_a-puts.o)
                0x00008e3c                puts
 .text.__sread  0x00008e4c       0x22 C:/Renesas/RA/e2studio_v2024-07_fsp_v5.5.0/toolchains/gcc_arm/13.2.rel1/bin/../lib/gcc/arm-none-eabi/13.2.1/thumb/v8-m.main+fp/hard\libg_nano.a(libc_a-stdio.o)
                0x00008e4c                __sread
 .text.__swrite
                0x00008e6e       0x38 C:/Renesas/RA/e2studio_v2024-07_fsp_v5.5.0/toolchains/gcc_arm/13.2.rel1/bin/../lib/gcc/arm-none-eabi/13.2.1/thumb/v8-m.main+fp/hard\libg_nano.a(libc_a-stdio.o)
                0x00008e6e                __swrite
 .text.__sseek  0x00008ea6       0x24 C:/Renesas/RA/e2studio_v2024-07_fsp_v5.5.0/toolchains/gcc_arm/13.2.rel1/bin/../lib/gcc/arm-none-eabi/13.2.1/thumb/v8-m.main+fp/hard\libg_nano.a(libc_a-stdio.o)
                0x00008ea6                __sseek
 .text.__sclose
                0x00008eca        0x8 C:/Renesas/RA/e2studio_v2024-07_fsp_v5.5.0/toolchains/gcc_arm/13.2.rel1/bin/../lib/gcc/arm-none-eabi/13.2.1/thumb/v8-m.main+fp/hard\libg_nano.a(libc_a-stdio.o)
                0x00008eca                __sclose
 .text.__swbuf_r
                0x00008ed2       0x7c C:/Renesas/RA/e2studio_v2024-07_fsp_v5.5.0/toolchains/gcc_arm/13.2.rel1/bin/../lib/gcc/arm-none-eabi/13.2.1/thumb/v8-m.main+fp/hard\libg_nano.a(libc_a-wbuf.o)
                0x00008ed2                __swbuf_r
 *fill*         0x00008f4e        0x2 ff
 .text.__swsetup_r
                0x00008f50       0xac C:/Renesas/RA/e2studio_v2024-07_fsp_v5.5.0/toolchains/gcc_arm/13.2.rel1/bin/../lib/gcc/arm-none-eabi/13.2.1/thumb/v8-m.main+fp/hard\libg_nano.a(libc_a-wsetup.o)
                0x00008f50                __swsetup_r
 .text.memset   0x00008ffc       0x10 C:/Renesas/RA/e2studio_v2024-07_fsp_v5.5.0/toolchains/gcc_arm/13.2.rel1/bin/../lib/gcc/arm-none-eabi/13.2.1/thumb/v8-m.main+fp/hard\libg_nano.a(libc_a-memset.o)
                0x00008ffc                memset
 .text._localeconv_r
                0x0000900c        0x8 C:/Renesas/RA/e2studio_v2024-07_fsp_v5.5.0/toolchains/gcc_arm/13.2.rel1/bin/../lib/gcc/arm-none-eabi/13.2.1/thumb/v8-m.main+fp/hard\libg_nano.a(libc_a-localeconv.o)
                0x0000900c                _localeconv_r
 .text._close_r
                0x00009014       0x20 C:/Renesas/RA/e2studio_v2024-07_fsp_v5.5.0/toolchains/gcc_arm/13.2.rel1/bin/../lib/gcc/arm-none-eabi/13.2.1/thumb/v8-m.main+fp/hard\libg_nano.a(libc_a-closer.o)
                0x00009014                _close_r
 .text._lseek_r
                0x00009034       0x24 C:/Renesas/RA/e2studio_v2024-07_fsp_v5.5.0/toolchains/gcc_arm/13.2.rel1/bin/../lib/gcc/arm-none-eabi/13.2.1/thumb/v8-m.main+fp/hard\libg_nano.a(libc_a-lseekr.o)
                0x00009034                _lseek_r
 .text._read_r  0x00009058       0x24 C:/Renesas/RA/e2studio_v2024-07_fsp_v5.5.0/toolchains/gcc_arm/13.2.rel1/bin/../lib/gcc/arm-none-eabi/13.2.1/thumb/v8-m.main+fp/hard\libg_nano.a(libc_a-readr.o)
                0x00009058                _read_r
 .text._write_r
                0x0000907c       0x24 C:/Renesas/RA/e2studio_v2024-07_fsp_v5.5.0/toolchains/gcc_arm/13.2.rel1/bin/../lib/gcc/arm-none-eabi/13.2.1/thumb/v8-m.main+fp/hard\libg_nano.a(libc_a-writer.o)
                0x0000907c                _write_r
 .text.__errno  0x000090a0        0xc C:/Renesas/RA/e2studio_v2024-07_fsp_v5.5.0/toolchains/gcc_arm/13.2.rel1/bin/../lib/gcc/arm-none-eabi/13.2.1/thumb/v8-m.main+fp/hard\libg_nano.a(libc_a-errno.o)
                0x000090a0                __errno
 .text.__retarget_lock_init_recursive
                0x000090ac        0x2 C:/Renesas/RA/e2studio_v2024-07_fsp_v5.5.0/toolchains/gcc_arm/13.2.rel1/bin/../lib/gcc/arm-none-eabi/13.2.1/thumb/v8-m.main+fp/hard\libg_nano.a(libc_a-lock.o)
                0x000090ac                __retarget_lock_init_recursive
 .text.__retarget_lock_acquire_recursive
                0x000090ae        0x2 C:/Renesas/RA/e2studio_v2024-07_fsp_v5.5.0/toolchains/gcc_arm/13.2.rel1/bin/../lib/gcc/arm-none-eabi/13.2.1/thumb/v8-m.main+fp/hard\libg_nano.a(libc_a-lock.o)
                0x000090ae                __retarget_lock_acquire_recursive
 .text.__retarget_lock_release_recursive
                0x000090b0        0x2 C:/Renesas/RA/e2studio_v2024-07_fsp_v5.5.0/toolchains/gcc_arm/13.2.rel1/bin/../lib/gcc/arm-none-eabi/13.2.1/thumb/v8-m.main+fp/hard\libg_nano.a(libc_a-lock.o)
                0x000090b0                __retarget_lock_release_recursive
 .text.memchr   0x000090b2       0x1c C:/Renesas/RA/e2studio_v2024-07_fsp_v5.5.0/toolchains/gcc_arm/13.2.rel1/bin/../lib/gcc/arm-none-eabi/13.2.1/thumb/v8-m.main+fp/hard\libg_nano.a(libc_a-memchr-stub.o)
                0x000090b2                memchr
 .text.memcpy   0x000090ce       0x1a C:/Renesas/RA/e2studio_v2024-07_fsp_v5.5.0/toolchains/gcc_arm/13.2.rel1/bin/../lib/gcc/arm-none-eabi/13.2.1/thumb/v8-m.main+fp/hard\libg_nano.a(libc_a-memcpy-stub.o)
                0x000090ce                memcpy
 .text          0x000090e8       0x10 C:/Renesas/RA/e2studio_v2024-07_fsp_v5.5.0/toolchains/gcc_arm/13.2.rel1/bin/../lib/gcc/arm-none-eabi/13.2.1/thumb/v8-m.main+fp/hard\libg_nano.a(libc_a-strlen.o)
                0x000090e8                strlen
 .text.quorem   0x000090f8      0x11a C:/Renesas/RA/e2studio_v2024-07_fsp_v5.5.0/toolchains/gcc_arm/13.2.rel1/bin/../lib/gcc/arm-none-eabi/13.2.1/thumb/v8-m.main+fp/hard\libg_nano.a(libc_a-dtoa.o)
 *fill*         0x00009212        0x6 ff
 .text._dtoa_r  0x00009218      0xb7c C:/Renesas/RA/e2studio_v2024-07_fsp_v5.5.0/toolchains/gcc_arm/13.2.rel1/bin/../lib/gcc/arm-none-eabi/13.2.1/thumb/v8-m.main+fp/hard\libg_nano.a(libc_a-dtoa.o)
                0x00009218                _dtoa_r
 .text._free_r  0x00009d94       0x94 C:/Renesas/RA/e2studio_v2024-07_fsp_v5.5.0/toolchains/gcc_arm/13.2.rel1/bin/../lib/gcc/arm-none-eabi/13.2.1/thumb/v8-m.main+fp/hard\libg_nano.a(libc_a-freer.o)
                0x00009d94                _free_r
 .text.malloc   0x00009e28       0x10 C:/Renesas/RA/e2studio_v2024-07_fsp_v5.5.0/toolchains/gcc_arm/13.2.rel1/bin/../lib/gcc/arm-none-eabi/13.2.1/thumb/v8-m.main+fp/hard\libg_nano.a(libc_a-malloc.o)
                0x00009e28                malloc
 .text.sbrk_aligned
                0x00009e38       0x44 C:/Renesas/RA/e2studio_v2024-07_fsp_v5.5.0/toolchains/gcc_arm/13.2.rel1/bin/../lib/gcc/arm-none-eabi/13.2.1/thumb/v8-m.main+fp/hard\libg_nano.a(libc_a-mallocr.o)
 .text._malloc_r
                0x00009e7c      0x100 C:/Renesas/RA/e2studio_v2024-07_fsp_v5.5.0/toolchains/gcc_arm/13.2.rel1/bin/../lib/gcc/arm-none-eabi/13.2.1/thumb/v8-m.main+fp/hard\libg_nano.a(libc_a-mallocr.o)
                0x00009e7c                _malloc_r
 .text.__malloc_lock
                0x00009f7c        0xc C:/Renesas/RA/e2studio_v2024-07_fsp_v5.5.0/toolchains/gcc_arm/13.2.rel1/bin/../lib/gcc/arm-none-eabi/13.2.1/thumb/v8-m.main+fp/hard\libg_nano.a(libc_a-mlock.o)
                0x00009f7c                __malloc_lock
 .text.__malloc_unlock
                0x00009f88        0xc C:/Renesas/RA/e2studio_v2024-07_fsp_v5.5.0/toolchains/gcc_arm/13.2.rel1/bin/../lib/gcc/arm-none-eabi/13.2.1/thumb/v8-m.main+fp/hard\libg_nano.a(libc_a-mlock.o)
                0x00009f88                __malloc_unlock
 .text._Balloc  0x00009f94       0x80 C:/Renesas/RA/e2studio_v2024-07_fsp_v5.5.0/toolchains/gcc_arm/13.2.rel1/bin/../lib/gcc/arm-none-eabi/13.2.1/thumb/v8-m.main+fp/hard\libg_nano.a(libc_a-mprec.o)
                0x00009f94                _Balloc
 .text._Bfree   0x0000a014       0x44 C:/Renesas/RA/e2studio_v2024-07_fsp_v5.5.0/toolchains/gcc_arm/13.2.rel1/bin/../lib/gcc/arm-none-eabi/13.2.1/thumb/v8-m.main+fp/hard\libg_nano.a(libc_a-mprec.o)
                0x0000a014                _Bfree
 .text.__multadd
                0x0000a058       0x90 C:/Renesas/RA/e2studio_v2024-07_fsp_v5.5.0/toolchains/gcc_arm/13.2.rel1/bin/../lib/gcc/arm-none-eabi/13.2.1/thumb/v8-m.main+fp/hard\libg_nano.a(libc_a-mprec.o)
                0x0000a058                __multadd
 .text.__hi0bits
                0x0000a0e8       0x3e C:/Renesas/RA/e2studio_v2024-07_fsp_v5.5.0/toolchains/gcc_arm/13.2.rel1/bin/../lib/gcc/arm-none-eabi/13.2.1/thumb/v8-m.main+fp/hard\libg_nano.a(libc_a-mprec.o)
                0x0000a0e8                __hi0bits
 .text.__lo0bits
                0x0000a126       0x5a C:/Renesas/RA/e2studio_v2024-07_fsp_v5.5.0/toolchains/gcc_arm/13.2.rel1/bin/../lib/gcc/arm-none-eabi/13.2.1/thumb/v8-m.main+fp/hard\libg_nano.a(libc_a-mprec.o)
                0x0000a126                __lo0bits
 .text.__i2b    0x0000a180       0x2c C:/Renesas/RA/e2studio_v2024-07_fsp_v5.5.0/toolchains/gcc_arm/13.2.rel1/bin/../lib/gcc/arm-none-eabi/13.2.1/thumb/v8-m.main+fp/hard\libg_nano.a(libc_a-mprec.o)
                0x0000a180                __i2b
 .text.__multiply
                0x0000a1ac      0x148 C:/Renesas/RA/e2studio_v2024-07_fsp_v5.5.0/toolchains/gcc_arm/13.2.rel1/bin/../lib/gcc/arm-none-eabi/13.2.1/thumb/v8-m.main+fp/hard\libg_nano.a(libc_a-mprec.o)
                0x0000a1ac                __multiply
 .text.__pow5mult
                0x0000a2f4       0xb4 C:/Renesas/RA/e2studio_v2024-07_fsp_v5.5.0/toolchains/gcc_arm/13.2.rel1/bin/../lib/gcc/arm-none-eabi/13.2.1/thumb/v8-m.main+fp/hard\libg_nano.a(libc_a-mprec.o)
                0x0000a2f4                __pow5mult
 .text.__lshift
                0x0000a3a8       0xd8 C:/Renesas/RA/e2studio_v2024-07_fsp_v5.5.0/toolchains/gcc_arm/13.2.rel1/bin/../lib/gcc/arm-none-eabi/13.2.1/thumb/v8-m.main+fp/hard\libg_nano.a(libc_a-mprec.o)
                0x0000a3a8                __lshift
 .text.__mcmp   0x0000a480       0x36 C:/Renesas/RA/e2studio_v2024-07_fsp_v5.5.0/toolchains/gcc_arm/13.2.rel1/bin/../lib/gcc/arm-none-eabi/13.2.1/thumb/v8-m.main+fp/hard\libg_nano.a(libc_a-mprec.o)
                0x0000a480                __mcmp
 *fill*         0x0000a4b6        0x2 ff
 .text.__mdiff  0x0000a4b8      0x130 C:/Renesas/RA/e2studio_v2024-07_fsp_v5.5.0/toolchains/gcc_arm/13.2.rel1/bin/../lib/gcc/arm-none-eabi/13.2.1/thumb/v8-m.main+fp/hard\libg_nano.a(libc_a-mprec.o)
                0x0000a4b8                __mdiff
 .text.__d2b    0x0000a5e8       0xb0 C:/Renesas/RA/e2studio_v2024-07_fsp_v5.5.0/toolchains/gcc_arm/13.2.rel1/bin/../lib/gcc/arm-none-eabi/13.2.1/thumb/v8-m.main+fp/hard\libg_nano.a(libc_a-mprec.o)
                0x0000a5e8                __d2b
 .text.__sfputc_r
                0x0000a698       0x2e C:/Renesas/RA/e2studio_v2024-07_fsp_v5.5.0/toolchains/gcc_arm/13.2.rel1/bin/../lib/gcc/arm-none-eabi/13.2.1/thumb/v8-m.main+fp/hard\libg_nano.a(libc_a-nano-vfprintf.o)
 .text.__sfputs_r
                0x0000a6c6       0x24 C:/Renesas/RA/e2studio_v2024-07_fsp_v5.5.0/toolchains/gcc_arm/13.2.rel1/bin/../lib/gcc/arm-none-eabi/13.2.1/thumb/v8-m.main+fp/hard\libg_nano.a(libc_a-nano-vfprintf.o)
                0x0000a6c6                __sfputs_r
 *fill*         0x0000a6ea        0x2 ff
 .text._vfprintf_r
                0x0000a6ec      0x230 C:/Renesas/RA/e2studio_v2024-07_fsp_v5.5.0/toolchains/gcc_arm/13.2.rel1/bin/../lib/gcc/arm-none-eabi/13.2.1/thumb/v8-m.main+fp/hard\libg_nano.a(libc_a-nano-vfprintf.o)
                0x0000a6ec                _vfprintf_r
                0x0000a6ec                _vfiprintf_r
 .text.__sflush_r
                0x0000a91c      0x108 C:/Renesas/RA/e2studio_v2024-07_fsp_v5.5.0/toolchains/gcc_arm/13.2.rel1/bin/../lib/gcc/arm-none-eabi/13.2.1/thumb/v8-m.main+fp/hard\libg_nano.a(libc_a-fflush.o)
                0x0000a91c                __sflush_r
 .text._fflush_r
                0x0000aa24       0x50 C:/Renesas/RA/e2studio_v2024-07_fsp_v5.5.0/toolchains/gcc_arm/13.2.rel1/bin/../lib/gcc/arm-none-eabi/13.2.1/thumb/v8-m.main+fp/hard\libg_nano.a(libc_a-fflush.o)
                0x0000aa24                _fflush_r
 .text.__swhatbuf_r
                0x0000aa74       0x4a C:/Renesas/RA/e2studio_v2024-07_fsp_v5.5.0/toolchains/gcc_arm/13.2.rel1/bin/../lib/gcc/arm-none-eabi/13.2.1/thumb/v8-m.main+fp/hard\libg_nano.a(libc_a-makebuf.o)
                0x0000aa74                __swhatbuf_r
 .text.__smakebuf_r
                0x0000aabe       0x78 C:/Renesas/RA/e2studio_v2024-07_fsp_v5.5.0/toolchains/gcc_arm/13.2.rel1/bin/../lib/gcc/arm-none-eabi/13.2.1/thumb/v8-m.main+fp/hard\libg_nano.a(libc_a-makebuf.o)
                0x0000aabe                __smakebuf_r
 *fill*         0x0000ab36        0x2 ff
 .text._fstat_r
                0x0000ab38       0x24 C:/Renesas/RA/e2studio_v2024-07_fsp_v5.5.0/toolchains/gcc_arm/13.2.rel1/bin/../lib/gcc/arm-none-eabi/13.2.1/thumb/v8-m.main+fp/hard\libg_nano.a(libc_a-fstatr.o)
                0x0000ab38                _fstat_r
 .text._isatty_r
                0x0000ab5c       0x20 C:/Renesas/RA/e2studio_v2024-07_fsp_v5.5.0/toolchains/gcc_arm/13.2.rel1/bin/../lib/gcc/arm-none-eabi/13.2.1/thumb/v8-m.main+fp/hard\libg_nano.a(libc_a-isattyr.o)
                0x0000ab5c                _isatty_r
 .text._sbrk_r  0x0000ab7c       0x20 C:/Renesas/RA/e2studio_v2024-07_fsp_v5.5.0/toolchains/gcc_arm/13.2.rel1/bin/../lib/gcc/arm-none-eabi/13.2.1/thumb/v8-m.main+fp/hard\libg_nano.a(libc_a-sbrkr.o)
                0x0000ab7c                _sbrk_r
 .text._calloc_r
                0x0000ab9c       0x28 C:/Renesas/RA/e2studio_v2024-07_fsp_v5.5.0/toolchains/gcc_arm/13.2.rel1/bin/../lib/gcc/arm-none-eabi/13.2.1/thumb/v8-m.main+fp/hard\libg_nano.a(libc_a-callocr.o)
                0x0000ab9c                _calloc_r
 .text.__ascii_mbtowc
                0x0000abc4       0x24 C:/Renesas/RA/e2studio_v2024-07_fsp_v5.5.0/toolchains/gcc_arm/13.2.rel1/bin/../lib/gcc/arm-none-eabi/13.2.1/thumb/v8-m.main+fp/hard\libg_nano.a(libc_a-mbtowc_r.o)
                0x0000abc4                __ascii_mbtowc
 .text.__ascii_wctomb
                0x0000abe8       0x1a C:/Renesas/RA/e2studio_v2024-07_fsp_v5.5.0/toolchains/gcc_arm/13.2.rel1/bin/../lib/gcc/arm-none-eabi/13.2.1/thumb/v8-m.main+fp/hard\libg_nano.a(libc_a-wctomb_r.o)
                0x0000abe8                __ascii_wctomb
 *fill*         0x0000ac02        0x2 ff
 .text          0x0000ac04      0x378 C:/Renesas/RA/e2studio_v2024-07_fsp_v5.5.0/toolchains/gcc_arm/13.2.rel1/bin/../lib/gcc/arm-none-eabi/13.2.1/thumb/v8-m.main+fp/hard\libgcc.a(_arm_addsubdf3.o)
                0x0000ac04                __aeabi_drsub
                0x0000ac0c                __aeabi_dsub
                0x0000ac0c                __subdf3
                0x0000ac10                __aeabi_dadd
                0x0000ac10                __adddf3
                0x0000ae88                __floatunsidf
                0x0000ae88                __aeabi_ui2d
                0x0000aea8                __floatsidf
                0x0000aea8                __aeabi_i2d
                0x0000aecc                __aeabi_f2d
                0x0000aecc                __extendsfdf2
                0x0000af10                __floatundidf
                0x0000af10                __aeabi_ul2d
                0x0000af20                __floatdidf
                0x0000af20                __aeabi_l2d
 .text          0x0000af7c      0x424 C:/Renesas/RA/e2studio_v2024-07_fsp_v5.5.0/toolchains/gcc_arm/13.2.rel1/bin/../lib/gcc/arm-none-eabi/13.2.1/thumb/v8-m.main+fp/hard\libgcc.a(_arm_muldivdf3.o)
                0x0000af7c                __aeabi_dmul
                0x0000af7c                __muldf3
                0x0000b1d0                __divdf3
                0x0000b1d0                __aeabi_ddiv
 .text          0x0000b3a0      0x110 C:/Renesas/RA/e2studio_v2024-07_fsp_v5.5.0/toolchains/gcc_arm/13.2.rel1/bin/../lib/gcc/arm-none-eabi/13.2.1/thumb/v8-m.main+fp/hard\libgcc.a(_arm_cmpdf2.o)
                0x0000b3a0                __gtdf2
                0x0000b3a0                __gedf2
                0x0000b3a8                __ltdf2
                0x0000b3a8                __ledf2
                0x0000b3b0                __nedf2
                0x0000b3b0                __eqdf2
                0x0000b3b0                __cmpdf2
                0x0000b42c                __aeabi_cdrcmple
                0x0000b43c                __aeabi_cdcmpeq
                0x0000b43c                __aeabi_cdcmple
                0x0000b44c                __aeabi_dcmpeq
                0x0000b460                __aeabi_dcmplt
                0x0000b474                __aeabi_dcmple
                0x0000b488                __aeabi_dcmpge
                0x0000b49c                __aeabi_dcmpgt
 .text          0x0000b4b0       0x2c C:/Renesas/RA/e2studio_v2024-07_fsp_v5.5.0/toolchains/gcc_arm/13.2.rel1/bin/../lib/gcc/arm-none-eabi/13.2.1/thumb/v8-m.main+fp/hard\libgcc.a(_arm_unorddf2.o)
                0x0000b4b0                __unorddf2
                0x0000b4b0                __aeabi_dcmpun
 .text          0x0000b4dc       0x50 C:/Renesas/RA/e2studio_v2024-07_fsp_v5.5.0/toolchains/gcc_arm/13.2.rel1/bin/../lib/gcc/arm-none-eabi/13.2.1/thumb/v8-m.main+fp/hard\libgcc.a(_arm_fixdfsi.o)
                0x0000b4dc                __aeabi_d2iz
                0x0000b4dc                __fixdfsi
 *(.version)
 .version       0x0000b52c       0x50 ./ra/fsp/src/bsp/mcu/all/bsp_common.o
 *(.init)
 .init          0x0000b57c        0x4 C:/Renesas/RA/e2studio_v2024-07_fsp_v5.5.0/toolchains/gcc_arm/13.2.rel1/bin/../lib/gcc/arm-none-eabi/13.2.1/thumb/v8-m.main+fp/hard/crti.o
                0x0000b57c                _init
 .init          0x0000b580        0x8 C:/Renesas/RA/e2studio_v2024-07_fsp_v5.5.0/toolchains/gcc_arm/13.2.rel1/bin/../lib/gcc/arm-none-eabi/13.2.1/thumb/v8-m.main+fp/hard/crtn.o
 *(.fini)
 .fini          0x0000b588        0x4 C:/Renesas/RA/e2studio_v2024-07_fsp_v5.5.0/toolchains/gcc_arm/13.2.rel1/bin/../lib/gcc/arm-none-eabi/13.2.1/thumb/v8-m.main+fp/hard/crti.o
                0x0000b588                _fini
 .fini          0x0000b58c        0x8 C:/Renesas/RA/e2studio_v2024-07_fsp_v5.5.0/toolchains/gcc_arm/13.2.rel1/bin/../lib/gcc/arm-none-eabi/13.2.1/thumb/v8-m.main+fp/hard/crtn.o
 *crtbegin.o(.ctors)
 *crtbegin?.o(.ctors)
 *(EXCLUDE_FILE(*crtend.o *crtend?.o) .ctors)
 *(SORT_BY_NAME(.ctors.*))
 *(.ctors)
 *crtbegin.o(.dtors)
 *crtbegin?.o(.dtors)
 *(EXCLUDE_FILE(*crtend.o *crtend?.o) .dtors)
 *(SORT_BY_NAME(.dtors.*))
 *(.dtors)
 *(.rodata*)
 .rodata.Debug_UART4_Init.str1.4
                0x0000b594      0x3c2 ./src/uart/bsp_uart.o
                                 0x2b (size before relaxing)
 *fill*         0x0000b956        0x2 ff
 .rodata.__func__.0
                0x0000b958        0x7 ./src/uart/bsp_uart.o
 *fill*         0x0000b95f        0x1 ff
 .rodata.__func__.1
                0x0000b960       0x11 ./src/uart/bsp_uart.o
 *fill*         0x0000b971        0x3 ff
 .rodata.npub   0x0000b974       0x11 ./src/secure_modules/encryption/encryption.o
                0x0000b974                npub
 .rodata.My_nsc_api_Init.str1.4
                0x0000b985       0x39 ./src/my_nsc_api/my_nsc_api.o
 .rodata.CANFD0_Init.str1.4
                0x0000b985       0x2e ./src/canfd/bsp_canfd0.o
 .rodata.CAN0_Operation.str1.4
                0x0000b985       0xad ./src/canfd/bsp_canfd0.o
 *fill*         0x0000b985        0x3 ff
 .rodata.__func__.0
                0x0000b988       0x11 ./src/canfd/bsp_canfd0.o
 *fill*         0x0000b999        0x3 ff
 .rodata.__func__.2
                0x0000b99c        0xc ./src/canfd/bsp_canfd0.o
 .rodata.p_canfd0_afl
                0x0000b9a8      0x400 ./src/canfd/bsp_canfd0.o
                0x0000b9a8                p_canfd0_afl
 .rodata.CANFD1_Init.str1.4
                0x0000bda8       0x2e ./src/canfd/bsp_canfd1.o
 .rodata.CAN1_Operation.str1.4
                0x0000bda8       0xac ./src/canfd/bsp_canfd1.o
 .rodata.__func__.0
                0x0000bda8       0x11 ./src/canfd/bsp_canfd1.o
 *fill*         0x0000bdb9        0x3 ff
 .rodata.__func__.2
                0x0000bdbc        0xc ./src/canfd/bsp_canfd1.o
 .rodata.p_canfd1_afl
                0x0000bdc8      0x400 ./src/canfd/bsp_canfd1.o
                0x0000bdc8                p_canfd1_afl
 .rodata.SysTick_Init.str1.4
                0x0000c1c8       0x29 ./src/SysTick/bsp_SysTick.o
 .rodata.__func__.0
                0x0000c1c8        0xd ./src/SysTick/bsp_SysTick.o
 .rodata.hal_entry.str1.4
                0x0000c1d5      0x19a ./src/hal_entry.o
 *fill*         0x0000c1d5        0x3 ff
 .rodata.g_uart4_cfg
                0x0000c1d8       0x20 ./ra_gen/hal_data.o
                0x0000c1d8                g_uart4_cfg
 .rodata.g_uart4_cfg_extend
                0x0000c1f8       0x14 ./ra_gen/hal_data.o
                0x0000c1f8                g_uart4_cfg_extend
 .rodata.g_canfd0_cfg
                0x0000c20c       0x18 ./ra_gen/hal_data.o
                0x0000c20c                g_canfd0_cfg
 .rodata.g_canfd1_cfg
                0x0000c224       0x18 ./ra_gen/hal_data.o
                0x0000c224                g_canfd1_cfg
 .rodata.g_bsp_pin_cfg
                0x0000c23c        0xc ./ra_gen/pin_data.o
                0x0000c23c                g_bsp_pin_cfg
 .rodata.g_bsp_pin_cfg_data
                0x0000c248       0x40 ./ra_gen/pin_data.o
                0x0000c248                g_bsp_pin_cfg_data
 .rodata.g_interrupt_event_link_select
                0x0000c288       0xc0 ./ra_gen/vector_data.o
                0x0000c288                g_interrupt_event_link_select
 .rodata.g_div_coefficient
                0x0000c348       0x1a ./ra/fsp/src/r_sci_uart/r_sci_uart.o
 *fill*         0x0000c362        0x2 ff
 .rodata.g_async_baud
                0x0000c364        0xd ./ra/fsp/src/r_sci_uart/r_sci_uart.o
 *fill*         0x0000c371        0x3 ff
 .rodata.g_vbatt_pins_input
                0x0000c374        0x6 ./ra/fsp/src/r_ioport/r_ioport.o
 *fill*         0x0000c37a        0x2 ff
 .rodata.dlc_to_bytes
                0x0000c37c       0x10 ./ra/fsp/src/r_canfd/r_canfd.o
 .rodata.g_prcr_masks
                0x0000c38c        0x8 ./ra/fsp/src/bsp/mcu/all/bsp_register_protection.o
 .rodata._printf_float.str1.1
                0x0000c394      0x137 C:/Renesas/RA/e2studio_v2024-07_fsp_v5.5.0/toolchains/gcc_arm/13.2.rel1/bin/../lib/gcc/arm-none-eabi/13.2.1/thumb/v8-m.main+fp/hard\libg_nano.a(libc_a-nano-vfprintf_float.o)
                                 0x12 (size before relaxing)
 .rodata._printf_i.str1.1
                0x0000c4cb       0x22 C:/Renesas/RA/e2studio_v2024-07_fsp_v5.5.0/toolchains/gcc_arm/13.2.rel1/bin/../lib/gcc/arm-none-eabi/13.2.1/thumb/v8-m.main+fp/hard\libg_nano.a(libc_a-nano-vfprintf_i.o)
 .rodata._dtoa_r.str1.1
                0x0000c4cb       0x90 C:/Renesas/RA/e2studio_v2024-07_fsp_v5.5.0/toolchains/gcc_arm/13.2.rel1/bin/../lib/gcc/arm-none-eabi/13.2.1/thumb/v8-m.main+fp/hard\libg_nano.a(libc_a-dtoa.o)
 .rodata._Balloc.str1.1
                0x0000c4cb       0x71 C:/Renesas/RA/e2studio_v2024-07_fsp_v5.5.0/toolchains/gcc_arm/13.2.rel1/bin/../lib/gcc/arm-none-eabi/13.2.1/thumb/v8-m.main+fp/hard\libg_nano.a(libc_a-mprec.o)
 .rodata.__multadd.str1.1
                0x0000c4cb       0x11 C:/Renesas/RA/e2studio_v2024-07_fsp_v5.5.0/toolchains/gcc_arm/13.2.rel1/bin/../lib/gcc/arm-none-eabi/13.2.1/thumb/v8-m.main+fp/hard\libg_nano.a(libc_a-mprec.o)
 *fill*         0x0000c4cb        0x1 ff
 .rodata.p05.0  0x0000c4cc        0xc C:/Renesas/RA/e2studio_v2024-07_fsp_v5.5.0/toolchains/gcc_arm/13.2.rel1/bin/../lib/gcc/arm-none-eabi/13.2.1/thumb/v8-m.main+fp/hard\libg_nano.a(libc_a-mprec.o)
 .rodata.__mprec_bigtens
                0x0000c4d8       0x28 C:/Renesas/RA/e2studio_v2024-07_fsp_v5.5.0/toolchains/gcc_arm/13.2.rel1/bin/../lib/gcc/arm-none-eabi/13.2.1/thumb/v8-m.main+fp/hard\libg_nano.a(libc_a-mprec.o)
                0x0000c4d8                __mprec_bigtens
 .rodata.__mprec_tens
                0x0000c500       0xc8 C:/Renesas/RA/e2studio_v2024-07_fsp_v5.5.0/toolchains/gcc_arm/13.2.rel1/bin/../lib/gcc/arm-none-eabi/13.2.1/thumb/v8-m.main+fp/hard\libg_nano.a(libc_a-mprec.o)
                0x0000c500                __mprec_tens
 .rodata._vfprintf_r.str1.1
                0x0000c5c8       0x11 C:/Renesas/RA/e2studio_v2024-07_fsp_v5.5.0/toolchains/gcc_arm/13.2.rel1/bin/../lib/gcc/arm-none-eabi/13.2.1/thumb/v8-m.main+fp/hard\libg_nano.a(libc_a-nano-vfprintf.o)
 .rodata._setlocale_r.str1.1
                0x0000c5c8        0x9 C:/Renesas/RA/e2studio_v2024-07_fsp_v5.5.0/toolchains/gcc_arm/13.2.rel1/bin/../lib/gcc/arm-none-eabi/13.2.1/thumb/v8-m.main+fp/hard\libg_nano.a(libc_a-locale.o)
 .rodata.str1.1
                0x0000c5c8        0x2 C:/Renesas/RA/e2studio_v2024-07_fsp_v5.5.0/toolchains/gcc_arm/13.2.rel1/bin/../lib/gcc/arm-none-eabi/13.2.1/thumb/v8-m.main+fp/hard\libg_nano.a(libc_a-locale.o)
 .rodata._ctype_
                0x0000c5c8      0x101 C:/Renesas/RA/e2studio_v2024-07_fsp_v5.5.0/toolchains/gcc_arm/13.2.rel1/bin/../lib/gcc/arm-none-eabi/13.2.1/thumb/v8-m.main+fp/hard\libg_nano.a(libc_a-ctype_.o)
                0x0000c5c8                _ctype_
                0x0000c6c9                        __usb_dev_descriptor_start_fs = .
 *(.usb_device_desc_fs*)
                0x0000c6c9                        __usb_cfg_descriptor_start_fs = .
 *(.usb_config_desc_fs*)
                0x0000c6c9                        __usb_interface_descriptor_start_fs = .
 *(.usb_interface_desc_fs*)
                0x0000c6c9                        __usb_descriptor_end_fs = .
                0x0000c6c9                        __usb_dev_descriptor_start_hs = .
 *(.usb_device_desc_hs*)
                0x0000c6c9                        __usb_cfg_descriptor_start_hs = .
 *(.usb_config_desc_hs*)
                0x0000c6c9                        __usb_interface_descriptor_start_hs = .
 *(.usb_interface_desc_hs*)
                0x0000c6c9                        __usb_descriptor_end_hs = .
 *(.eh_frame*)
 *fill*         0x0000c6c9        0x3 ff
 .eh_frame      0x0000c6cc        0x0 C:/Renesas/RA/e2studio_v2024-07_fsp_v5.5.0/toolchains/gcc_arm/13.2.rel1/bin/../lib/gcc/arm-none-eabi/13.2.1/thumb/v8-m.main+fp/hard/crtbegin.o
 .eh_frame      0x0000c6cc       0x28 C:/Renesas/RA/e2studio_v2024-07_fsp_v5.5.0/toolchains/gcc_arm/13.2.rel1/bin/../lib/gcc/arm-none-eabi/13.2.1/thumb/v8-m.main+fp/hard\libg_nano.a(libc_a-strlen.o)
 .eh_frame      0x0000c6f4        0x4 C:/Renesas/RA/e2studio_v2024-07_fsp_v5.5.0/toolchains/gcc_arm/13.2.rel1/bin/../lib/gcc/arm-none-eabi/13.2.1/thumb/v8-m.main+fp/hard/crtend.o
                0x0000c6f8                        __ROM_End = .
                0x000001c0                        __Vectors_Size = (__Vectors_End - __Vectors)

.glue_7         0x0000c6f8        0x0
 .glue_7        0x0000c6f8        0x0 linker stubs

.glue_7t        0x0000c6f8        0x0
 .glue_7t       0x0000c6f8        0x0 linker stubs

.vfp11_veneer   0x0000c6f8        0x0
 .vfp11_veneer  0x0000c6f8        0x0 linker stubs

.v4_bx          0x0000c6f8        0x0
 .v4_bx         0x0000c6f8        0x0 linker stubs

.iplt           0x0000c6f8        0x0
 .iplt          0x0000c6f8        0x0 C:/Renesas/RA/e2studio_v2024-07_fsp_v5.5.0/toolchains/gcc_arm/13.2.rel1/bin/../lib/gcc/arm-none-eabi/13.2.1/thumb/v8-m.main+fp/hard/crtbegin.o
                0x0000c6f8                        . = .
                0x0000c6f8                        __itcm_data_pre_location = .

.itcm_data      0x00000000        0x0 load address 0x0000c700
                0x00000000                        __tz_ITCM_S = ABSOLUTE (ITCM_START)
                0x00000000                        __itcm_data_start = .
 *(.itcm_data*)
                0x00000000                        . = ALIGN (0x8)
                0x00000000                        __itcm_data_end = .
                0x00000000                        __tz_ITCM_N = DEFINED (ITCM_NS_START)?ABSOLUTE (ITCM_NS_START):ALIGN (__itcm_data_end, 0x2000)
                0x0000c700                        __itcm_data_init_start = LOADADDR (.itcm_data)
                0x0000c700                        __itcm_data_init_end = (LOADADDR (.itcm_data) + SIZEOF (.itcm_data))
                0x00000001                        ASSERT (((ORIGIN (ITCM) % 0x8) == 0x0), ITCM memory region origin must be aligned to 8 bytes.)
                0x00000001                        ASSERT (((LENGTH (ITCM) % 0x8) == 0x0), ITCM memory region length must be a multiple of 8 bytes.)
                0x00000001                        ASSERT (((LOADADDR (.itcm_data) % 0x10) == 0x0), .itcm_data section must be aligned to 16 bytes.)
                0x00000001                        ASSERT (((SIZEOF (.itcm_data) % 0x8) == 0x0), .itcm_data section size must be a multiple of 8 bytes.)
                0x0000c6f8                        . = (SIZEOF (.itcm_data) > 0x0)?__itcm_data_init_end:__itcm_data_pre_location
                0x0000c6f8                        __exidx_start = .

/DISCARD/
 *(.ARM.extab* .gnu.linkonce.armextab.*)
 *(.ARM.exidx* .gnu.linkonce.armexidx.*)
                0x0000c6f8                        __exidx_end = .
                0x0000c6f8                        __etext = .
                0x20000000                        __tz_RAM_S = ORIGIN (RAM)

.fsp_dtc_vector_table
                0x20000000        0x0
                0x20000000                        . = ORIGIN (RAM)
 *(.fsp_dtc_vector_table)

.data           0x20000000      0xeb4 load address 0x0000c6f8
                0x20000000                        __data_start__ = .
                0x20000000                        . = ALIGN (0x4)
                0x20000000                        __Code_In_RAM_Start = .
 *(.code_in_ram*)
                0x20000000                        __Code_In_RAM_End = .
 *(vtable)
 *(.data.*)
 .data.key4     0x20000000        0x4 ./src/secure_modules/encryption/key_management.o
                0x20000000                key4
 .data.key3     0x20000004        0x4 ./src/secure_modules/encryption/key_management.o
                0x20000004                key3
 .data.key2     0x20000008        0x4 ./src/secure_modules/encryption/key_management.o
                0x20000008                key2
 .data.key1     0x2000000c        0x4 ./src/secure_modules/encryption/key_management.o
                0x2000000c                key1
 .data.buffer   0x20000010      0xc00 ./src/my_nsc_api/my_nsc_api.o
                0x20000010                buffer
 .data.g_uart4_baud_setting
                0x20000c10        0x4 ./ra_gen/hal_data.o
                0x20000c10                g_uart4_baud_setting
 *fill*         0x20000c14        0x4 
 .data.g_canfd0_extended_cfg
                0x20000c18       0x20 ./ra_gen/hal_data.o
                0x20000c18                g_canfd0_extended_cfg
 .data.g_canfd0_data_timing_cfg
                0x20000c38       0x10 ./ra_gen/hal_data.o
                0x20000c38                g_canfd0_data_timing_cfg
 .data.g_canfd0_bit_timing_cfg
                0x20000c48       0x10 ./ra_gen/hal_data.o
                0x20000c48                g_canfd0_bit_timing_cfg
 .data.g_canfd1_extended_cfg
                0x20000c58       0x20 ./ra_gen/hal_data.o
                0x20000c58                g_canfd1_extended_cfg
 .data.g_canfd_global_cfg
                0x20000c78       0x48 ./ra_gen/hal_data.o
                0x20000c78                g_canfd_global_cfg
 .data.g_canfd1_data_timing_cfg
                0x20000cc0       0x10 ./ra_gen/hal_data.o
                0x20000cc0                g_canfd1_data_timing_cfg
 .data.g_canfd1_bit_timing_cfg
                0x20000cd0       0x10 ./ra_gen/hal_data.o
                0x20000cd0                g_canfd1_bit_timing_cfg
 .data.ProcessStackFreeSlot
                0x20000ce0        0x4 ./ra/fsp/src/rm_tz_context/tz_context.o
 .data.__sglue  0x20000ce4        0xc C:/Renesas/RA/e2studio_v2024-07_fsp_v5.5.0/toolchains/gcc_arm/13.2.rel1/bin/../lib/gcc/arm-none-eabi/13.2.1/thumb/v8-m.main+fp/hard\libg_nano.a(libc_a-findfp.o)
                0x20000ce4                __sglue
 .data._impure_ptr
                0x20000cf0        0x4 C:/Renesas/RA/e2studio_v2024-07_fsp_v5.5.0/toolchains/gcc_arm/13.2.rel1/bin/../lib/gcc/arm-none-eabi/13.2.1/thumb/v8-m.main+fp/hard\libg_nano.a(libc_a-impure.o)
                0x20000cf0                _impure_ptr
 .data._impure_data
                0x20000cf4       0x4c C:/Renesas/RA/e2studio_v2024-07_fsp_v5.5.0/toolchains/gcc_arm/13.2.rel1/bin/../lib/gcc/arm-none-eabi/13.2.1/thumb/v8-m.main+fp/hard\libg_nano.a(libc_a-impure.o)
                0x20000cf4                _impure_data
 .data.__global_locale
                0x20000d40      0x16c C:/Renesas/RA/e2studio_v2024-07_fsp_v5.5.0/toolchains/gcc_arm/13.2.rel1/bin/../lib/gcc/arm-none-eabi/13.2.1/thumb/v8-m.main+fp/hard\libg_nano.a(libc_a-locale.o)
                0x20000d40                __global_locale
 *(.data)
                0x20000eac                        . = ALIGN (0x4)
                0x20000eac                        PROVIDE (__preinit_array_start = .)
 *(.preinit_array)
                0x20000eac                        PROVIDE (__preinit_array_end = .)
                0x20000eac                        . = ALIGN (0x4)
                0x20000eac                        PROVIDE (__init_array_start = .)
 *(SORT_BY_NAME(.init_array.*))
 *(.init_array)
 .init_array    0x20000eac        0x4 C:/Renesas/RA/e2studio_v2024-07_fsp_v5.5.0/toolchains/gcc_arm/13.2.rel1/bin/../lib/gcc/arm-none-eabi/13.2.1/thumb/v8-m.main+fp/hard/crtbegin.o
                0x20000eb0                        PROVIDE (__init_array_end = .)
                0x20000eb0                        . = ALIGN (0x4)
                [!provide]                        PROVIDE (__fini_array_start = .)
 *(SORT_BY_NAME(.fini_array.*))
 *(.fini_array)
 .fini_array    0x20000eb0        0x4 C:/Renesas/RA/e2studio_v2024-07_fsp_v5.5.0/toolchains/gcc_arm/13.2.rel1/bin/../lib/gcc/arm-none-eabi/13.2.1/thumb/v8-m.main+fp/hard/crtbegin.o
                [!provide]                        PROVIDE (__fini_array_end = .)
 *(.jcr*)
                0x20000eb4                        . = ALIGN (0x4)
                0x20000eb4                        __data_end__ = .

.tm_clone_table
                0x20000eb4        0x0 load address 0x0000d5ac
 .tm_clone_table
                0x20000eb4        0x0 C:/Renesas/RA/e2studio_v2024-07_fsp_v5.5.0/toolchains/gcc_arm/13.2.rel1/bin/../lib/gcc/arm-none-eabi/13.2.1/thumb/v8-m.main+fp/hard/crtbegin.o
 .tm_clone_table
                0x20000eb4        0x0 C:/Renesas/RA/e2studio_v2024-07_fsp_v5.5.0/toolchains/gcc_arm/13.2.rel1/bin/../lib/gcc/arm-none-eabi/13.2.1/thumb/v8-m.main+fp/hard/crtend.o

.igot.plt       0x20000eb4        0x0 load address 0x0000d5ac
 .igot.plt      0x20000eb4        0x0 C:/Renesas/RA/e2studio_v2024-07_fsp_v5.5.0/toolchains/gcc_arm/13.2.rel1/bin/../lib/gcc/arm-none-eabi/13.2.1/thumb/v8-m.main+fp/hard/crtbegin.o
                0x20000eb4                        . = .
                0x0000d5ac                        __dtcm_data_pre_location = (LOADADDR (.data) + SIZEOF (.data))

.dtcm_data      0x00000000        0x0 load address 0x0000d5b0
                0x00000000                        __tz_DTCM_S = ABSOLUTE (DTCM_START)
                0x00000000                        __dtcm_data_start = .
 *(.dtcm_data*)
                0x00000000                        . = ALIGN (0x8)
                0x00000000                        __dtcm_data_end = .
                0x00000000                        . = __dtcm_data_end

.dtcm_bss       0x00000000        0x0
                0x00000000                        __dtcm_bss_start = .
 *(.dtcm_bss*)
                0x00000000                        . = ALIGN (0x8)
                0x00000000                        __dtcm_bss_end = .
                0x00000000                        __tz_DTCM_N = DEFINED (DTCM_NS_START)?ABSOLUTE (DTCM_NS_START):ALIGN (__dtcm_bss_end, 0x2000)
                0x0000d5b0                        __dtcm_data_init_start = LOADADDR (.dtcm_data)
                0x0000d5b0                        __dtcm_data_init_end = (LOADADDR (.dtcm_data) + SIZEOF (.dtcm_data))
                0x00000001                        ASSERT (((ORIGIN (DTCM) % 0x8) == 0x0), DTCM memory region origin must be aligned to 8 bytes.)
                0x00000001                        ASSERT (((LENGTH (DTCM) % 0x8) == 0x0), DTCM memory region length must be a multiple of 8 bytes.)
                0x00000001                        ASSERT ((LOADADDR (.dtcm_bss) == ADDR (.dtcm_bss)), .dtcm_bss has (VMA != LMA) but should be NOLOAD (VMA == LMA).)
                0x00000001                        ASSERT (((LOADADDR (.dtcm_data) % 0x10) == 0x0), .dtcm_data section must be aligned to 16 bytes.)
                0x00000001                        ASSERT (((SIZEOF (.dtcm_data) % 0x8) == 0x0), .dtcm_data section size must be a multiple of 8 bytes.)
                0x00000001                        ASSERT (((LOADADDR (.dtcm_bss) % 0x8) == 0x0), .dtcm_bss section must be aligned to 8 bytes.)
                0x00000001                        ASSERT (((SIZEOF (.dtcm_bss) % 0x8) == 0x0), .dtcm_bss section size must be a multiple of 8 bytes.)
                0x00000001                        ASSERT ((__dtcm_bss_start == __dtcm_data_end), .dtcm_bss section is not adjacent to .dtcm_data section.)
                0x0000d5ac                        . = (SIZEOF (.dtcm_data) > 0x0)?__dtcm_data_init_end:__dtcm_data_pre_location
                0x0000d5ac                        sgstubs_pre_location = .
                0x0000d800                        SGSTUBS_LOC = (DEFINED (PROJECT_SECURE) && DEFINED (FLASH_NSC_START))?ABSOLUTE (FLASH_NSC_START):ALIGN (0x400)

.gnu.sgstubs    0x0000d800      0x120
                0x0000d800                        __tz_FLASH_C = DEFINED (FLASH_NSC_START)?ABSOLUTE (FLASH_NSC_START):__RESERVE_NS_RAM?ABSOLUTE ((FLASH_START + FLASH_LENGTH)):ALIGN (0x400)
                0x0000d800                        _start_sg = .
 *(.gnu.sgstubs*)
                0x0000d800                        . = ALIGN (0x20)
                0x0000d800                        _end_sg = .
 .gnu.sgstubs.__stub
                0x0000d800      0x108 linker stubs
                0x0000d800                template_nonsecure_callable
                0x0000d808                g_uart4_open_guard
                0x0000d810                R_BSP_ClockUpdateCallbackSet
                0x0000d818                g_canfd1_mode_transition_guard
                0x0000d820                My_nsc_api_Init
                0x0000d828                g_uart4_abort_guard
                0x0000d830                g_uart4_info_get_guard
                0x0000d838                g_canfd1_write_guard
                0x0000d840                TZ_InitContextSystem_S
                0x0000d848                g_uart4_close_guard
                0x0000d850                TZ_LoadContext_S
                0x0000d858                g_canfd0_close_guard
                0x0000d860                g_canfd0_info_get_guard
                0x0000d868                g_canfd0_read_guard
                0x0000d870                g_uart4_baud_set_guard
                0x0000d878                g_uart4_read_stop_guard
                0x0000d880                g_canfd1_open_guard
                0x0000d888                g_canfd0_open_guard
                0x0000d890                g_uart4_callback_set_guard
                0x0000d898                TZ_FreeModuleContext_S
                0x0000d8a0                g_canfd1_callback_set_guard
                0x0000d8a8                g_canfd1_read_guard
                0x0000d8b0                My_NSC_API_ReadSecureData
                0x0000d8b8                g_uart4_baud_calculate_guard
                0x0000d8c0                g_canfd0_mode_transition_guard
                0x0000d8c8                g_canfd1_close_guard
                0x0000d8d0                TZ_AllocModuleContext_S
                0x0000d8d8                g_canfd1_info_get_guard
                0x0000d8e0                TZ_StoreContext_S
                0x0000d8e8                g_uart4_read_guard
                0x0000d8f0                g_canfd0_callback_set_guard
                0x0000d8f8                g_uart4_write_guard
                0x0000d900                g_canfd0_write_guard
                0x00010000                        __tz_FLASH_N = DEFINED (FLASH_NS_START)?ABSOLUTE (FLASH_NS_START):__RESERVE_NS_RAM?ABSOLUTE ((FLASH_START + FLASH_LENGTH)):(FLASH_LENGTH < 0x8000)?FLASH_LENGTH:ALIGN (0x8000)
                0x00010000                        FLASH_NS_IMAGE_START = DEFINED (FLASH_NS_IMAGE_START)?FLASH_NS_IMAGE_START:__tz_FLASH_N
                0x60000000                        __tz_QSPI_FLASH_S = ORIGIN (QSPI_FLASH)

.qspi_flash     0x60000000        0x0
                0x60000000                        __qspi_flash_start__ = .
 *(.qspi_flash*)
 *(.code_in_qspi*)
                0x60000000                        __qspi_flash_end__ = .
                0x00000000                        __qspi_flash_code_size__ = (__qspi_flash_end__ - __qspi_flash_start__)
                0x0000d5ac                        __qspi_flash_code_addr__ = sgstubs_pre_location

.qspi_non_retentive
                0x60000000        0x0 load address 0x0000d5ac
                0x60000000                        __qspi_non_retentive_start__ = .
 *(.qspi_non_retentive*)
                0x60000000                        __qspi_non_retentive_end__ = .
                0x00000000                        __qspi_non_retentive_size__ = (__qspi_non_retentive_end__ - __qspi_non_retentive_start__)
                0x04000000                        __qspi_region_max_size__ = 0x4000000
                0x60000000                        __qspi_region_start_address__ = __qspi_flash_start__
                0x64000000                        __qspi_region_end_address__ = (__qspi_flash_start__ + __qspi_region_max_size__)
                0x60000000                        __tz_QSPI_FLASH_N = __qspi_non_retentive_end__

.OSPI_DEVICE_0_NO_LOAD
                0x68000000        0x0
                0x68000000                        . = ALIGN (0x4)
                0x68000000                        __ospi_device_0_start__ = .
 *(.ospi_device_0_no_load*)
                0x68000000                        . = ALIGN (0x4)
                0x68000000                        __ospi_device_0_end__ = .

.OSPI_DEVICE_1_NO_LOAD
                0x70000000        0x0
                0x70000000                        . = ALIGN (0x4)
                0x70000000                        __ospi_device_1_start__ = .
 *(.ospi_device_1_no_load*)
                0x70000000                        . = ALIGN (0x4)
                0x70000000                        __ospi_device_1_end__ = .
                0x68000000                        __tz_OSPI_DEVICE_0_S = ORIGIN (OSPI_DEVICE_0)

.OSPI_DEVICE_0  0x68000000        0x0
                0x68000000                        __ospi_device_0_start__ = .
 *(.ospi_device_0*)
 *(.code_in_ospi_device_0*)
                0x68000000                        __ospi_device_0_end__ = .
                0x00000000                        __ospi_device_0_code_size__ = (__ospi_device_0_end__ - __ospi_device_0_start__)
                0x0000d5ac                        __ospi_device_0_code_addr__ = (sgstubs_pre_location + SIZEOF (.qspi_non_retentive))

.ospi_device_0_non_retentive
                0x68000000        0x0 load address 0x0000d5ac
                0x68000000                        __ospi_device_0_non_retentive_start__ = .
 *(.ospi_device_0_non_retentive*)
                0x68000000                        __ospi_device_0_non_retentive_end__ = .
                0x00000000                        __ospi_device_0_non_retentive_size__ = (__ospi_device_0_non_retentive_end__ - __ospi_device_0_non_retentive_start__)
                0x08000000                        __ospi_device_0_region_max_size__ = 0x8000000
                0x68000000                        __ospi_device_0_region_start_address__ = __ospi_device_0_start__
                0x70000000                        __ospi_device_0_region_end_address__ = (__ospi_device_0_start__ + __ospi_device_0_region_max_size__)
                0x68000000                        __tz_OSPI_DEVICE_0_N = __ospi_device_0_non_retentive_end__
                0x70000000                        __tz_OSPI_DEVICE_1_S = ORIGIN (OSPI_DEVICE_1)

.OSPI_DEVICE_1  0x70000000        0x0
                0x70000000                        __ospi_device_1_start__ = .
 *(.ospi_device_1*)
 *(.code_in_ospi_device_1*)
                0x70000000                        __ospi_device_1_end__ = .
                0x00000000                        __ospi_device_1_code_size__ = (__ospi_device_1_end__ - __ospi_device_1_start__)
                0x0000d5ac                        __ospi_device_1_code_addr__ = (sgstubs_pre_location + (SIZEOF (.qspi_non_retentive) + SIZEOF (.ospi_device_0_non_retentive)))

.ospi_device_1_non_retentive
                0x70000000        0x0 load address 0x0000d5ac
                0x70000000                        __ospi_device_1_non_retentive_start__ = .
 *(.ospi_device_1_non_retentive*)
                0x70000000                        __ospi_device_1_non_retentive_end__ = .
                0x00000000                        __ospi_device_1_non_retentive_size__ = (__ospi_device_1_non_retentive_end__ - __ospi_device_1_non_retentive_start__)
                0x10000000                        __ospi_device_1_region_max_size__ = 0x10000000
                0x70000000                        __ospi_device_1_region_start_address__ = __ospi_device_1_start__
                0x80000000                        __ospi_device_1_region_end_address__ = (__ospi_device_1_start__ + __ospi_device_1_region_max_size__)
                0x70000000                        __tz_OSPI_DEVICE_1_N = __ospi_device_1_non_retentive_end__

.noinit         0x20000eb4       0x1c
                0x20000eb4                        . = ALIGN (0x4)
                0x20000eb4                        __noinit_start = .
 *(.noinit*)
 .noinit        0x20000eb4       0x1c ./ra/fsp/src/bsp/mcu/all/bsp_clocks.o
                0x20000ed0                        . = ALIGN (0x8)
 *(.heap.*)
                0x20000ed0                        __noinit_end = .

.bss            0x20000ed0      0xdd0
                0x20000ed0                        . = ALIGN (0x4)
                0x20000ed0                        __bss_start__ = .
 *(.bss*)
 .bss.completed.1
                0x20000ed0        0x1 C:/Renesas/RA/e2studio_v2024-07_fsp_v5.5.0/toolchains/gcc_arm/13.2.rel1/bin/../lib/gcc/arm-none-eabi/13.2.1/thumb/v8-m.main+fp/hard/crtbegin.o
 *fill*         0x20000ed1        0x3 
 .bss.object.0  0x20000ed4       0x18 C:/Renesas/RA/e2studio_v2024-07_fsp_v5.5.0/toolchains/gcc_arm/13.2.rel1/bin/../lib/gcc/arm-none-eabi/13.2.1/thumb/v8-m.main+fp/hard/crtbegin.o
 .bss.canfd1_senddata_enable
                0x20000eec        0x1 ./src/uart/bsp_uart.o
                0x20000eec                canfd1_senddata_enable
 .bss.canfd0_senddata_enable
                0x20000eed        0x1 ./src/uart/bsp_uart.o
                0x20000eed                canfd0_senddata_enable
 .bss.uart_receive_complete_flag
                0x20000eee        0x1 ./src/uart/bsp_uart.o
                0x20000eee                uart_receive_complete_flag
 .bss.uart_send_complete_flag
                0x20000eef        0x1 ./src/uart/bsp_uart.o
                0x20000eef                uart_send_complete_flag
 .bss.g_uart_callback_args
                0x20000ef0       0x10 ./src/uart/bsp_uart.o
                0x20000ef0                g_uart_callback_args
 .bss.key       0x20000f00       0x10 ./src/secure_modules/encryption/encryption.o
                0x20000f00                key
 .bss.canfd0_err_status
                0x20000f10        0x4 ./src/canfd/bsp_canfd0.o
                0x20000f10                canfd0_err_status
 .bss.canfd0_err_status_flag
                0x20000f14        0x1 ./src/canfd/bsp_canfd0.o
                0x20000f14                canfd0_err_status_flag
 .bss.canfd0_rx_complete_flag
                0x20000f15        0x1 ./src/canfd/bsp_canfd0.o
                0x20000f15                canfd0_rx_complete_flag
 .bss.canfd0_tx_complete_flag
                0x20000f16        0x1 ./src/canfd/bsp_canfd0.o
                0x20000f16                canfd0_tx_complete_flag
 *fill*         0x20000f17        0x1 
 .bss.canfd0_rx_frame
                0x20000f18       0x4c ./src/canfd/bsp_canfd0.o
                0x20000f18                canfd0_rx_frame
 .bss.canfd0_tx_frame
                0x20000f64       0x4c ./src/canfd/bsp_canfd0.o
                0x20000f64                canfd0_tx_frame
 .bss.canfd1_err_status
                0x20000fb0        0x4 ./src/canfd/bsp_canfd1.o
                0x20000fb0                canfd1_err_status
 .bss.canfd1_err_status_flag
                0x20000fb4        0x1 ./src/canfd/bsp_canfd1.o
                0x20000fb4                canfd1_err_status_flag
 .bss.canfd1_rx_complete_flag
                0x20000fb5        0x1 ./src/canfd/bsp_canfd1.o
                0x20000fb5                canfd1_rx_complete_flag
 .bss.canfd1_tx_complete_flag
                0x20000fb6        0x1 ./src/canfd/bsp_canfd1.o
                0x20000fb6                canfd1_tx_complete_flag
 *fill*         0x20000fb7        0x1 
 .bss.canfd1_rx_frame
                0x20000fb8       0x4c ./src/canfd/bsp_canfd1.o
                0x20000fb8                canfd1_rx_frame
 .bss.canfd1_tx_frame
                0x20001004       0x4c ./src/canfd/bsp_canfd1.o
                0x20001004                canfd1_tx_frame
 .bss.IT_Nums   0x20001050        0x4 ./src/SysTick/bsp_SysTick.o
 .bss.g_ioport_ctrl
                0x20001054        0x8 ./ra_gen/common_data.o
                0x20001054                g_ioport_ctrl
 .bss.g_uart4_ctrl
                0x2000105c       0x30 ./ra_gen/hal_data.o
                0x2000105c                g_uart4_ctrl
 .bss.g_canfd0_ctrl
                0x2000108c       0x1c ./ra_gen/hal_data.o
                0x2000108c                g_canfd0_ctrl
 .bss.g_canfd1_ctrl
                0x200010a8       0x1c ./ra_gen/hal_data.o
                0x200010a8                g_canfd1_ctrl
 *fill*         0x200010c4        0x4 
 .bss.ProcessStackMemory
                0x200010c8      0x840 ./ra/fsp/src/rm_tz_context/tz_context.o
 .bss.ProcessStackInfo
                0x20001908       0x60 ./ra/fsp/src/rm_tz_context/tz_context.o
 .bss.canfd_transmission_num
                0x20001968        0x8 ./ra/fsp/src/r_canfd/r_canfd.o
                0x20001968                canfd_transmission_num
 .bss.gp_ctrl   0x20001970        0x8 ./ra/fsp/src/r_canfd/r_canfd.o
 .bss.gp_callback_memory
                0x20001978        0x4 ./ra/fsp/src/bsp/mcu/all/bsp_clocks.o
 .bss.g_bsp_clock_update_callback
                0x2000197c        0x4 ./ra/fsp/src/bsp/mcu/all/bsp_clocks.o
 .bss.g_bsp_group_irq_sources
                0x20001980       0x40 ./ra/fsp/src/bsp/mcu/all/bsp_group_irq.o
                0x20001980                g_bsp_group_irq_sources
 .bss.g_protect_pfswe_counter
                0x200019c0        0x4 ./ra/fsp/src/bsp/mcu/all/bsp_io.o
                0x200019c0                g_protect_pfswe_counter
 .bss.gp_renesas_isr_context
                0x200019c4      0x180 ./ra/fsp/src/bsp/mcu/all/bsp_irq.o
                0x200019c4                gp_renesas_isr_context
 .bss.g_protect_counters
                0x20001b44        0x8 ./ra/fsp/src/bsp/mcu/all/bsp_register_protection.o
                0x20001b44                g_protect_counters
 .bss.current_heap_end.0
                0x20001b4c        0x4 ./ra/fsp/src/bsp/mcu/all/bsp_sbrk.o
 .bss.SystemCoreClock
                0x20001b50        0x4 ./ra/fsp/src/bsp/cmsis/Device/RENESAS/Source/system.o
                0x20001b50                SystemCoreClock
 .bss.__sf      0x20001b54      0x138 C:/Renesas/RA/e2studio_v2024-07_fsp_v5.5.0/toolchains/gcc_arm/13.2.rel1/bin/../lib/gcc/arm-none-eabi/13.2.1/thumb/v8-m.main+fp/hard\libg_nano.a(libc_a-findfp.o)
                0x20001b54                __sf
 .bss.__stdio_exit_handler
                0x20001c8c        0x4 C:/Renesas/RA/e2studio_v2024-07_fsp_v5.5.0/toolchains/gcc_arm/13.2.rel1/bin/../lib/gcc/arm-none-eabi/13.2.1/thumb/v8-m.main+fp/hard\libg_nano.a(libc_a-findfp.o)
                0x20001c8c                __stdio_exit_handler
 .bss.errno     0x20001c90        0x4 C:/Renesas/RA/e2studio_v2024-07_fsp_v5.5.0/toolchains/gcc_arm/13.2.rel1/bin/../lib/gcc/arm-none-eabi/13.2.1/thumb/v8-m.main+fp/hard\libg_nano.a(libc_a-reent.o)
                0x20001c90                errno
 .bss.__lock___malloc_recursive_mutex
                0x20001c94        0x1 C:/Renesas/RA/e2studio_v2024-07_fsp_v5.5.0/toolchains/gcc_arm/13.2.rel1/bin/../lib/gcc/arm-none-eabi/13.2.1/thumb/v8-m.main+fp/hard\libg_nano.a(libc_a-lock.o)
                0x20001c94                __lock___malloc_recursive_mutex
 .bss.__lock___sfp_recursive_mutex
                0x20001c95        0x1 C:/Renesas/RA/e2studio_v2024-07_fsp_v5.5.0/toolchains/gcc_arm/13.2.rel1/bin/../lib/gcc/arm-none-eabi/13.2.1/thumb/v8-m.main+fp/hard\libg_nano.a(libc_a-lock.o)
                0x20001c95                __lock___sfp_recursive_mutex
 *fill*         0x20001c96        0x2 
 .bss.__malloc_sbrk_start
                0x20001c98        0x4 C:/Renesas/RA/e2studio_v2024-07_fsp_v5.5.0/toolchains/gcc_arm/13.2.rel1/bin/../lib/gcc/arm-none-eabi/13.2.1/thumb/v8-m.main+fp/hard\libg_nano.a(libc_a-mallocr.o)
                0x20001c98                __malloc_sbrk_start
 .bss.__malloc_free_list
                0x20001c9c        0x4 C:/Renesas/RA/e2studio_v2024-07_fsp_v5.5.0/toolchains/gcc_arm/13.2.rel1/bin/../lib/gcc/arm-none-eabi/13.2.1/thumb/v8-m.main+fp/hard\libg_nano.a(libc_a-mallocr.o)
                0x20001c9c                __malloc_free_list
 *(COMMON)
                0x20001ca0                        . = ALIGN (0x4)
                0x20001ca0                        __bss_end__ = .

.heap           0x20001ca0     0x2000
                0x20001ca0                        . = ALIGN (0x8)
                0x20001ca0                        __HeapBase = .
 *(.heap)
 .heap          0x20001ca0     0x2000 ./ra/fsp/src/bsp/cmsis/Device/RENESAS/Source/startup.o
                0x20003ca0                        __HeapLimit = .

.stack_dummy    0x20003ca0     0x1008
                0x20003ca0                        . = ALIGN (0x8)
                0x20003ca0                        __StackLimit = .
 *(.stack)
 .stack         0x20003ca0     0x1008 ./ra/fsp/src/bsp/cmsis/Device/RENESAS/Source/startup.o
                0x20004ca8                        __StackTop = .
 *(.stack*)
                0x20004ca8                        __StackTopAll = .
                0x20004ca8                        PROVIDE (__stack = __StackTopAll)
                0x20004ca8                        __RAM_segment_used_end__ = ALIGN (__StackTopAll, 0x4)
                0x20005000                        __tz_RAM_C = DEFINED (RAM_NSC_START)?ABSOLUTE ((RAM_NSC_START - RAM_NS_BUFFER_BLOCK_LENGTH)):__RESERVE_NS_RAM?ABSOLUTE (RAM_NS_BUFFER_BLOCK_START):ALIGN (__RAM_segment_used_end__, 0x400)
                0x20006000                        __tz_RAM_N = DEFINED (RAM_NS_START)?ABSOLUTE ((RAM_NS_START - RAM_NS_BUFFER_BLOCK_LENGTH)):__RESERVE_NS_RAM?ABSOLUTE (RAM_NS_BUFFER_BLOCK_START):ALIGN (__tz_RAM_C, 0x2000)

.ns_buffer      0x20004ca8        0x0
                0x20004ca8                        . = __RESERVE_NS_RAM?ABSOLUTE ((RAM_NS_BUFFER_START & 0xffffffe0)):.
 *(.ns_buffer*)

.data_flash     0x08000000        0x0
                0x08000000                        . = ORIGIN (DATA_FLASH)
                0x08000000                        __tz_DATA_FLASH_S = .
                0x08000000                        __Data_Flash_Start = .
 *(.data_flash*)
                0x08000000                        __Data_Flash_End = .
                0x08000000                        __tz_DATA_FLASH_N = DEFINED (DATA_FLASH_NS_START)?ABSOLUTE (DATA_FLASH_NS_START):__RESERVE_NS_RAM?ABSOLUTE ((DATA_FLASH_START + DATA_FLASH_LENGTH)):ALIGN (0x400)
                0x80010000                        __tz_SDRAM_S = ORIGIN (SDRAM)

.sdram          0x80010000        0x0
                0x80010000                        __SDRAM_Start = .
 *(.sdram*)
 *(.frame*)
                0x80010000                        __SDRAM_End = .
                0x80010000                        __tz_SDRAM_N = __SDRAM_End
                0x00000000                        __tz_ID_CODE_S = ORIGIN (ID_CODE)
                0x00000000                        __tz_ID_CODE_N = __tz_ID_CODE_S

.id_code        0x00000000        0x0
                0x00000000                        __ID_Code_Start = .
 *(.id_code*)
                0x00000000                        __ID_Code_End = .
                0x0100a100                        __tz_OPTION_SETTING_S = ORIGIN (OPTION_SETTING_OFS)

.option_setting_ofs
                0x0100a100       0x14
                0x0100a100                        __OPTION_SETTING_OFS_Start = .
 *(.option_setting_ofs0)
 .option_setting_ofs0
                0x0100a100        0x4 ./ra/fsp/src/bsp/mcu/all/bsp_rom_registers.o
                0x0100a104                        . = PROJECT_SECURE_OR_FLAT?(__OPTION_SETTING_OFS_Start + 0x4):__OPTION_SETTING_OFS_Start
 *(.option_setting_ofs2)
                0x0100a110                        . = PROJECT_SECURE_OR_FLAT?(__OPTION_SETTING_OFS_Start + 0x10):__OPTION_SETTING_OFS_Start
 *fill*         0x0100a104        0xc ff
 *(.option_setting_dualsel)
 .option_setting_dualsel
                0x0100a110        0x4 ./ra/fsp/src/bsp/mcu/all/bsp_rom_registers.o
                0x0100a114                        __OPTION_SETTING_OFS_End = .

.option_setting_sas
                0x0100a134        0x4
                0x0100a134                        __OPTION_SETTING_SAS_Start = .
 *(.option_setting_sas)
 .option_setting_sas
                0x0100a134        0x4 ./ra/fsp/src/bsp/mcu/all/bsp_rom_registers.o
                0x0100a138                        __OPTION_SETTING_SAS_End = .