Archive member included to satisfy reference by file (symbol)

C:/Renesas/RA/e2studio_v2024-07_fsp_v5.5.0/toolchains/gcc_arm/13.2.rel1/bin/../lib/gcc/arm-none-eabi/13.2.1/thumb/v8-m.main+fp/hard\libgcc.a(cmse.o)
                              ./src/g_canfd0_guard.o (cmse_check_address_range)
C:/Renesas/RA/e2studio_v2024-07_fsp_v5.5.0/toolchains/gcc_arm/13.2.rel1/bin/../lib/gcc/arm-none-eabi/13.2.1/thumb/v8-m.main+fp/hard\libgcc.a(cmse_nonsecure_call.o)
                              ./ra/fsp/src/r_sci_uart/r_sci_uart.o (__gnu_cmse_nonsecure_call)
C:/Renesas/RA/e2studio_v2024-07_fsp_v5.5.0/toolchains/gcc_arm/13.2.rel1/bin/../lib/gcc/arm-none-eabi/13.2.1/thumb/v8-m.main+fp/hard\libgcc.a(_aeabi_ldivmod.o)
                              ./ra/fsp/src/r_sci_uart/r_sci_uart.o (__aeabi_ldivmod)
C:/Renesas/RA/e2studio_v2024-07_fsp_v5.5.0/toolchains/gcc_arm/13.2.rel1/bin/../lib/gcc/arm-none-eabi/13.2.1/thumb/v8-m.main+fp/hard\libgcc.a(_aeabi_uldivmod.o)
                              ./src/secure_modules/encryption/key_management.o (__aeabi_uldivmod)
C:/Renesas/RA/e2studio_v2024-07_fsp_v5.5.0/toolchains/gcc_arm/13.2.rel1/bin/../lib/gcc/arm-none-eabi/13.2.1/thumb/v8-m.main+fp/hard\libgcc.a(_udivmoddi4.o)
                              C:/Renesas/RA/e2studio_v2024-07_fsp_v5.5.0/toolchains/gcc_arm/13.2.rel1/bin/../lib/gcc/arm-none-eabi/13.2.1/thumb/v8-m.main+fp/hard\libgcc.a(_aeabi_ldivmod.o) (__udivmoddi4)
C:/Renesas/RA/e2studio_v2024-07_fsp_v5.5.0/toolchains/gcc_arm/13.2.rel1/bin/../lib/gcc/arm-none-eabi/13.2.1/thumb/v8-m.main+fp/hard\libgcc.a(_dvmd_tls.o)
                              C:/Renesas/RA/e2studio_v2024-07_fsp_v5.5.0/toolchains/gcc_arm/13.2.rel1/bin/../lib/gcc/arm-none-eabi/13.2.1/thumb/v8-m.main+fp/hard\libgcc.a(_aeabi_ldivmod.o) (__aeabi_ldiv0)
C:/Renesas/RA/e2studio_v2024-07_fsp_v5.5.0/toolchains/gcc_arm/13.2.rel1/bin/../lib/gcc/arm-none-eabi/13.2.1/thumb/v8-m.main+fp/hard\libg_nano.a(libc_a-exit.o)
                              C:/Renesas/RA/e2studio_v2024-07_fsp_v5.5.0/toolchains/gcc_arm/13.2.rel1/bin/../lib/gcc/arm-none-eabi/13.2.1/thumb/v8-m.main+fp/hard/crt0.o (exit)
C:/Renesas/RA/e2studio_v2024-07_fsp_v5.5.0/toolchains/gcc_arm/13.2.rel1/bin/../lib/gcc/arm-none-eabi/13.2.1/thumb/v8-m.main+fp/hard\libg_nano.a(libc_a-malloc.o)
                              ./src/secure_modules/house_owner.o (malloc)
C:/Renesas/RA/e2studio_v2024-07_fsp_v5.5.0/toolchains/gcc_arm/13.2.rel1/bin/../lib/gcc/arm-none-eabi/13.2.1/thumb/v8-m.main+fp/hard\libg_nano.a(libc_a-mallocr.o)
                              C:/Renesas/RA/e2studio_v2024-07_fsp_v5.5.0/toolchains/gcc_arm/13.2.rel1/bin/../lib/gcc/arm-none-eabi/13.2.1/thumb/v8-m.main+fp/hard\libg_nano.a(libc_a-malloc.o) (_malloc_r)
C:/Renesas/RA/e2studio_v2024-07_fsp_v5.5.0/toolchains/gcc_arm/13.2.rel1/bin/../lib/gcc/arm-none-eabi/13.2.1/thumb/v8-m.main+fp/hard\libg_nano.a(libc_a-mlock.o)
                              C:/Renesas/RA/e2studio_v2024-07_fsp_v5.5.0/toolchains/gcc_arm/13.2.rel1/bin/../lib/gcc/arm-none-eabi/13.2.1/thumb/v8-m.main+fp/hard\libg_nano.a(libc_a-mallocr.o) (__malloc_lock)
C:/Renesas/RA/e2studio_v2024-07_fsp_v5.5.0/toolchains/gcc_arm/13.2.rel1/bin/../lib/gcc/arm-none-eabi/13.2.1/thumb/v8-m.main+fp/hard\libg_nano.a(libc_a-nano-vfprintf_float.o)
                              (_printf_float)
C:/Renesas/RA/e2studio_v2024-07_fsp_v5.5.0/toolchains/gcc_arm/13.2.rel1/bin/../lib/gcc/arm-none-eabi/13.2.1/thumb/v8-m.main+fp/hard\libg_nano.a(libc_a-nano-vfprintf_i.o)
                              C:/Renesas/RA/e2studio_v2024-07_fsp_v5.5.0/toolchains/gcc_arm/13.2.rel1/bin/../lib/gcc/arm-none-eabi/13.2.1/thumb/v8-m.main+fp/hard\libg_nano.a(libc_a-nano-vfprintf_float.o) (_printf_common)
C:/Renesas/RA/e2studio_v2024-07_fsp_v5.5.0/toolchains/gcc_arm/13.2.rel1/bin/../lib/gcc/arm-none-eabi/13.2.1/thumb/v8-m.main+fp/hard\libg_nano.a(libc_a-findfp.o)
                              C:/Renesas/RA/e2studio_v2024-07_fsp_v5.5.0/toolchains/gcc_arm/13.2.rel1/bin/../lib/gcc/arm-none-eabi/13.2.1/thumb/v8-m.main+fp/hard\libg_nano.a(libc_a-exit.o) (__stdio_exit_handler)
C:/Renesas/RA/e2studio_v2024-07_fsp_v5.5.0/toolchains/gcc_arm/13.2.rel1/bin/../lib/gcc/arm-none-eabi/13.2.1/thumb/v8-m.main+fp/hard\libg_nano.a(libc_a-fwalk.o)
                              C:/Renesas/RA/e2studio_v2024-07_fsp_v5.5.0/toolchains/gcc_arm/13.2.rel1/bin/../lib/gcc/arm-none-eabi/13.2.1/thumb/v8-m.main+fp/hard\libg_nano.a(libc_a-findfp.o) (_fwalk_sglue)
C:/Renesas/RA/e2studio_v2024-07_fsp_v5.5.0/toolchains/gcc_arm/13.2.rel1/bin/../lib/gcc/arm-none-eabi/13.2.1/thumb/v8-m.main+fp/hard\libg_nano.a(libc_a-putchar.o)
                              ./src/trustedhouses/house3/tapp.o (putchar)
C:/Renesas/RA/e2studio_v2024-07_fsp_v5.5.0/toolchains/gcc_arm/13.2.rel1/bin/../lib/gcc/arm-none-eabi/13.2.1/thumb/v8-m.main+fp/hard\libg_nano.a(libc_a-puts.o)
                              ./src/trustedhouses/house3/housekeeper.o (puts)
[...]
Memory Configuration

Name             Origin             Length             Attributes
ITCM             0x00000000         0x00000000         xr
DTCM             0x00000000         0x00000000         xrw
FLASH            0x00000000         0x00200000         xr
RAM              0x20000000         0x00080000         xrw
DATA_FLASH       0x08000000         0x00002000         xr
QSPI_FLASH       0x60000000         0x04000000         xr
OSPI_DEVICE_0    0x68000000         0x08000000         xr
OSPI_DEVICE_1    0x70000000         0x10000000         xr
OSPI_DEVICE_0_RAM 0x68000000         0x08000000         xrw
OSPI_DEVICE_1_RAM 0x70000000         0x10000000         xrw
SDRAM            0x80010000         0x00000000         xrw
OPTION_SETTING   0x0100a100         0x00000100         r
OPTION_SETTING_OFS 0x0100a100         0x00000018         r
OPTION_SETTING_SAS 0x0100a134         0x000000cc         r
OPTION_SETTING_S 0x0100a200         0x00000100         r
ID_CODE          0x00000000         0x00000000         xr
*default*        0x00000000         0xffffffff

Linker script and memory map

LOAD C:/Renesas/RA/e2studio_v2024-07_fsp_v5.5.0/toolchains/gcc_arm/13.2.rel1/bin/../lib/gcc/arm-none-eabi/13.2.1/thumb/v8-m.main+fp/hard/crti.o
LOAD C:/Renesas/RA/e2studio_v2024-07_fsp_v5.5.0/toolchains/gcc_arm/13.2.rel1/bin/../lib/gcc/arm-none-eabi/13.2.1/thumb/v8-m.main+fp/hard/crtbegin.o
LOAD C:/Renesas/RA/e2studio_v2024-07_fsp_v5.5.0/toolchains/gcc_arm/13.2.rel1/bin/../lib/gcc/arm-none-eabi/13.2.1/thumb/v8-m.main+fp/hard/crt0.o
START GROUP
LOAD ./src/uart/bsp_uart.o
LOAD ./src/trustedhouses/house3/housekeeper.o
LOAD ./src/trustedhouses/house3/tapp.o
LOAD ./src/trustedhouses/house2/housekeeper.o
LOAD ./src/trustedhouses/house2/tapp.o
LOAD ./src/trustedhouses/house1/housekeeper.o
LOAD ./src/trustedhouses/house1/tapp.o
LOAD ./src/secure_modules/encryption/aead.o
LOAD ./src/secure_modules/encryption/encryption.o
LOAD ./src/secure_modules/encryption/key_management.o
LOAD ./src/secure_modules/encryption/permutations.o
LOAD ./src/secure_modules/encryption/printstate.o
LOAD ./src/secure_modules/house_owner.o
LOAD ./src/my_nsc_api/my_nsc_api.o
LOAD ./src/canfd/bsp_canfd0.o
LOAD ./src/canfd/bsp_canfd1.o
LOAD ./src/SysTick/bsp_SysTick.o
LOAD ./src/g_canfd0_guard.o
LOAD ./src/g_canfd1_guard.o
LOAD ./src/g_uart4_guard.o
LOAD ./src/hal_entry.o
LOAD ./ra_gen/common_data.o
LOAD ./ra_gen/hal_data.o
LOAD ./ra_gen/main.o
LOAD ./ra_gen/pin_data.o
LOAD ./ra_gen/vector_data.o
LOAD ./ra/fsp/src/rm_tz_context/tz_context.o
LOAD ./ra/fsp/src/r_sci_uart/r_sci_uart.o
LOAD ./ra/fsp/src/r_ioport/r_ioport.o
LOAD ./ra/fsp/src/r_canfd/r_canfd.o
LOAD ./ra/fsp/src/bsp/mcu/all/bsp_clocks.o
LOAD ./ra/fsp/src/bsp/mcu/all/bsp_common.o
LOAD ./ra/fsp/src/bsp/mcu/all/bsp_delay.o
LOAD ./ra/fsp/src/bsp/mcu/all/bsp_group_irq.o
LOAD ./ra/fsp/src/bsp/mcu/all/bsp_guard.o
LOAD ./ra/fsp/src/bsp/mcu/all/bsp_io.o
LOAD ./ra/fsp/src/bsp/mcu/all/bsp_irq.o
LOAD ./ra/fsp/src/bsp/mcu/all/bsp_macl.o
LOAD ./ra/fsp/src/bsp/mcu/all/bsp_register_protection.o
LOAD ./ra/fsp/src/bsp/mcu/all/bsp_rom_registers.o
LOAD ./ra/fsp/src/bsp/mcu/all/bsp_sbrk.o
LOAD ./ra/fsp/src/bsp/mcu/all/bsp_sdram.o
LOAD ./ra/fsp/src/bsp/mcu/all/bsp_security.o
LOAD ./ra/fsp/src/bsp/cmsis/Device/RENESAS/Source/startup.o
LOAD ./ra/fsp/src/bsp/cmsis/Device/RENESAS/Source/system.o
END GROUP
START GROUP
LOAD C:/Renesas/RA/e2studio_v2024-07_fsp_v5.5.0/toolchains/gcc_arm/13.2.rel1/bin/../lib/gcc/arm-none-eabi/13.2.1/thumb/v8-m.main+fp/hard\libgcc.a
LOAD C:/Renesas/RA/e2studio_v2024-07_fsp_v5.5.0/toolchains/gcc_arm/13.2.rel1/bin/../lib/gcc/arm-none-eabi/13.2.1/thumb/v8-m.main+fp/hard\libg_nano.a
LOAD C:/Renesas/RA/e2studio_v2024-07_fsp_v5.5.0/toolchains/gcc_arm/13.2.rel1/bin/../lib/gcc/arm-none-eabi/13.2.1/thumb/v8-m.main+fp/hard\libc_nano.a
END GROUP
START GROUP
LOAD C:/Renesas/RA/e2studio_v2024-07_fsp_v5.5.0/toolchains/gcc_arm/13.2.rel1/bin/../lib/gcc/arm-none-eabi/13.2.1/thumb/v8-m.main+fp/hard\libgcc.a
LOAD C:/Renesas/RA/e2studio_v2024-07_fsp_v5.5.0/toolchains/gcc_arm/13.2.rel1/bin/../lib/gcc/arm-none-eabi/13.2.1/thumb/v8-m.main+fp/hard\libc_nano.a
END GROUP
LOAD C:/Renesas/RA/e2studio_v2024-07_fsp_v5.5.0/toolchains/gcc_arm/13.2.rel1/bin/../lib/gcc/arm-none-eabi/13.2.1/thumb/v8-m.main+fp/hard/crtend.o
LOAD C:/Renesas/RA/e2studio_v2024-07_fsp_v5.5.0/toolchains/gcc_arm/13.2.rel1/bin/../lib/gcc/arm-none-eabi/13.2.1/thumb/v8-m.main+fp/hard/crtn.o
                0x20000000                        RAM_START = 0x20000000
                0x00080000                        RAM_LENGTH = 0x80000
                0x00000000                        FLASH_START = 0x0
                0x00200000                        FLASH_LENGTH = 0x200000
                0x08000000                        DATA_FLASH_START = 0x8000000
                0x00002000                        DATA_FLASH_LENGTH = 0x2000
                0x0100a100                        OPTION_SETTING_START = 0x100a100
                0x00000100                        OPTION_SETTING_LENGTH = 0x100
                0x0100a200                        OPTION_SETTING_S_START = 0x100a200
                0x00000100                        OPTION_SETTING_S_LENGTH = 0x100
                0x00000000                        ID_CODE_START = 0x0
                0x00000000                        ID_CODE_LENGTH = 0x0
                0x80010000                        SDRAM_START = 0x80010000
                0x00000000                        SDRAM_LENGTH = 0x0
                0x60000000                        QSPI_FLASH_START = 0x60000000
                0x04000000                        QSPI_FLASH_LENGTH = 0x4000000
                0x68000000                        OSPI_DEVICE_0_START = 0x68000000
                0x08000000                        OSPI_DEVICE_0_LENGTH = 0x8000000
                0x70000000                        OSPI_DEVICE_1_START = 0x70000000
                0x10000000                        OSPI_DEVICE_1_LENGTH = 0x10000000
                0x00000001                        PROJECT_SECURE = 0x1
                0x04000000                        QSPI_FLASH_PRV_LENGTH = DEFINED (QSPI_FLASH_SIZE)?ABSOLUTE (QSPI_FLASH_SIZE):ABSOLUTE (QSPI_FLASH_LENGTH)
                0x08000000                        OSPI_DEVICE_0_PRV_LENGTH = DEFINED (OSPI_DEVICE_0_SIZE)?ABSOLUTE (OSPI_DEVICE_0_SIZE):ABSOLUTE (OSPI_DEVICE_0_LENGTH)
                0x10000000                        OSPI_DEVICE_1_PRV_LENGTH = DEFINED (OSPI_DEVICE_1_SIZE)?ABSOLUTE (OSPI_DEVICE_1_SIZE):ABSOLUTE (OSPI_DEVICE_1_LENGTH)
                0x00000000                        __RESERVE_NS_RAM = ((! (DEFINED (PROJECT_NONSECURE)) && DEFINED (RAM_NS_BUFFER_LENGTH)) && (OPTION_SETTING_S_LENGTH != 0x0))
                0x00000000                        ITCM_START = DEFINED (ITCM_START)?ITCM_START:0x0
                0x00000000                        ITCM_LENGTH = DEFINED (ITCM_LENGTH)?ITCM_LENGTH:0x0
                0x00000000                        DTCM_START = DEFINED (DTCM_START)?DTCM_START:0x0
                0x00000000                        DTCM_LENGTH = DEFINED (DTCM_LENGTH)?DTCM_LENGTH:0x0
                0x00000000                        RAM_NS_BUFFER_BLOCK_LENGTH = DEFINED (RAM_NS_BUFFER_LENGTH)?ALIGN (RAM_NS_BUFFER_LENGTH, 0x2000):0x0
                0x00000000                        RAM_NS_BUFFER_LENGTH = DEFINED (RAM_NS_BUFFER_LENGTH)?RAM_NS_BUFFER_LENGTH:0x0
                0x20080000                        RAM_NS_BUFFER_START = ((RAM_START + RAM_LENGTH) - RAM_NS_BUFFER_LENGTH)
                0x20080000                        RAM_NS_BUFFER_BLOCK_START = ((RAM_START + RAM_LENGTH) - RAM_NS_BUFFER_BLOCK_LENGTH)
                0x0100a180                        OPTION_SETTING_START_NS = DEFINED (PROJECT_NONSECURE)?OPTION_SETTING_START:(OPTION_SETTING_START + 0x80)
                0x00000001                        __bl_FSP_BOOTABLE_IMAGE = 0x1
                0x00000001                        __bln_FSP_BOOTABLE_IMAGE = 0x1
                0x00000001                        PROJECT_SECURE_OR_FLAT = (((! (DEFINED (PROJECT_NONSECURE)) || DEFINED (PROJECT_SECURE)) && OPTION_SETTING_LENGTH) && ! (DEFINED (FSP_BOOTABLE_IMAGE)))
                0x00000000                        USE_OPTION_SETTING_NS = (DEFINED (PROJECT_NONSECURE) && ! (DEFINED (FSP_BOOTABLE_IMAGE)))
                0x00000000                        __bl_FLASH_IMAGE_START = ! (DEFINED (FLASH_BOOTLOADER_LENGTH))?0x0:(FLASH_APPLICATION_IMAGE_NUMBER == 0x1)?((FLASH_START + FLASH_BOOTLOADER_LENGTH) + FLASH_BOOTLOADER_HEADER_LENGTH):(DEFINED (BOOTLOADER_SECONDARY_USE_QSPI) || DEFINED (BOOTLOADER_SECONDARY_USE_OSPI_B))?(((FLASH_START + FLASH_BOOTLOADER_LENGTH) + FLASH_BOOTLOADER_SCRATCH_LENGTH) + FLASH_BOOTLOADER_HEADER_LENGTH):((((FLASH_START + FLASH_BOOTLOADER_LENGTH) + FLASH_BOOTLOADER_SCRATCH_LENGTH) + FLASH_APPLICATION_S_LENGTH) + FLASH_BOOTLOADER_HEADER_LENGTH)
                0x00000000                        __bl_FLASH_IMAGE_LENGTH = ! (DEFINED (FLASH_BOOTLOADER_LENGTH))?0x0:(FLASH_APPLICATION_S_LENGTH - FLASH_BOOTLOADER_HEADER_LENGTH)
                0x00000000                        __bl_FLASH_IMAGE_END = (__bl_FLASH_IMAGE_START + __bl_FLASH_IMAGE_LENGTH)
                0x00000000                        __bl_XIP_SECONDARY_FLASH_IMAGE_START = ! (DEFINED (FLASH_BOOTLOADER_LENGTH))?0x0:(((FLASH_START + FLASH_BOOTLOADER_LENGTH) + FLASH_APPLICATION_S_LENGTH) + FLASH_BOOTLOADER_HEADER_LENGTH)
                0x00000000                        __bl_XIP_SECONDARY_FLASH_IMAGE_END = (__bl_XIP_SECONDARY_FLASH_IMAGE_START + __bl_FLASH_IMAGE_LENGTH)
                0x00000000                        __bl_FLASH_NS_START = ! (DEFINED (FLASH_BOOTLOADER_LENGTH))?0x0:(FLASH_APPLICATION_NS_LENGTH == 0x0)?__bl_FLASH_IMAGE_END:((__bl_FLASH_IMAGE_START - FLASH_BOOTLOADER_HEADER_LENGTH) + FLASH_APPLICATION_S_LENGTH)
                0x00000000                        __bl_FLASH_NSC_START = ! (DEFINED (FLASH_BOOTLOADER_LENGTH))?0x0:(FLASH_APPLICATION_NS_LENGTH == 0x0)?__bl_FLASH_IMAGE_END:(__bl_FLASH_IMAGE_END - FLASH_APPLICATION_NSC_LENGTH)
                0x00000000                        __bl_RAM_NS_START = ! (DEFINED (FLASH_BOOTLOADER_LENGTH))?0x0:(FLASH_APPLICATION_NS_LENGTH == 0x0)?(RAM_START + RAM_LENGTH):((RAM_START + RAM_LENGTH) - RAM_APPLICATION_NS_LENGTH)
                0x00000000                        __bl_RAM_NSC_START = ! (DEFINED (FLASH_BOOTLOADER_LENGTH))?0x0:(FLASH_APPLICATION_NS_LENGTH == 0x0)?(RAM_START + RAM_LENGTH):(__bl_RAM_NS_START - RAM_APPLICATION_NSC_LENGTH)
                0x00000000                        __bl_FLASH_NS_IMAGE_START = ! (DEFINED (FLASH_BOOTLOADER_LENGTH))?0x0:(FLASH_APPLICATION_NS_LENGTH == 0x0)?__bl_FLASH_IMAGE_END:(__bl_FLASH_NS_START + FLASH_BOOTLOADER_HEADER_LENGTH_2)
                0x00000000                        __bln_FLASH_IMAGE_START = (__bl_FLASH_NS_IMAGE_START | ! (DEFINED (NS_OFFSET_START))?0x0:NS_OFFSET_START)
                0x00000000                        __bln_FLASH_IMAGE_LENGTH = ! (DEFINED (FLASH_BOOTLOADER_LENGTH))?0x0:(FLASH_APPLICATION_NS_LENGTH == 0x0)?__bl_FLASH_IMAGE_END:(FLASH_APPLICATION_NS_LENGTH - FLASH_BOOTLOADER_HEADER_LENGTH_2)
                0x00000000                        XIP_SECONDARY_SLOT_IMAGE = DEFINED (XIP_SECONDARY_SLOT_IMAGE)?XIP_SECONDARY_SLOT_IMAGE:0x0
                0x00000000                        FLASH_ORIGIN = ! (DEFINED (FLASH_IMAGE_START))?FLASH_START:(XIP_SECONDARY_SLOT_IMAGE == 0x1)?XIP_SECONDARY_FLASH_IMAGE_START:FLASH_IMAGE_START
                0x00200000                        LIMITED_FLASH_LENGTH = DEFINED (FLASH_IMAGE_LENGTH)?FLASH_IMAGE_LENGTH:DEFINED (FLASH_BOOTLOADER_LENGTH)?FLASH_BOOTLOADER_LENGTH:FLASH_LENGTH
                0x00000034                        OPTION_SETTING_SAS_SIZE = 0x34
                0x000000cc                        OPTION_SETTING_SAS_LENGTH = ! (DEFINED (OPTION_SETTING_LENGTH))?0x0:(OPTION_SETTING_LENGTH == 0x0)?0x0:(OPTION_SETTING_LENGTH - OPTION_SETTING_SAS_SIZE)
START GROUP
LOAD C:/Renesas/RA/e2studio_v2024-07_fsp_v5.5.0/toolchains/gcc_arm/13.2.rel1/bin/../lib/gcc/arm-none-eabi/13.2.1/thumb/v8-m.main+fp/hard\libgcc.a
LOAD C:/Renesas/RA/e2studio_v2024-07_fsp_v5.5.0/toolchains/gcc_arm/13.2.rel1/bin/../lib/gcc/arm-none-eabi/13.2.1/thumb/v8-m.main+fp/hard\libc.a
LOAD C:/Renesas/RA/e2studio_v2024-07_fsp_v5.5.0/toolchains/gcc_arm/13.2.rel1/bin/../lib/gcc/arm-none-eabi/13.2.1/thumb/v8-m.main+fp/hard\libm.a
END GROUP

.text           0x00000000     0xbbf0
                0x00000000                        __tz_FLASH_S = ABSOLUTE (FLASH_START)
                0x00000000                        __ROM_Start = .
 *(.fixed_vectors*)
 .fixed_vectors
                0x00000000       0x40 ./ra/fsp/src/bsp/cmsis/Device/RENESAS/Source/startup.o
                0x00000000                __Vectors
 *(.application_vectors*)
 .application_vectors
                0x00000040      0x180 ./ra_gen/vector_data.o
                0x00000040                g_vector_table
                0x000001c0                        __Vectors_End = .
 *(.flash_gap*)
                0x000001c0                        . = (OPTION_SETTING_LENGTH > 0x0)?.:(__ROM_Start + 0x400)
 *(.rom_registers*)
 *(.mcuboot_sce9_key*)
 *(.text*)
 .text.deregister_tm_clones
                0x000001c0       0x1c C:/Renesas/RA/e2studio_v2024-07_fsp_v5.5.0/toolchains/gcc_arm/13.2.rel1/bin/../lib/gcc/arm-none-eabi/13.2.1/thumb/v8-m.main+fp/hard/crtbegin.o
 .text.register_tm_clones
                0x000001dc       0x28 C:/Renesas/RA/e2studio_v2024-07_fsp_v5.5.0/toolchains/gcc_arm/13.2.rel1/bin/../lib/gcc/arm-none-eabi/13.2.1/thumb/v8-m.main+fp/hard/crtbegin.o
 .text.__do_global_dtors_aux
                0x00000204       0x28 C:/Renesas/RA/e2studio_v2024-07_fsp_v5.5.0/toolchains/gcc_arm/13.2.rel1/bin/../lib/gcc/arm-none-eabi/13.2.1/thumb/v8-m.main+fp/hard/crtbegin.o
 .text.frame_dummy
                0x0000022c       0x24 C:/Renesas/RA/e2studio_v2024-07_fsp_v5.5.0/toolchains/gcc_arm/13.2.rel1/bin/../lib/gcc/arm-none-eabi/13.2.1/thumb/v8-m.main+fp/hard/crtbegin.o
 .text.debug_uart4_callback
                0x00000250       0x3c ./src/uart/bsp_uart.o
                0x00000250                debug_uart4_callback
 .text.Debug_UART4_Init
                0x0000028c       0x44 ./src/uart/bsp_uart.o
                0x0000028c                Debug_UART4_Init
 .text._write   0x000002d0       0x3c ./src/uart/bsp_uart.o
                0x000002d0                _write
 .text._read    0x0000030c       0x30 ./src/uart/bsp_uart.o
                0x0000030c                _read
 .text._isatty  0x0000033c       0x18 ./src/uart/bsp_uart.o
                0x0000033c                _isatty
 .text._close   0x00000354       0x1c ./src/uart/bsp_uart.o
                0x00000354                _close
 .text._lseek   0x00000370       0x14 ./src/uart/bsp_uart.o
                0x00000370                _lseek
 .text._fstat   0x00000384       0x1c ./src/uart/bsp_uart.o
                0x00000384                _fstat
 .text.ascon_aead_encrypt
                0x000003a0     0x41e8 ./src/secure_modules/encryption/aead.o
                0x000003a0                ascon_aead_encrypt
 .text.crypto_aead_encrypt
                0x00004588       0x28 ./src/secure_modules/encryption/aead.o
                0x00004588                crypto_aead_encrypt
 .text.init_key
                0x000045b0       0x88 ./src/secure_modules/encryption/encryption.o
                0x000045b0                init_key
 .text.encrypt_data
                0x00004638       0x4c ./src/secure_modules/encryption/encryption.o
                0x00004638                encrypt_data
 .text.My_nsc_api_Init
                0x00004684       0xcc ./src/my_nsc_api/my_nsc_api.o
                0x00004684                __acle_se_My_nsc_api_Init
 .text.My_NSC_API_ReadSecureData
                0x00004750       0x9c ./src/my_nsc_api/my_nsc_api.o
                0x00004750                __acle_se_My_NSC_API_ReadSecureData
 .text.canfd0_callback
                0x000047ec       0x94 ./src/canfd/bsp_canfd0.o
                0x000047ec                canfd0_callback
 .text.canfd1_callback
                0x00004880       0x94 ./src/canfd/bsp_canfd1.o
                0x00004880                canfd1_callback
 .text.SysTick_Init
                0x00004914       0x4c ./src/SysTick/bsp_SysTick.o
                0x00004914                SysTick_Init
 .text.SysTick_Handler
                0x00004960       0x2c ./src/SysTick/bsp_SysTick.o
                0x00004960                SysTick_Handler
 .text.g_canfd0_open_guard
                0x0000498c       0x7c ./src/g_canfd0_guard.o
                0x0000498c                __acle_se_g_canfd0_open_guard
 .text.g_canfd0_close_guard
                0x00004a08       0x78 ./src/g_canfd0_guard.o
                0x00004a08                __acle_se_g_canfd0_close_guard
 .text.g_canfd0_write_guard
                0x00004a80       0x8c ./src/g_canfd0_guard.o
                0x00004a80                __acle_se_g_canfd0_write_guard
 .text.g_canfd0_read_guard
                0x00004b0c       0x8c ./src/g_canfd0_guard.o
                0x00004b0c                __acle_se_g_canfd0_read_guard
 .text.g_canfd0_mode_transition_guard
                0x00004b98       0x78 ./src/g_canfd0_guard.o
                0x00004b98                __acle_se_g_canfd0_mode_transition_guard
 .text.g_canfd0_info_get_guard
                0x00004c10       0x88 ./src/g_canfd0_guard.o
                0x00004c10                __acle_se_g_canfd0_info_get_guard
 .text.g_canfd0_callback_set_guard
                0x00004c98       0xa0 ./src/g_canfd0_guard.o
                0x00004c98                __acle_se_g_canfd0_callback_set_guard
 .text.g_canfd1_open_guard
                0x00004d38       0x7c ./src/g_canfd1_guard.o
                0x00004d38                __acle_se_g_canfd1_open_guard
 .text.g_canfd1_close_guard
                0x00004db4       0x78 ./src/g_canfd1_guard.o
                0x00004db4                __acle_se_g_canfd1_close_guard
 .text.g_canfd1_write_guard
                0x00004e2c       0x8c ./src/g_canfd1_guard.o
                0x00004e2c                __acle_se_g_canfd1_write_guard
 .text.g_canfd1_read_guard
                0x00004eb8       0x8c ./src/g_canfd1_guard.o
                0x00004eb8                __acle_se_g_canfd1_read_guard
 .text.g_canfd1_mode_transition_guard
                0x00004f44       0x78 ./src/g_canfd1_guard.o
                0x00004f44                __acle_se_g_canfd1_mode_transition_guard
 .text.g_canfd1_info_get_guard
                0x00004fbc       0x88 ./src/g_canfd1_guard.o
                0x00004fbc                __acle_se_g_canfd1_info_get_guard
 .text.g_canfd1_callback_set_guard
                0x00005044       0xa0 ./src/g_canfd1_guard.o
                0x00005044                __acle_se_g_canfd1_callback_set_guard
 .text.g_uart4_open_guard
                0x000050e4       0x7c ./src/g_uart4_guard.o
                0x000050e4                __acle_se_g_uart4_open_guard
 .text.g_uart4_read_guard
                0x00005160       0x8c ./src/g_uart4_guard.o
                0x00005160                __acle_se_g_uart4_read_guard
 .text.g_uart4_write_guard
                0x000051ec       0x8c ./src/g_uart4_guard.o
                0x000051ec                __acle_se_g_uart4_write_guard
 .text.g_uart4_baud_set_guard
                0x00005278       0x88 ./src/g_uart4_guard.o
                0x00005278                __acle_se_g_uart4_baud_set_guard
 .text.g_uart4_info_get_guard
                0x00005300       0x88 ./src/g_uart4_guard.o
                0x00005300                __acle_se_g_uart4_info_get_guard
 .text.g_uart4_close_guard
                0x00005388       0x78 ./src/g_uart4_guard.o
                0x00005388                __acle_se_g_uart4_close_guard
 .text.g_uart4_abort_guard
                0x00005400       0x78 ./src/g_uart4_guard.o
                0x00005400                __acle_se_g_uart4_abort_guard
 .text.g_uart4_baud_calculate_guard
                0x00005478       0x90 ./src/g_uart4_guard.o
                0x00005478                __acle_se_g_uart4_baud_calculate_guard
 .text.g_uart4_callback_set_guard
                0x00005508       0xa0 ./src/g_uart4_guard.o
                0x00005508                __acle_se_g_uart4_callback_set_guard
 .text.g_uart4_read_stop_guard
                0x000055a8       0x88 ./src/g_uart4_guard.o
                0x000055a8                __acle_se_g_uart4_read_stop_guard
 .text.hal_entry
                0x00005630       0x20 ./src/hal_entry.o
                0x00005630                hal_entry
 .text.R_BSP_WarmStart
                0x00005650       0x18 ./src/hal_entry.o
                0x00005650                R_BSP_WarmStart
 .text.template_nonsecure_callable
                0x00005668       0x68 ./src/hal_entry.o
                0x00005668                __acle_se_template_nonsecure_callable
 .text.startup.main
                0x000056d0        0xc ./ra_gen/main.o
                0x000056d0                main
 .text.R_BSP_PinCfgSecurityInit
                0x000056dc       0x70 ./ra_gen/pin_data.o
                0x000056dc                R_BSP_PinCfgSecurityInit
 .text.TZ_InitContextSystem_S
                0x0000574c       0xcc ./ra/fsp/src/rm_tz_context/tz_context.o
                0x0000574c                __acle_se_TZ_InitContextSystem_S
 .text.TZ_AllocModuleContext_S
                0x00005818       0xa4 ./ra/fsp/src/rm_tz_context/tz_context.o
                0x00005818                __acle_se_TZ_AllocModuleContext_S
 .text.TZ_FreeModuleContext_S
                0x000058bc       0xb0 ./ra/fsp/src/rm_tz_context/tz_context.o
                0x000058bc                __acle_se_TZ_FreeModuleContext_S
 .text.TZ_LoadContext_S
                0x0000596c       0xa0 ./ra/fsp/src/rm_tz_context/tz_context.o
                0x0000596c                __acle_se_TZ_LoadContext_S
 .text.TZ_StoreContext_S
                0x00005a0c       0xd0 ./ra/fsp/src/rm_tz_context/tz_context.o
                0x00005a0c                __acle_se_TZ_StoreContext_S
 .text.R_SCI_UART_Close
                0x00005adc       0xcc ./ra/fsp/src/r_sci_uart/r_sci_uart.o
                0x00005adc                R_SCI_UART_Close
 .text.R_SCI_UART_Read
                0x00005ba8        0xc ./ra/fsp/src/r_sci_uart/r_sci_uart.o
                0x00005ba8                R_SCI_UART_Read
 .text.R_SCI_UART_Write
                0x00005bb4       0x50 ./ra/fsp/src/r_sci_uart/r_sci_uart.o
                0x00005bb4                R_SCI_UART_Write
 .text.R_SCI_UART_BaudSet
                0x00005c04       0x68 ./ra/fsp/src/r_sci_uart/r_sci_uart.o
                0x00005c04                R_SCI_UART_BaudSet
 .text.R_SCI_UART_InfoGet
                0x00005c6c        0xc ./ra/fsp/src/r_sci_uart/r_sci_uart.o
                0x00005c6c                R_SCI_UART_InfoGet
 .text.R_SCI_UART_Abort
                0x00005c78       0x3c ./ra/fsp/src/r_sci_uart/r_sci_uart.o
                0x00005c78                R_SCI_UART_Abort
 .text.R_SCI_UART_ReadStop
                0x00005cb4       0x14 ./ra/fsp/src/r_sci_uart/r_sci_uart.o
                0x00005cb4                R_SCI_UART_ReadStop
 .text.r_sci_uart_call_callback
                0x00005cc8       0xa0 ./ra/fsp/src/r_sci_uart/r_sci_uart.o
 .text.R_SCI_UART_CallbackSet
                0x00005d68       0x24 ./ra/fsp/src/r_sci_uart/r_sci_uart.o
                0x00005d68                R_SCI_UART_CallbackSet
 .text.R_SCI_UART_Open
                0x00005d8c      0x3bc ./ra/fsp/src/r_sci_uart/r_sci_uart.o
                0x00005d8c                R_SCI_UART_Open
 .text.R_SCI_UART_BaudCalculate
                0x00006148      0x1e4 ./ra/fsp/src/r_sci_uart/r_sci_uart.o
                0x00006148                R_SCI_UART_BaudCalculate
 .text.sci_uart_txi_isr
                0x0000632c       0x8c ./ra/fsp/src/r_sci_uart/r_sci_uart.o
                0x0000632c                sci_uart_txi_isr
 .text.sci_uart_rxi_isr
                0x000063b8       0x90 ./ra/fsp/src/r_sci_uart/r_sci_uart.o
                0x000063b8                sci_uart_rxi_isr
 .text.sci_uart_tei_isr
                0x00006448       0x48 ./ra/fsp/src/r_sci_uart/r_sci_uart.o
                0x00006448                sci_uart_tei_isr
 .text.sci_uart_eri_isr
                0x00006490       0x78 ./ra/fsp/src/r_sci_uart/r_sci_uart.o
                0x00006490                sci_uart_eri_isr
 .text.bsp_vbatt_init
                0x00006508       0x9c ./ra/fsp/src/r_ioport/r_ioport.o
 .text.r_ioport_pins_config
                0x000065a4       0xac ./ra/fsp/src/r_ioport/r_ioport.o
 .text.R_IOPORT_Open
                0x00006650       0x14 ./ra/fsp/src/r_ioport/r_ioport.o
                0x00006650                R_IOPORT_Open
 .text.R_CANFD_InfoGet
                0x00006664       0x5c ./ra/fsp/src/r_canfd/r_canfd.o
                0x00006664                R_CANFD_InfoGet
 .text.r_canfd_mb_read
                0x000066c0       0x84 ./ra/fsp/src/r_canfd/r_canfd.o
 .text.R_CANFD_Read
                0x00006744       0x5c ./ra/fsp/src/r_canfd/r_canfd.o
                0x00006744                R_CANFD_Read
 .text.r_canfd_call_callback
                0x000067a0       0x98 ./ra/fsp/src/r_canfd/r_canfd.o
 .text.r_canfd_mode_transition
                0x00006838      0x140 ./ra/fsp/src/r_canfd/r_canfd.o
 .text.R_CANFD_Close
                0x00006978       0xf8 ./ra/fsp/src/r_canfd/r_canfd.o
                0x00006978                R_CANFD_Close
 .text.R_CANFD_ModeTransition
                0x00006a70       0xa0 ./ra/fsp/src/r_canfd/r_canfd.o
                0x00006a70                R_CANFD_ModeTransition
 .text.R_CANFD_CallbackSet
                0x00006b10       0x24 ./ra/fsp/src/r_canfd/r_canfd.o
                0x00006b10                R_CANFD_CallbackSet
 .text.R_CANFD_Write
                0x00006b34      0x110 ./ra/fsp/src/r_canfd/r_canfd.o
                0x00006b34                R_CANFD_Write
 .text.R_CANFD_Open
                0x00006c44      0x3ac ./ra/fsp/src/r_canfd/r_canfd.o
                0x00006c44                R_CANFD_Open
 .text.canfd_error_isr
                0x00006ff0       0xdc ./ra/fsp/src/r_canfd/r_canfd.o
                0x00006ff0                canfd_error_isr
 .text.canfd_rx_fifo_isr
                0x000070cc       0xb4 ./ra/fsp/src/r_canfd/r_canfd.o
                0x000070cc                canfd_rx_fifo_isr
 .text.canfd_channel_tx_isr
                0x00007180      0x130 ./ra/fsp/src/r_canfd/r_canfd.o
                0x00007180                canfd_channel_tx_isr
 .text.canfd_common_fifo_rx_isr
                0x000072b0       0xd8 ./ra/fsp/src/r_canfd/r_canfd.o
                0x000072b0                canfd_common_fifo_rx_isr
 .text.r_bsp_clock_update_callback_set
                0x00007388       0x80 ./ra/fsp/src/bsp/mcu/all/bsp_clocks.o
                0x00007388                r_bsp_clock_update_callback_set
 .text.SystemCoreClockUpdate
                0x00007408       0x28 ./ra/fsp/src/bsp/mcu/all/bsp_clocks.o
                0x00007408                SystemCoreClockUpdate
 .text.R_BSP_SubClockStabilizeWaitAfterReset
                0x00007430        0x4 ./ra/fsp/src/bsp/mcu/all/bsp_clocks.o
                0x00007430                R_BSP_SubClockStabilizeWaitAfterReset
 .text.bsp_clock_init
                0x00007434      0x198 ./ra/fsp/src/bsp/mcu/all/bsp_clocks.o
                0x00007434                bsp_clock_init
 .text.R_BSP_Init_RTC
                0x000075cc       0x68 ./ra/fsp/src/bsp/mcu/all/bsp_clocks.o
                0x000075cc                R_BSP_Init_RTC
 .text.bsp_init_internal
                0x00007634        0x4 ./ra/fsp/src/bsp/mcu/all/bsp_common.o
                0x00007634                bsp_init_internal
                0x00007634                bsp_init
 .text.__assert_func
                0x00007638        0x4 ./ra/fsp/src/bsp/mcu/all/bsp_common.o
                0x00007638                __assert_func
 .text.bsp_prv_software_delay_loop
                0x0000763c        0xc ./ra/fsp/src/bsp/mcu/all/bsp_delay.o
                0x0000763c                bsp_prv_software_delay_loop
 .text.R_BSP_SoftwareDelay
                0x00007648       0x58 ./ra/fsp/src/bsp/mcu/all/bsp_delay.o
                0x00007648                R_BSP_SoftwareDelay
 .text.NMI_Handler
                0x000076a0       0x3c ./ra/fsp/src/bsp/mcu/all/bsp_group_irq.o
                0x000076a0                NMI_Handler
 .text.R_BSP_ClockUpdateCallbackSet
                0x000076dc       0xa8 ./ra/fsp/src/bsp/mcu/all/bsp_guard.o
                0x000076dc                __acle_se_R_BSP_ClockUpdateCallbackSet
 .text.bsp_irq_cfg
                0x00007784       0x9c ./ra/fsp/src/bsp/mcu/all/bsp_irq.o
                0x00007784                bsp_irq_cfg
 .text.R_BSP_RegisterProtectEnable
                0x00007820       0x60 ./ra/fsp/src/bsp/mcu/all/bsp_register_protection.o
                0x00007820                R_BSP_RegisterProtectEnable
 .text.R_BSP_RegisterProtectDisable
                0x00007880       0x54 ./ra/fsp/src/bsp/mcu/all/bsp_register_protection.o
                0x00007880                R_BSP_RegisterProtectDisable
 .text._sbrk    0x000078d4       0x40 ./ra/fsp/src/bsp/mcu/all/bsp_sbrk.o
                0x000078d4                _sbrk
 .text.R_BSP_NonSecureEnter
                0x00007914       0xe0 ./ra/fsp/src/bsp/mcu/all/bsp_security.o
                0x00007914                R_BSP_NonSecureEnter
 .text.R_BSP_ElcCfgSecurityInit
                0x000079f4        0x4 ./ra/fsp/src/bsp/mcu/all/bsp_security.o
                0x000079f4                R_BSP_ElcCfgSecurityInit
 .text.R_BSP_SecurityInit
                0x000079f8       0xf8 ./ra/fsp/src/bsp/mcu/all/bsp_security.o
                0x000079f8                R_BSP_SecurityInit
 .text.Default_Handler
                0x00007af0        0x4 ./ra/fsp/src/bsp/cmsis/Device/RENESAS/Source/startup.o
                0x00007af0                DebugMon_Handler
                0x00007af0                HardFault_Handler
                0x00007af0                PendSV_Handler
                0x00007af0                UsageFault_Handler
                0x00007af0                SecureFault_Handler
                0x00007af0                Default_Handler
                0x00007af0                MemManage_Handler
                0x00007af0                SVC_Handler
                0x00007af0                BusFault_Handler
 .text.Reset_Handler
                0x00007af4        0xc ./ra/fsp/src/bsp/cmsis/Device/RENESAS/Source/startup.o
                0x00007af4                Reset_Handler
 .text.SystemInit
                0x00007b00       0xd0 ./ra/fsp/src/bsp/cmsis/Device/RENESAS/Source/system.o
                0x00007b00                SystemInit
 .text.cmse_check_address_range
                0x00007bd0       0xe4 C:/Renesas/RA/e2studio_v2024-07_fsp_v5.5.0/toolchains/gcc_arm/13.2.rel1/bin/../lib/gcc/arm-none-eabi/13.2.1/thumb/v8-m.main+fp/hard\libgcc.a(cmse.o)
                0x00007bd0                cmse_check_address_range
 .text          0x00007cb4       0x5c C:/Renesas/RA/e2studio_v2024-07_fsp_v5.5.0/toolchains/gcc_arm/13.2.rel1/bin/../lib/gcc/arm-none-eabi/13.2.1/thumb/v8-m.main+fp/hard\libgcc.a(cmse_nonsecure_call.o)
                0x00007cb4                __gnu_cmse_nonsecure_call
 .text          0x00007d10       0xa0 C:/Renesas/RA/e2studio_v2024-07_fsp_v5.5.0/toolchains/gcc_arm/13.2.rel1/bin/../lib/gcc/arm-none-eabi/13.2.1/thumb/v8-m.main+fp/hard\libgcc.a(_aeabi_ldivmod.o)
                0x00007d10                __aeabi_ldivmod
 .text.__udivmoddi4
                0x00007db0      0x300 C:/Renesas/RA/e2studio_v2024-07_fsp_v5.5.0/toolchains/gcc_arm/13.2.rel1/bin/../lib/gcc/arm-none-eabi/13.2.1/thumb/v8-m.main+fp/hard\libgcc.a(_udivmoddi4.o)
                0x00007db0                __udivmoddi4
 .text          0x000080b0        0x4 C:/Renesas/RA/e2studio_v2024-07_fsp_v5.5.0/toolchains/gcc_arm/13.2.rel1/bin/../lib/gcc/arm-none-eabi/13.2.1/thumb/v8-m.main+fp/hard\libgcc.a(_dvmd_tls.o)
                0x000080b0                __aeabi_idiv0
                0x000080b0                __aeabi_ldiv0
 .text.malloc   0x000080b4       0x10 C:/Renesas/RA/e2studio_v2024-07_fsp_v5.5.0/toolchains/gcc_arm/13.2.rel1/bin/../lib/gcc/arm-none-eabi/13.2.1/thumb/v8-m.main+fp/hard\libg_nano.a(libc_a-malloc.o)
                0x000080b4                malloc
 .text.sbrk_aligned
                0x000080c4       0x44 C:/Renesas/RA/e2studio_v2024-07_fsp_v5.5.0/toolchains/gcc_arm/13.2.rel1/bin/../lib/gcc/arm-none-eabi/13.2.1/thumb/v8-m.main+fp/hard\libg_nano.a(libc_a-mallocr.o)
 .text._malloc_r
                0x00008108      0x100 C:/Renesas/RA/e2studio_v2024-07_fsp_v5.5.0/toolchains/gcc_arm/13.2.rel1/bin/../lib/gcc/arm-none-eabi/13.2.1/thumb/v8-m.main+fp/hard\libg_nano.a(libc_a-mallocr.o)
                0x00008108                _malloc_r
 .text.__malloc_lock
                0x00008208        0xc C:/Renesas/RA/e2studio_v2024-07_fsp_v5.5.0/toolchains/gcc_arm/13.2.rel1/bin/../lib/gcc/arm-none-eabi/13.2.1/thumb/v8-m.main+fp/hard\libg_nano.a(libc_a-mlock.o)
                0x00008208                __malloc_lock
 .text.__malloc_unlock
                0x00008214        0xc C:/Renesas/RA/e2studio_v2024-07_fsp_v5.5.0/toolchains/gcc_arm/13.2.rel1/bin/../lib/gcc/arm-none-eabi/13.2.1/thumb/v8-m.main+fp/hard\libg_nano.a(libc_a-mlock.o)
                0x00008214                __malloc_unlock
 .text.__cvt    0x00008220       0xca C:/Renesas/RA/e2studio_v2024-07_fsp_v5.5.0/toolchains/gcc_arm/13.2.rel1/bin/../lib/gcc/arm-none-eabi/13.2.1/thumb/v8-m.main+fp/hard\libg_nano.a(libc_a-nano-vfprintf_float.o)
                0x00008220                __cvt
 .text.__exponent
                0x000082ea       0x72 C:/Renesas/RA/e2studio_v2024-07_fsp_v5.5.0/toolchains/gcc_arm/13.2.rel1/bin/../lib/gcc/arm-none-eabi/13.2.1/thumb/v8-m.main+fp/hard\libg_nano.a(libc_a-nano-vfprintf_float.o)
                0x000082ea                __exponent
 .text._printf_float
                0x0000835c      0x454 C:/Renesas/RA/e2studio_v2024-07_fsp_v5.5.0/toolchains/gcc_arm/13.2.rel1/bin/../lib/gcc/arm-none-eabi/13.2.1/thumb/v8-m.main+fp/hard\libg_nano.a(libc_a-nano-vfprintf_float.o)
                0x0000835c                _printf_float
 .text._printf_common
                0x000087b0       0xe4 C:/Renesas/RA/e2studio_v2024-07_fsp_v5.5.0/toolchains/gcc_arm/13.2.rel1/bin/../lib/gcc/arm-none-eabi/13.2.1/thumb/v8-m.main+fp/hard\libg_nano.a(libc_a-nano-vfprintf_i.o)
                0x000087b0                _printf_common
 .text.std      0x00008894       0x6c C:/Renesas/RA/e2studio_v2024-07_fsp_v5.5.0/toolchains/gcc_arm/13.2.rel1/bin/../lib/gcc/arm-none-eabi/13.2.1/thumb/v8-m.main+fp/hard\libg_nano.a(libc_a-findfp.o)
 .text.stdio_exit_handler
                0x00008900       0x18 C:/Renesas/RA/e2studio_v2024-07_fsp_v5.5.0/toolchains/gcc_arm/13.2.rel1/bin/../lib/gcc/arm-none-eabi/13.2.1/thumb/v8-m.main+fp/hard\libg_nano.a(libc_a-findfp.o)
 .text.cleanup_stdio
                0x00008918       0x40 C:/Renesas/RA/e2studio_v2024-07_fsp_v5.5.0/toolchains/gcc_arm/13.2.rel1/bin/../lib/gcc/arm-none-eabi/13.2.1/thumb/v8-m.main+fp/hard\libg_nano.a(libc_a-findfp.o)
 .text.global_stdio_init.part.0
                0x00008958       0x3c C:/Renesas/RA/e2studio_v2024-07_fsp_v5.5.0/toolchains/gcc_arm/13.2.rel1/bin/../lib/gcc/arm-none-eabi/13.2.1/thumb/v8-m.main+fp/hard\libg_nano.a(libc_a-findfp.o)
 .text.__sfp_lock_acquire
                0x00008994        0xc C:/Renesas/RA/e2studio_v2024-07_fsp_v5.5.0/toolchains/gcc_arm/13.2.rel1/bin/../lib/gcc/arm-none-eabi/13.2.1/thumb/v8-m.main+fp/hard\libg_nano.a(libc_a-findfp.o)
                0x00008994                __sfp_lock_acquire
 .text.__sfp_lock_release
                0x000089a0        0xc C:/Renesas/RA/e2studio_v2024-07_fsp_v5.5.0/toolchains/gcc_arm/13.2.rel1/bin/../lib/gcc/arm-none-eabi/13.2.1/thumb/v8-m.main+fp/hard\libg_nano.a(libc_a-findfp.o)
                0x000089a0                __sfp_lock_release
 .text.__sinit  0x000089ac       0x30 C:/Renesas/RA/e2studio_v2024-07_fsp_v5.5.0/toolchains/gcc_arm/13.2.rel1/bin/../lib/gcc/arm-none-eabi/13.2.1/thumb/v8-m.main+fp/hard\libg_nano.a(libc_a-findfp.o)
                0x000089ac                __sinit
 .text._fwalk_sglue
                0x000089dc       0x3c C:/Renesas/RA/e2studio_v2024-07_fsp_v5.5.0/toolchains/gcc_arm/13.2.rel1/bin/../lib/gcc/arm-none-eabi/13.2.1/thumb/v8-m.main+fp/hard\libg_nano.a(libc_a-fwalk.o)
                0x000089dc                _fwalk_sglue
 .text._puts_r  0x00008a18       0xaa C:/Renesas/RA/e2studio_v2024-07_fsp_v5.5.0/toolchains/gcc_arm/13.2.rel1/bin/../lib/gcc/arm-none-eabi/13.2.1/thumb/v8-m.main+fp/hard\libg_nano.a(libc_a-puts.o)
                0x00008a18                _puts_r
 *fill*         0x00008ac2        0x2 ff
 .text.puts     0x00008ac4       0x10 C:/Renesas/RA/e2studio_v2024-07_fsp_v5.5.0/toolchains/gcc_arm/13.2.rel1/bin/../lib/gcc/arm-none-eabi/13.2.1/thumb/v8-m.main+fp/hard\libg_nano.a(libc_a-puts.o)
                0x00008ac4                puts
 .text.__sread  0x00008ad4       0x22 C:/Renesas/RA/e2studio_v2024-07_fsp_v5.5.0/toolchains/gcc_arm/13.2.rel1/bin/../lib/gcc/arm-none-eabi/13.2.1/thumb/v8-m.main+fp/hard\libg_nano.a(libc_a-stdio.o)
                0x00008ad4                __sread
 .text.__swrite
                0x00008af6       0x38 C:/Renesas/RA/e2studio_v2024-07_fsp_v5.5.0/toolchains/gcc_arm/13.2.rel1/bin/../lib/gcc/arm-none-eabi/13.2.1/thumb/v8-m.main+fp/hard\libg_nano.a(libc_a-stdio.o)
                0x00008af6                __swrite
 .text.__sseek  0x00008b2e       0x24 C:/Renesas/RA/e2studio_v2024-07_fsp_v5.5.0/toolchains/gcc_arm/13.2.rel1/bin/../lib/gcc/arm-none-eabi/13.2.1/thumb/v8-m.main+fp/hard\libg_nano.a(libc_a-stdio.o)
                0x00008b2e                __sseek
 .text.__sclose
                0x00008b52        0x8 C:/Renesas/RA/e2studio_v2024-07_fsp_v5.5.0/toolchains/gcc_arm/13.2.rel1/bin/../lib/gcc/arm-none-eabi/13.2.1/thumb/v8-m.main+fp/hard\libg_nano.a(libc_a-stdio.o)
                0x00008b52                __sclose
 .text.__swbuf_r
                0x00008b5a       0x7c C:/Renesas/RA/e2studio_v2024-07_fsp_v5.5.0/toolchains/gcc_arm/13.2.rel1/bin/../lib/gcc/arm-none-eabi/13.2.1/thumb/v8-m.main+fp/hard\libg_nano.a(libc_a-wbuf.o)
                0x00008b5a                __swbuf_r
 *fill*         0x00008bd6        0x2 ff
 .text.__swsetup_r
                0x00008bd8       0xac C:/Renesas/RA/e2studio_v2024-07_fsp_v5.5.0/toolchains/gcc_arm/13.2.rel1/bin/../lib/gcc/arm-none-eabi/13.2.1/thumb/v8-m.main+fp/hard\libg_nano.a(libc_a-wsetup.o)
                0x00008bd8                __swsetup_r
 .text.memset   0x00008c84       0x10 C:/Renesas/RA/e2studio_v2024-07_fsp_v5.5.0/toolchains/gcc_arm/13.2.rel1/bin/../lib/gcc/arm-none-eabi/13.2.1/thumb/v8-m.main+fp/hard\libg_nano.a(libc_a-memset.o)
                0x00008c84                memset
 .text._localeconv_r
                0x00008c94        0x8 C:/Renesas/RA/e2studio_v2024-07_fsp_v5.5.0/toolchains/gcc_arm/13.2.rel1/bin/../lib/gcc/arm-none-eabi/13.2.1/thumb/v8-m.main+fp/hard\libg_nano.a(libc_a-localeconv.o)
                0x00008c94                _localeconv_r
 .text._close_r
                0x00008c9c       0x20 C:/Renesas/RA/e2studio_v2024-07_fsp_v5.5.0/toolchains/gcc_arm/13.2.rel1/bin/../lib/gcc/arm-none-eabi/13.2.1/thumb/v8-m.main+fp/hard\libg_nano.a(libc_a-closer.o)
                0x00008c9c                _close_r
 .text._lseek_r
                0x00008cbc       0x24 C:/Renesas/RA/e2studio_v2024-07_fsp_v5.5.0/toolchains/gcc_arm/13.2.rel1/bin/../lib/gcc/arm-none-eabi/13.2.1/thumb/v8-m.main+fp/hard\libg_nano.a(libc_a-lseekr.o)
                0x00008cbc                _lseek_r
 .text._read_r  0x00008ce0       0x24 C:/Renesas/RA/e2studio_v2024-07_fsp_v5.5.0/toolchains/gcc_arm/13.2.rel1/bin/../lib/gcc/arm-none-eabi/13.2.1/thumb/v8-m.main+fp/hard\libg_nano.a(libc_a-readr.o)
                0x00008ce0                _read_r
 .text._sbrk_r  0x00008d04       0x20 C:/Renesas/RA/e2studio_v2024-07_fsp_v5.5.0/toolchains/gcc_arm/13.2.rel1/bin/../lib/gcc/arm-none-eabi/13.2.1/thumb/v8-m.main+fp/hard\libg_nano.a(libc_a-sbrkr.o)
                0x00008d04                _sbrk_r
 .text._write_r
                0x00008d24       0x24 C:/Renesas/RA/e2studio_v2024-07_fsp_v5.5.0/toolchains/gcc_arm/13.2.rel1/bin/../lib/gcc/arm-none-eabi/13.2.1/thumb/v8-m.main+fp/hard\libg_nano.a(libc_a-writer.o)
                0x00008d24                _write_r
 .text.__errno  0x00008d48        0xc C:/Renesas/RA/e2studio_v2024-07_fsp_v5.5.0/toolchains/gcc_arm/13.2.rel1/bin/../lib/gcc/arm-none-eabi/13.2.1/thumb/v8-m.main+fp/hard\libg_nano.a(libc_a-errno.o)
                0x00008d48                __errno
 .text.__retarget_lock_init_recursive
                0x00008d54        0x2 C:/Renesas/RA/e2studio_v2024-07_fsp_v5.5.0/toolchains/gcc_arm/13.2.rel1/bin/../lib/gcc/arm-none-eabi/13.2.1/thumb/v8-m.main+fp/hard\libg_nano.a(libc_a-lock.o)
                0x00008d54                __retarget_lock_init_recursive
 .text.__retarget_lock_acquire_recursive
                0x00008d56        0x2 C:/Renesas/RA/e2studio_v2024-07_fsp_v5.5.0/toolchains/gcc_arm/13.2.rel1/bin/../lib/gcc/arm-none-eabi/13.2.1/thumb/v8-m.main+fp/hard\libg_nano.a(libc_a-lock.o)
                0x00008d56                __retarget_lock_acquire_recursive
 .text.__retarget_lock_release_recursive
                0x00008d58        0x2 C:/Renesas/RA/e2studio_v2024-07_fsp_v5.5.0/toolchains/gcc_arm/13.2.rel1/bin/../lib/gcc/arm-none-eabi/13.2.1/thumb/v8-m.main+fp/hard\libg_nano.a(libc_a-lock.o)
                0x00008d58                __retarget_lock_release_recursive
 .text.memcpy   0x00008d5a       0x1a C:/Renesas/RA/e2studio_v2024-07_fsp_v5.5.0/toolchains/gcc_arm/13.2.rel1/bin/../lib/gcc/arm-none-eabi/13.2.1/thumb/v8-m.main+fp/hard\libg_nano.a(libc_a-memcpy-stub.o)
                0x00008d5a                memcpy
 .text          0x00008d74       0x10 C:/Renesas/RA/e2studio_v2024-07_fsp_v5.5.0/toolchains/gcc_arm/13.2.rel1/bin/../lib/gcc/arm-none-eabi/13.2.1/thumb/v8-m.main+fp/hard\libg_nano.a(libc_a-strlen.o)
                0x00008d74                strlen
 .text.quorem   0x00008d84      0x11a C:/Renesas/RA/e2studio_v2024-07_fsp_v5.5.0/toolchains/gcc_arm/13.2.rel1/bin/../lib/gcc/arm-none-eabi/13.2.1/thumb/v8-m.main+fp/hard\libg_nano.a(libc_a-dtoa.o)
 *fill*         0x00008e9e        0x2 ff
 .text._dtoa_r  0x00008ea0      0xb7c C:/Renesas/RA/e2studio_v2024-07_fsp_v5.5.0/toolchains/gcc_arm/13.2.rel1/bin/../lib/gcc/arm-none-eabi/13.2.1/thumb/v8-m.main+fp/hard\libg_nano.a(libc_a-dtoa.o)
                0x00008ea0                _dtoa_r
 .text._free_r  0x00009a1c       0x94 C:/Renesas/RA/e2studio_v2024-07_fsp_v5.5.0/toolchains/gcc_arm/13.2.rel1/bin/../lib/gcc/arm-none-eabi/13.2.1/thumb/v8-m.main+fp/hard\libg_nano.a(libc_a-freer.o)
                0x00009a1c                _free_r
 .text._Balloc  0x00009ab0       0x80 C:/Renesas/RA/e2studio_v2024-07_fsp_v5.5.0/toolchains/gcc_arm/13.2.rel1/bin/../lib/gcc/arm-none-eabi/13.2.1/thumb/v8-m.main+fp/hard\libg_nano.a(libc_a-mprec.o)
                0x00009ab0                _Balloc
 .text._Bfree   0x00009b30       0x44 C:/Renesas/RA/e2studio_v2024-07_fsp_v5.5.0/toolchains/gcc_arm/13.2.rel1/bin/../lib/gcc/arm-none-eabi/13.2.1/thumb/v8-m.main+fp/hard\libg_nano.a(libc_a-mprec.o)
                0x00009b30                _Bfree
 .text.__multadd
                0x00009b74       0x90 C:/Renesas/RA/e2studio_v2024-07_fsp_v5.5.0/toolchains/gcc_arm/13.2.rel1/bin/../lib/gcc/arm-none-eabi/13.2.1/thumb/v8-m.main+fp/hard\libg_nano.a(libc_a-mprec.o)
                0x00009b74                __multadd
 .text.__hi0bits
                0x00009c04       0x3e C:/Renesas/RA/e2studio_v2024-07_fsp_v5.5.0/toolchains/gcc_arm/13.2.rel1/bin/../lib/gcc/arm-none-eabi/13.2.1/thumb/v8-m.main+fp/hard\libg_nano.a(libc_a-mprec.o)
                0x00009c04                __hi0bits
 .text.__lo0bits
                0x00009c42       0x5a C:/Renesas/RA/e2studio_v2024-07_fsp_v5.5.0/toolchains/gcc_arm/13.2.rel1/bin/../lib/gcc/arm-none-eabi/13.2.1/thumb/v8-m.main+fp/hard\libg_nano.a(libc_a-mprec.o)
                0x00009c42                __lo0bits
 .text.__i2b    0x00009c9c       0x2c C:/Renesas/RA/e2studio_v2024-07_fsp_v5.5.0/toolchains/gcc_arm/13.2.rel1/bin/../lib/gcc/arm-none-eabi/13.2.1/thumb/v8-m.main+fp/hard\libg_nano.a(libc_a-mprec.o)
                0x00009c9c                __i2b
 .text.__multiply
                0x00009cc8      0x148 C:/Renesas/RA/e2studio_v2024-07_fsp_v5.5.0/toolchains/gcc_arm/13.2.rel1/bin/../lib/gcc/arm-none-eabi/13.2.1/thumb/v8-m.main+fp/hard\libg_nano.a(libc_a-mprec.o)
                0x00009cc8                __multiply
 .text.__pow5mult
                0x00009e10       0xb4 C:/Renesas/RA/e2studio_v2024-07_fsp_v5.5.0/toolchains/gcc_arm/13.2.rel1/bin/../lib/gcc/arm-none-eabi/13.2.1/thumb/v8-m.main+fp/hard\libg_nano.a(libc_a-mprec.o)
                0x00009e10                __pow5mult
 .text.__lshift
                0x00009ec4       0xd8 C:/Renesas/RA/e2studio_v2024-07_fsp_v5.5.0/toolchains/gcc_arm/13.2.rel1/bin/../lib/gcc/arm-none-eabi/13.2.1/thumb/v8-m.main+fp/hard\libg_nano.a(libc_a-mprec.o)
                0x00009ec4                __lshift
 .text.__mcmp   0x00009f9c       0x36 C:/Renesas/RA/e2studio_v2024-07_fsp_v5.5.0/toolchains/gcc_arm/13.2.rel1/bin/../lib/gcc/arm-none-eabi/13.2.1/thumb/v8-m.main+fp/hard\libg_nano.a(libc_a-mprec.o)
                0x00009f9c                __mcmp
 *fill*         0x00009fd2        0x2 ff
 .text.__mdiff  0x00009fd4      0x130 C:/Renesas/RA/e2studio_v2024-07_fsp_v5.5.0/toolchains/gcc_arm/13.2.rel1/bin/../lib/gcc/arm-none-eabi/13.2.1/thumb/v8-m.main+fp/hard\libg_nano.a(libc_a-mprec.o)
                0x00009fd4                __mdiff
 .text.__d2b    0x0000a104       0xb0 C:/Renesas/RA/e2studio_v2024-07_fsp_v5.5.0/toolchains/gcc_arm/13.2.rel1/bin/../lib/gcc/arm-none-eabi/13.2.1/thumb/v8-m.main+fp/hard\libg_nano.a(libc_a-mprec.o)
                0x0000a104                __d2b
 .text.__sflush_r
                0x0000a1b4      0x108 C:/Renesas/RA/e2studio_v2024-07_fsp_v5.5.0/toolchains/gcc_arm/13.2.rel1/bin/../lib/gcc/arm-none-eabi/13.2.1/thumb/v8-m.main+fp/hard\libg_nano.a(libc_a-fflush.o)
                0x0000a1b4                __sflush_r
 .text._fflush_r
                0x0000a2bc       0x50 C:/Renesas/RA/e2studio_v2024-07_fsp_v5.5.0/toolchains/gcc_arm/13.2.rel1/bin/../lib/gcc/arm-none-eabi/13.2.1/thumb/v8-m.main+fp/hard\libg_nano.a(libc_a-fflush.o)
                0x0000a2bc                _fflush_r
 .text.__swhatbuf_r
                0x0000a30c       0x4a C:/Renesas/RA/e2studio_v2024-07_fsp_v5.5.0/toolchains/gcc_arm/13.2.rel1/bin/../lib/gcc/arm-none-eabi/13.2.1/thumb/v8-m.main+fp/hard\libg_nano.a(libc_a-makebuf.o)
                0x0000a30c                __swhatbuf_r
 .text.__smakebuf_r
                0x0000a356       0x78 C:/Renesas/RA/e2studio_v2024-07_fsp_v5.5.0/toolchains/gcc_arm/13.2.rel1/bin/../lib/gcc/arm-none-eabi/13.2.1/thumb/v8-m.main+fp/hard\libg_nano.a(libc_a-makebuf.o)
                0x0000a356                __smakebuf_r
 *fill*         0x0000a3ce        0x2 ff
 .text._fstat_r
                0x0000a3d0       0x24 C:/Renesas/RA/e2studio_v2024-07_fsp_v5.5.0/toolchains/gcc_arm/13.2.rel1/bin/../lib/gcc/arm-none-eabi/13.2.1/thumb/v8-m.main+fp/hard\libg_nano.a(libc_a-fstatr.o)
                0x0000a3d0                _fstat_r
 .text._isatty_r
                0x0000a3f4       0x20 C:/Renesas/RA/e2studio_v2024-07_fsp_v5.5.0/toolchains/gcc_arm/13.2.rel1/bin/../lib/gcc/arm-none-eabi/13.2.1/thumb/v8-m.main+fp/hard\libg_nano.a(libc_a-isattyr.o)
                0x0000a3f4                _isatty_r
 .text._calloc_r
                0x0000a414       0x28 C:/Renesas/RA/e2studio_v2024-07_fsp_v5.5.0/toolchains/gcc_arm/13.2.rel1/bin/../lib/gcc/arm-none-eabi/13.2.1/thumb/v8-m.main+fp/hard\libg_nano.a(libc_a-callocr.o)
                0x0000a414                _calloc_r
 .text.__ascii_mbtowc
                0x0000a43c       0x24 C:/Renesas/RA/e2studio_v2024-07_fsp_v5.5.0/toolchains/gcc_arm/13.2.rel1/bin/../lib/gcc/arm-none-eabi/13.2.1/thumb/v8-m.main+fp/hard\libg_nano.a(libc_a-mbtowc_r.o)
                0x0000a43c                __ascii_mbtowc
 .text.__ascii_wctomb
                0x0000a460       0x1a C:/Renesas/RA/e2studio_v2024-07_fsp_v5.5.0/toolchains/gcc_arm/13.2.rel1/bin/../lib/gcc/arm-none-eabi/13.2.1/thumb/v8-m.main+fp/hard\libg_nano.a(libc_a-wctomb_r.o)
                0x0000a460                __ascii_wctomb
 *fill*         0x0000a47a        0x2 ff
 .text          0x0000a47c      0x378 C:/Renesas/RA/e2studio_v2024-07_fsp_v5.5.0/toolchains/gcc_arm/13.2.rel1/bin/../lib/gcc/arm-none-eabi/13.2.1/thumb/v8-m.main+fp/hard\libgcc.a(_arm_addsubdf3.o)
                0x0000a47c                __aeabi_drsub
                0x0000a484                __aeabi_dsub
                0x0000a484                __subdf3
                0x0000a488                __aeabi_dadd
                0x0000a488                __adddf3
                0x0000a700                __floatunsidf
                0x0000a700                __aeabi_ui2d
                0x0000a720                __floatsidf
                0x0000a720                __aeabi_i2d
                0x0000a744                __aeabi_f2d
                0x0000a744                __extendsfdf2
                0x0000a788                __floatundidf
                0x0000a788                __aeabi_ul2d
                0x0000a798                __floatdidf
                0x0000a798                __aeabi_l2d
 .text          0x0000a7f4      0x424 C:/Renesas/RA/e2studio_v2024-07_fsp_v5.5.0/toolchains/gcc_arm/13.2.rel1/bin/../lib/gcc/arm-none-eabi/13.2.1/thumb/v8-m.main+fp/hard\libgcc.a(_arm_muldivdf3.o)
                0x0000a7f4                __aeabi_dmul
                0x0000a7f4                __muldf3
                0x0000aa48                __divdf3
                0x0000aa48                __aeabi_ddiv
 .text          0x0000ac18      0x110 C:/Renesas/RA/e2studio_v2024-07_fsp_v5.5.0/toolchains/gcc_arm/13.2.rel1/bin/../lib/gcc/arm-none-eabi/13.2.1/thumb/v8-m.main+fp/hard\libgcc.a(_arm_cmpdf2.o)
                0x0000ac18                __gtdf2
                0x0000ac18                __gedf2
                0x0000ac20                __ltdf2
                0x0000ac20                __ledf2
                0x0000ac28                __nedf2
                0x0000ac28                __eqdf2
                0x0000ac28                __cmpdf2
                0x0000aca4                __aeabi_cdrcmple
                0x0000acb4                __aeabi_cdcmpeq
                0x0000acb4                __aeabi_cdcmple
                0x0000acc4                __aeabi_dcmpeq
                0x0000acd8                __aeabi_dcmplt
                0x0000acec                __aeabi_dcmple
                0x0000ad00                __aeabi_dcmpge
                0x0000ad14                __aeabi_dcmpgt
 .text          0x0000ad28       0x2c C:/Renesas/RA/e2studio_v2024-07_fsp_v5.5.0/toolchains/gcc_arm/13.2.rel1/bin/../lib/gcc/arm-none-eabi/13.2.1/thumb/v8-m.main+fp/hard\libgcc.a(_arm_unorddf2.o)
                0x0000ad28                __unorddf2
                0x0000ad28                __aeabi_dcmpun
 .text          0x0000ad54       0x50 C:/Renesas/RA/e2studio_v2024-07_fsp_v5.5.0/toolchains/gcc_arm/13.2.rel1/bin/../lib/gcc/arm-none-eabi/13.2.1/thumb/v8-m.main+fp/hard\libgcc.a(_arm_fixdfsi.o)
                0x0000ad54                __aeabi_d2iz
                0x0000ad54                __fixdfsi
 *(.version)
 .version       0x0000ada4       0x50 ./ra/fsp/src/bsp/mcu/all/bsp_common.o
 *(.init)
 .init          0x0000adf4        0x4 C:/Renesas/RA/e2studio_v2024-07_fsp_v5.5.0/toolchains/gcc_arm/13.2.rel1/bin/../lib/gcc/arm-none-eabi/13.2.1/thumb/v8-m.main+fp/hard/crti.o
                0x0000adf4                _init
 .init          0x0000adf8        0x8 C:/Renesas/RA/e2studio_v2024-07_fsp_v5.5.0/toolchains/gcc_arm/13.2.rel1/bin/../lib/gcc/arm-none-eabi/13.2.1/thumb/v8-m.main+fp/hard/crtn.o
 *(.fini)
 .fini          0x0000ae00        0x4 C:/Renesas/RA/e2studio_v2024-07_fsp_v5.5.0/toolchains/gcc_arm/13.2.rel1/bin/../lib/gcc/arm-none-eabi/13.2.1/thumb/v8-m.main+fp/hard/crti.o
                0x0000ae00                _fini
 .fini          0x0000ae04        0x8 C:/Renesas/RA/e2studio_v2024-07_fsp_v5.5.0/toolchains/gcc_arm/13.2.rel1/bin/../lib/gcc/arm-none-eabi/13.2.1/thumb/v8-m.main+fp/hard/crtn.o
 *crtbegin.o(.ctors)
 *crtbegin?.o(.ctors)
 *(EXCLUDE_FILE(*crtend.o *crtend?.o) .ctors)
 *(SORT_BY_NAME(.ctors.*))
 *(.ctors)
 *crtbegin.o(.dtors)
 *crtbegin?.o(.dtors)
 *(EXCLUDE_FILE(*crtend.o *crtend?.o) .dtors)
 *(SORT_BY_NAME(.dtors.*))
 *(.dtors)
 *(.rodata*)
 .rodata.Debug_UART4_Init.str1.4
                0x0000ae0c       0xb5 ./src/uart/bsp_uart.o
                                 0x2b (size before relaxing)
 *fill*         0x0000aec1        0x3 ff
 .rodata.__func__.0
                0x0000aec4        0x7 ./src/uart/bsp_uart.o
 *fill*         0x0000aecb        0x1 ff
 .rodata.__func__.1
                0x0000aecc       0x11 ./src/uart/bsp_uart.o
 *fill*         0x0000aedd        0x3 ff
 .rodata.npub   0x0000aee0       0x11 ./src/secure_modules/encryption/encryption.o
                0x0000aee0                npub
 .rodata.My_nsc_api_Init.str1.4
                0x0000aef1       0x39 ./src/my_nsc_api/my_nsc_api.o
 *fill*         0x0000aef1        0x3 ff
 .rodata.p_canfd0_afl
                0x0000aef4      0x400 ./src/canfd/bsp_canfd0.o
                0x0000aef4                p_canfd0_afl
 .rodata.p_canfd1_afl
                0x0000b2f4      0x400 ./src/canfd/bsp_canfd1.o
                0x0000b2f4                p_canfd1_afl
 .rodata.SysTick_Init.str1.4
                0x0000b6f4       0x29 ./src/SysTick/bsp_SysTick.o
 .rodata.__func__.0
                0x0000b6f4        0xd ./src/SysTick/bsp_SysTick.o
 .rodata.hal_entry.str1.4
                0x0000b701       0x21 ./src/hal_entry.o
 *fill*         0x0000b701        0x3 ff
 .rodata.g_uart4_cfg
                0x0000b704       0x20 ./ra_gen/hal_data.o
                0x0000b704                g_uart4_cfg
 .rodata.g_uart4_cfg_extend
                0x0000b724       0x14 ./ra_gen/hal_data.o
                0x0000b724                g_uart4_cfg_extend
 .rodata.g_canfd0_cfg
                0x0000b738       0x18 ./ra_gen/hal_data.o
                0x0000b738                g_canfd0_cfg
 .rodata.g_canfd1_cfg
                0x0000b750       0x18 ./ra_gen/hal_data.o
                0x0000b750                g_canfd1_cfg
 .rodata.g_bsp_pin_cfg
                0x0000b768        0xc ./ra_gen/pin_data.o
                0x0000b768                g_bsp_pin_cfg
 .rodata.g_bsp_pin_cfg_data
                0x0000b774       0x40 ./ra_gen/pin_data.o
                0x0000b774                g_bsp_pin_cfg_data
 .rodata.g_interrupt_event_link_select
                0x0000b7b4       0xc0 ./ra_gen/vector_data.o
                0x0000b7b4                g_interrupt_event_link_select
 .rodata.g_div_coefficient
                0x0000b874       0x1a ./ra/fsp/src/r_sci_uart/r_sci_uart.o
 *fill*         0x0000b88e        0x2 ff
 .rodata.g_async_baud
                0x0000b890        0xd ./ra/fsp/src/r_sci_uart/r_sci_uart.o
 *fill*         0x0000b89d        0x3 ff
 .rodata.g_vbatt_pins_input
                0x0000b8a0        0x6 ./ra/fsp/src/r_ioport/r_ioport.o
 *fill*         0x0000b8a6        0x2 ff
 .rodata.dlc_to_bytes
                0x0000b8a8       0x10 ./ra/fsp/src/r_canfd/r_canfd.o
 .rodata.g_prcr_masks
                0x0000b8b8        0x8 ./ra/fsp/src/bsp/mcu/all/bsp_register_protection.o
 .rodata._printf_float.str1.1
                0x0000b8c0      0x104 C:/Renesas/RA/e2studio_v2024-07_fsp_v5.5.0/toolchains/gcc_arm/13.2.rel1/bin/../lib/gcc/arm-none-eabi/13.2.1/thumb/v8-m.main+fp/hard\libg_nano.a(libc_a-nano-vfprintf_float.o)
                                 0x12 (size before relaxing)
 .rodata._dtoa_r.str1.1
                0x0000b9c4       0x90 C:/Renesas/RA/e2studio_v2024-07_fsp_v5.5.0/toolchains/gcc_arm/13.2.rel1/bin/../lib/gcc/arm-none-eabi/13.2.1/thumb/v8-m.main+fp/hard\libg_nano.a(libc_a-dtoa.o)
 .rodata._Balloc.str1.1
                0x0000b9c4       0x71 C:/Renesas/RA/e2studio_v2024-07_fsp_v5.5.0/toolchains/gcc_arm/13.2.rel1/bin/../lib/gcc/arm-none-eabi/13.2.1/thumb/v8-m.main+fp/hard\libg_nano.a(libc_a-mprec.o)
 .rodata.__multadd.str1.1
                0x0000b9c4       0x11 C:/Renesas/RA/e2studio_v2024-07_fsp_v5.5.0/toolchains/gcc_arm/13.2.rel1/bin/../lib/gcc/arm-none-eabi/13.2.1/thumb/v8-m.main+fp/hard\libg_nano.a(libc_a-mprec.o)
 .rodata.p05.0  0x0000b9c4        0xc C:/Renesas/RA/e2studio_v2024-07_fsp_v5.5.0/toolchains/gcc_arm/13.2.rel1/bin/../lib/gcc/arm-none-eabi/13.2.1/thumb/v8-m.main+fp/hard\libg_nano.a(libc_a-mprec.o)
 .rodata.__mprec_bigtens
                0x0000b9d0       0x28 C:/Renesas/RA/e2studio_v2024-07_fsp_v5.5.0/toolchains/gcc_arm/13.2.rel1/bin/../lib/gcc/arm-none-eabi/13.2.1/thumb/v8-m.main+fp/hard\libg_nano.a(libc_a-mprec.o)
                0x0000b9d0                __mprec_bigtens
 .rodata.__mprec_tens
                0x0000b9f8       0xc8 C:/Renesas/RA/e2studio_v2024-07_fsp_v5.5.0/toolchains/gcc_arm/13.2.rel1/bin/../lib/gcc/arm-none-eabi/13.2.1/thumb/v8-m.main+fp/hard\libg_nano.a(libc_a-mprec.o)
                0x0000b9f8                __mprec_tens
 .rodata._setlocale_r.str1.1
                0x0000bac0        0x9 C:/Renesas/RA/e2studio_v2024-07_fsp_v5.5.0/toolchains/gcc_arm/13.2.rel1/bin/../lib/gcc/arm-none-eabi/13.2.1/thumb/v8-m.main+fp/hard\libg_nano.a(libc_a-locale.o)
 .rodata.str1.1
                0x0000bac0        0x2 C:/Renesas/RA/e2studio_v2024-07_fsp_v5.5.0/toolchains/gcc_arm/13.2.rel1/bin/../lib/gcc/arm-none-eabi/13.2.1/thumb/v8-m.main+fp/hard\libg_nano.a(libc_a-locale.o)
 .rodata._ctype_
                0x0000bac0      0x101 C:/Renesas/RA/e2studio_v2024-07_fsp_v5.5.0/toolchains/gcc_arm/13.2.rel1/bin/../lib/gcc/arm-none-eabi/13.2.1/thumb/v8-m.main+fp/hard\libg_nano.a(libc_a-ctype_.o)
                0x0000bac0                _ctype_
                0x0000bbc1                        __usb_dev_descriptor_start_fs = .
 *(.usb_device_desc_fs*)
                0x0000bbc1                        __usb_cfg_descriptor_start_fs = .
 *(.usb_config_desc_fs*)
                0x0000bbc1                        __usb_interface_descriptor_start_fs = .
 *(.usb_interface_desc_fs*)
                0x0000bbc1                        __usb_descriptor_end_fs = .
                0x0000bbc1                        __usb_dev_descriptor_start_hs = .
 *(.usb_device_desc_hs*)
                0x0000bbc1                        __usb_cfg_descriptor_start_hs = .
 *(.usb_config_desc_hs*)
                0x0000bbc1                        __usb_interface_descriptor_start_hs = .
 *(.usb_interface_desc_hs*)
                0x0000bbc1                        __usb_descriptor_end_hs = .
 *(.eh_frame*)
 *fill*         0x0000bbc1        0x3 ff
 .eh_frame      0x0000bbc4        0x0 C:/Renesas/RA/e2studio_v2024-07_fsp_v5.5.0/toolchains/gcc_arm/13.2.rel1/bin/../lib/gcc/arm-none-eabi/13.2.1/thumb/v8-m.main+fp/hard/crtbegin.o
 .eh_frame      0x0000bbc4       0x28 C:/Renesas/RA/e2studio_v2024-07_fsp_v5.5.0/toolchains/gcc_arm/13.2.rel1/bin/../lib/gcc/arm-none-eabi/13.2.1/thumb/v8-m.main+fp/hard\libg_nano.a(libc_a-strlen.o)
 .eh_frame      0x0000bbec        0x4 C:/Renesas/RA/e2studio_v2024-07_fsp_v5.5.0/toolchains/gcc_arm/13.2.rel1/bin/../lib/gcc/arm-none-eabi/13.2.1/thumb/v8-m.main+fp/hard/crtend.o
                0x0000bbf0                        __ROM_End = .
                0x000001c0                        __Vectors_Size = (__Vectors_End - __Vectors)

.glue_7         0x0000bbf0        0x0
 .glue_7        0x0000bbf0        0x0 linker stubs

.glue_7t        0x0000bbf0        0x0
 .glue_7t       0x0000bbf0        0x0 linker stubs

.vfp11_veneer   0x0000bbf0        0x0
 .vfp11_veneer  0x0000bbf0        0x0 linker stubs

.v4_bx          0x0000bbf0        0x0
 .v4_bx         0x0000bbf0        0x0 linker stubs

.iplt           0x0000bbf0        0x0
 .iplt          0x0000bbf0        0x0 C:/Renesas/RA/e2studio_v2024-07_fsp_v5.5.0/toolchains/gcc_arm/13.2.rel1/bin/../lib/gcc/arm-none-eabi/13.2.1/thumb/v8-m.main+fp/hard/crtbegin.o
                0x0000bbf0                        . = .
                0x0000bbf0                        __itcm_data_pre_location = .

.itcm_data      0x00000000        0x0 load address 0x0000bbf0
                0x00000000                        __tz_ITCM_S = ABSOLUTE (ITCM_START)
                0x00000000                        __itcm_data_start = .
 *(.itcm_data*)
                0x00000000                        . = ALIGN (0x8)
                0x00000000                        __itcm_data_end = .
                0x00000000                        __tz_ITCM_N = DEFINED (ITCM_NS_START)?ABSOLUTE (ITCM_NS_START):ALIGN (__itcm_data_end, 0x2000)
                0x0000bbf0                        __itcm_data_init_start = LOADADDR (.itcm_data)
                0x0000bbf0                        __itcm_data_init_end = (LOADADDR (.itcm_data) + SIZEOF (.itcm_data))
                0x00000001                        ASSERT (((ORIGIN (ITCM) % 0x8) == 0x0), ITCM memory region origin must be aligned to 8 bytes.)
                0x00000001                        ASSERT (((LENGTH (ITCM) % 0x8) == 0x0), ITCM memory region length must be a multiple of 8 bytes.)
                0x00000001                        ASSERT (((LOADADDR (.itcm_data) % 0x10) == 0x0), .itcm_data section must be aligned to 16 bytes.)
                0x00000001                        ASSERT (((SIZEOF (.itcm_data) % 0x8) == 0x0), .itcm_data section size must be a multiple of 8 bytes.)
                0x0000bbf0                        . = (SIZEOF (.itcm_data) > 0x0)?__itcm_data_init_end:__itcm_data_pre_location
                0x0000bbf0                        __exidx_start = .

/DISCARD/
 *(.ARM.extab* .gnu.linkonce.armextab.*)
 *(.ARM.exidx* .gnu.linkonce.armexidx.*)
                0x0000bbf0                        __exidx_end = .
                0x0000bbf0                        __etext = .
                0x20000000                        __tz_RAM_S = ORIGIN (RAM)

.fsp_dtc_vector_table
                0x20000000        0x0
                0x20000000                        . = ORIGIN (RAM)
 *(.fsp_dtc_vector_table)

.data           0x20000000      0xeb4 load address 0x0000bbf0
                0x20000000                        __data_start__ = .
                0x20000000                        . = ALIGN (0x4)
                0x20000000                        __Code_In_RAM_Start = .
 *(.code_in_ram*)
                0x20000000                        __Code_In_RAM_End = .
 *(vtable)
 *(.data.*)
 .data.key4     0x20000000        0x4 ./src/secure_modules/encryption/key_management.o
                0x20000000                key4
 .data.key3     0x20000004        0x4 ./src/secure_modules/encryption/key_management.o
                0x20000004                key3
 .data.key2     0x20000008        0x4 ./src/secure_modules/encryption/key_management.o
                0x20000008                key2
 .data.key1     0x2000000c        0x4 ./src/secure_modules/encryption/key_management.o
                0x2000000c                key1
 .data.buffer   0x20000010      0xc00 ./src/my_nsc_api/my_nsc_api.o
                0x20000010                buffer
 .data.g_uart4_baud_setting
                0x20000c10        0x4 ./ra_gen/hal_data.o
                0x20000c10                g_uart4_baud_setting
 *fill*         0x20000c14        0x4 
 .data.g_canfd0_extended_cfg
                0x20000c18       0x20 ./ra_gen/hal_data.o
                0x20000c18                g_canfd0_extended_cfg
 .data.g_canfd0_data_timing_cfg
                0x20000c38       0x10 ./ra_gen/hal_data.o
                0x20000c38                g_canfd0_data_timing_cfg
 .data.g_canfd0_bit_timing_cfg
                0x20000c48       0x10 ./ra_gen/hal_data.o
                0x20000c48                g_canfd0_bit_timing_cfg
 .data.g_canfd1_extended_cfg
                0x20000c58       0x20 ./ra_gen/hal_data.o
                0x20000c58                g_canfd1_extended_cfg
 .data.g_canfd_global_cfg
                0x20000c78       0x48 ./ra_gen/hal_data.o
                0x20000c78                g_canfd_global_cfg
 .data.g_canfd1_data_timing_cfg
                0x20000cc0       0x10 ./ra_gen/hal_data.o
                0x20000cc0                g_canfd1_data_timing_cfg
 .data.g_canfd1_bit_timing_cfg
                0x20000cd0       0x10 ./ra_gen/hal_data.o
                0x20000cd0                g_canfd1_bit_timing_cfg
 .data.ProcessStackFreeSlot
                0x20000ce0        0x4 ./ra/fsp/src/rm_tz_context/tz_context.o
 .data.__sglue  0x20000ce4        0xc C:/Renesas/RA/e2studio_v2024-07_fsp_v5.5.0/toolchains/gcc_arm/13.2.rel1/bin/../lib/gcc/arm-none-eabi/13.2.1/thumb/v8-m.main+fp/hard\libg_nano.a(libc_a-findfp.o)
                0x20000ce4                __sglue
 .data._impure_ptr
                0x20000cf0        0x4 C:/Renesas/RA/e2studio_v2024-07_fsp_v5.5.0/toolchains/gcc_arm/13.2.rel1/bin/../lib/gcc/arm-none-eabi/13.2.1/thumb/v8-m.main+fp/hard\libg_nano.a(libc_a-impure.o)
                0x20000cf0                _impure_ptr
 .data._impure_data
                0x20000cf4       0x4c C:/Renesas/RA/e2studio_v2024-07_fsp_v5.5.0/toolchains/gcc_arm/13.2.rel1/bin/../lib/gcc/arm-none-eabi/13.2.1/thumb/v8-m.main+fp/hard\libg_nano.a(libc_a-impure.o)
                0x20000cf4                _impure_data
 .data.__global_locale
                0x20000d40      0x16c C:/Renesas/RA/e2studio_v2024-07_fsp_v5.5.0/toolchains/gcc_arm/13.2.rel1/bin/../lib/gcc/arm-none-eabi/13.2.1/thumb/v8-m.main+fp/hard\libg_nano.a(libc_a-locale.o)
                0x20000d40                __global_locale
 *(.data)
                0x20000eac                        . = ALIGN (0x4)
                0x20000eac                        PROVIDE (__preinit_array_start = .)
 *(.preinit_array)
                0x20000eac                        PROVIDE (__preinit_array_end = .)
                0x20000eac                        . = ALIGN (0x4)
                0x20000eac                        PROVIDE (__init_array_start = .)
 *(SORT_BY_NAME(.init_array.*))
 *(.init_array)
 .init_array    0x20000eac        0x4 C:/Renesas/RA/e2studio_v2024-07_fsp_v5.5.0/toolchains/gcc_arm/13.2.rel1/bin/../lib/gcc/arm-none-eabi/13.2.1/thumb/v8-m.main+fp/hard/crtbegin.o
                0x20000eb0                        PROVIDE (__init_array_end = .)
                0x20000eb0                        . = ALIGN (0x4)
                [!provide]                        PROVIDE (__fini_array_start = .)
 *(SORT_BY_NAME(.fini_array.*))
 *(.fini_array)
 .fini_array    0x20000eb0        0x4 C:/Renesas/RA/e2studio_v2024-07_fsp_v5.5.0/toolchains/gcc_arm/13.2.rel1/bin/../lib/gcc/arm-none-eabi/13.2.1/thumb/v8-m.main+fp/hard/crtbegin.o
                [!provide]                        PROVIDE (__fini_array_end = .)
 *(.jcr*)
                0x20000eb4                        . = ALIGN (0x4)
                0x20000eb4                        __data_end__ = .

.tm_clone_table
                0x20000eb4        0x0 load address 0x0000caa4
 .tm_clone_table
                0x20000eb4        0x0 C:/Renesas/RA/e2studio_v2024-07_fsp_v5.5.0/toolchains/gcc_arm/13.2.rel1/bin/../lib/gcc/arm-none-eabi/13.2.1/thumb/v8-m.main+fp/hard/crtbegin.o
 .tm_clone_table
                0x20000eb4        0x0 C:/Renesas/RA/e2studio_v2024-07_fsp_v5.5.0/toolchains/gcc_arm/13.2.rel1/bin/../lib/gcc/arm-none-eabi/13.2.1/thumb/v8-m.main+fp/hard/crtend.o

.igot.plt       0x20000eb4        0x0 load address 0x0000caa4
 .igot.plt      0x20000eb4        0x0 C:/Renesas/RA/e2studio_v2024-07_fsp_v5.5.0/toolchains/gcc_arm/13.2.rel1/bin/../lib/gcc/arm-none-eabi/13.2.1/thumb/v8-m.main+fp/hard/crtbegin.o
                0x20000eb4                        . = .
                0x0000caa4                        __dtcm_data_pre_location = (LOADADDR (.data) + SIZEOF (.data))

.dtcm_data      0x00000000        0x0 load address 0x0000cab0
                0x00000000                        __tz_DTCM_S = ABSOLUTE (DTCM_START)
                0x00000000                        __dtcm_data_start = .
 *(.dtcm_data*)
                0x00000000                        . = ALIGN (0x8)
                0x00000000                        __dtcm_data_end = .
                0x00000000                        . = __dtcm_data_end

.dtcm_bss       0x00000000        0x0
                0x00000000                        __dtcm_bss_start = .
 *(.dtcm_bss*)
                0x00000000                        . = ALIGN (0x8)
                0x00000000                        __dtcm_bss_end = .
                0x00000000                        __tz_DTCM_N = DEFINED (DTCM_NS_START)?ABSOLUTE (DTCM_NS_START):ALIGN (__dtcm_bss_end, 0x2000)
                0x0000cab0                        __dtcm_data_init_start = LOADADDR (.dtcm_data)
                0x0000cab0                        __dtcm_data_init_end = (LOADADDR (.dtcm_data) + SIZEOF (.dtcm_data))
                0x00000001                        ASSERT (((ORIGIN (DTCM) % 0x8) == 0x0), DTCM memory region origin must be aligned to 8 bytes.)
                0x00000001                        ASSERT (((LENGTH (DTCM) % 0x8) == 0x0), DTCM memory region length must be a multiple of 8 bytes.)
                0x00000001                        ASSERT ((LOADADDR (.dtcm_bss) == ADDR (.dtcm_bss)), .dtcm_bss has (VMA != LMA) but should be NOLOAD (VMA == LMA).)
                0x00000001                        ASSERT (((LOADADDR (.dtcm_data) % 0x10) == 0x0), .dtcm_data section must be aligned to 16 bytes.)
                0x00000001                        ASSERT (((SIZEOF (.dtcm_data) % 0x8) == 0x0), .dtcm_data section size must be a multiple of 8 bytes.)
                0x00000001                        ASSERT (((LOADADDR (.dtcm_bss) % 0x8) == 0x0), .dtcm_bss section must be aligned to 8 bytes.)
                0x00000001                        ASSERT (((SIZEOF (.dtcm_bss) % 0x8) == 0x0), .dtcm_bss section size must be a multiple of 8 bytes.)
                0x00000001                        ASSERT ((__dtcm_bss_start == __dtcm_data_end), .dtcm_bss section is not adjacent to .dtcm_data section.)
                0x0000caa4                        . = (SIZEOF (.dtcm_data) > 0x0)?__dtcm_data_init_end:__dtcm_data_pre_location
                0x0000caa4                        sgstubs_pre_location = .
                0x0000cc00                        SGSTUBS_LOC = (DEFINED (PROJECT_SECURE) && DEFINED (FLASH_NSC_START))?ABSOLUTE (FLASH_NSC_START):ALIGN (0x400)

.gnu.sgstubs    0x0000cc00      0x120
                0x0000cc00                        __tz_FLASH_C = DEFINED (FLASH_NSC_START)?ABSOLUTE (FLASH_NSC_START):__RESERVE_NS_RAM?ABSOLUTE ((FLASH_START + FLASH_LENGTH)):ALIGN (0x400)
                0x0000cc00                        _start_sg = .
 *(.gnu.sgstubs*)
                0x0000cc00                        . = ALIGN (0x20)
                0x0000cc00                        _end_sg = .
 .gnu.sgstubs.__stub
                0x0000cc00      0x108 linker stubs
                0x0000cc00                template_nonsecure_callable
                0x0000cc08                g_uart4_open_guard
                0x0000cc10                R_BSP_ClockUpdateCallbackSet
                0x0000cc18                g_canfd1_mode_transition_guard
                0x0000cc20                My_nsc_api_Init
                0x0000cc28                g_uart4_abort_guard
                0x0000cc30                g_uart4_info_get_guard
                0x0000cc38                g_canfd1_write_guard
                0x0000cc40                TZ_InitContextSystem_S
                0x0000cc48                g_uart4_close_guard
                0x0000cc50                TZ_LoadContext_S
                0x0000cc58                g_canfd0_close_guard
                0x0000cc60                g_canfd0_info_get_guard
                0x0000cc68                g_canfd0_read_guard
                0x0000cc70                g_uart4_baud_set_guard
                0x0000cc78                g_uart4_read_stop_guard
                0x0000cc80                g_canfd1_open_guard
                0x0000cc88                g_canfd0_open_guard
                0x0000cc90                g_uart4_callback_set_guard
                0x0000cc98                TZ_FreeModuleContext_S
                0x0000cca0                g_canfd1_callback_set_guard
                0x0000cca8                g_canfd1_read_guard
                0x0000ccb0                My_NSC_API_ReadSecureData
                0x0000ccb8                g_uart4_baud_calculate_guard
                0x0000ccc0                g_canfd0_mode_transition_guard
                0x0000ccc8                g_canfd1_close_guard
                0x0000ccd0                TZ_AllocModuleContext_S
                0x0000ccd8                g_canfd1_info_get_guard
                0x0000cce0                TZ_StoreContext_S
                0x0000cce8                g_uart4_read_guard
                0x0000ccf0                g_canfd0_callback_set_guard
                0x0000ccf8                g_uart4_write_guard
                0x0000cd00                g_canfd0_write_guard
                0x00010000                        __tz_FLASH_N = DEFINED (FLASH_NS_START)?ABSOLUTE (FLASH_NS_START):__RESERVE_NS_RAM?ABSOLUTE ((FLASH_START + FLASH_LENGTH)):(FLASH_LENGTH < 0x8000)?FLASH_LENGTH:ALIGN (0x8000)
                0x00010000                        FLASH_NS_IMAGE_START = DEFINED (FLASH_NS_IMAGE_START)?FLASH_NS_IMAGE_START:__tz_FLASH_N
                0x60000000                        __tz_QSPI_FLASH_S = ORIGIN (QSPI_FLASH)

.qspi_flash     0x60000000        0x0
                0x60000000                        __qspi_flash_start__ = .
 *(.qspi_flash*)
 *(.code_in_qspi*)
                0x60000000                        __qspi_flash_end__ = .
                0x00000000                        __qspi_flash_code_size__ = (__qspi_flash_end__ - __qspi_flash_start__)
                0x0000caa4                        __qspi_flash_code_addr__ = sgstubs_pre_location

.qspi_non_retentive
                0x60000000        0x0 load address 0x0000caa4
                0x60000000                        __qspi_non_retentive_start__ = .
 *(.qspi_non_retentive*)
                0x60000000                        __qspi_non_retentive_end__ = .
                0x00000000                        __qspi_non_retentive_size__ = (__qspi_non_retentive_end__ - __qspi_non_retentive_start__)
                0x04000000                        __qspi_region_max_size__ = 0x4000000
                0x60000000                        __qspi_region_start_address__ = __qspi_flash_start__
                0x64000000                        __qspi_region_end_address__ = (__qspi_flash_start__ + __qspi_region_max_size__)
                0x60000000                        __tz_QSPI_FLASH_N = __qspi_non_retentive_end__

.OSPI_DEVICE_0_NO_LOAD
                0x68000000        0x0
                0x68000000                        . = ALIGN (0x4)
                0x68000000                        __ospi_device_0_start__ = .
 *(.ospi_device_0_no_load*)
                0x68000000                        . = ALIGN (0x4)
                0x68000000                        __ospi_device_0_end__ = .

.OSPI_DEVICE_1_NO_LOAD
                0x70000000        0x0
                0x70000000                        . = ALIGN (0x4)
                0x70000000                        __ospi_device_1_start__ = .
 *(.ospi_device_1_no_load*)
                0x70000000                        . = ALIGN (0x4)
                0x70000000                        __ospi_device_1_end__ = .
                0x68000000                        __tz_OSPI_DEVICE_0_S = ORIGIN (OSPI_DEVICE_0)

.OSPI_DEVICE_0  0x68000000        0x0
                0x68000000                        __ospi_device_0_start__ = .
 *(.ospi_device_0*)
 *(.code_in_ospi_device_0*)
                0x68000000                        __ospi_device_0_end__ = .
                0x00000000                        __ospi_device_0_code_size__ = (__ospi_device_0_end__ - __ospi_device_0_start__)
                0x0000caa4                        __ospi_device_0_code_addr__ = (sgstubs_pre_location + SIZEOF (.qspi_non_retentive))

.ospi_device_0_non_retentive
                0x68000000        0x0 load address 0x0000caa4
                0x68000000                        __ospi_device_0_non_retentive_start__ = .
 *(.ospi_device_0_non_retentive*)
                0x68000000                        __ospi_device_0_non_retentive_end__ = .
                0x00000000                        __ospi_device_0_non_retentive_size__ = (__ospi_device_0_non_retentive_end__ - __ospi_device_0_non_retentive_start__)
                0x08000000                        __ospi_device_0_region_max_size__ = 0x8000000
                0x68000000                        __ospi_device_0_region_start_address__ = __ospi_device_0_start__
                0x70000000                        __ospi_device_0_region_end_address__ = (__ospi_device_0_start__ + __ospi_device_0_region_max_size__)
                0x68000000                        __tz_OSPI_DEVICE_0_N = __ospi_device_0_non_retentive_end__
                0x70000000                        __tz_OSPI_DEVICE_1_S = ORIGIN (OSPI_DEVICE_1)

.OSPI_DEVICE_1  0x70000000        0x0
                0x70000000                        __ospi_device_1_start__ = .
 *(.ospi_device_1*)
 *(.code_in_ospi_device_1*)
                0x70000000                        __ospi_device_1_end__ = .
                0x00000000                        __ospi_device_1_code_size__ = (__ospi_device_1_end__ - __ospi_device_1_start__)
                0x0000caa4                        __ospi_device_1_code_addr__ = (sgstubs_pre_location + (SIZEOF (.qspi_non_retentive) + SIZEOF (.ospi_device_0_non_retentive)))

.ospi_device_1_non_retentive
                0x70000000        0x0 load address 0x0000caa4
                0x70000000                        __ospi_device_1_non_retentive_start__ = .
 *(.ospi_device_1_non_retentive*)
                0x70000000                        __ospi_device_1_non_retentive_end__ = .
                0x00000000                        __ospi_device_1_non_retentive_size__ = (__ospi_device_1_non_retentive_end__ - __ospi_device_1_non_retentive_start__)
                0x10000000                        __ospi_device_1_region_max_size__ = 0x10000000
                0x70000000                        __ospi_device_1_region_start_address__ = __ospi_device_1_start__
                0x80000000                        __ospi_device_1_region_end_address__ = (__ospi_device_1_start__ + __ospi_device_1_region_max_size__)
                0x70000000                        __tz_OSPI_DEVICE_1_N = __ospi_device_1_non_retentive_end__

.noinit         0x20000eb4       0x1c
                0x20000eb4                        . = ALIGN (0x4)
                0x20000eb4                        __noinit_start = .
 *(.noinit*)
 .noinit        0x20000eb4       0x1c ./ra/fsp/src/bsp/mcu/all/bsp_clocks.o
                0x20000ed0                        . = ALIGN (0x8)
 *(.heap.*)
                0x20000ed0                        __noinit_end = .

.bss            0x20000ed0      0xd38
                0x20000ed0                        . = ALIGN (0x4)
                0x20000ed0                        __bss_start__ = .
 *(.bss*)
 .bss.completed.1
                0x20000ed0        0x1 C:/Renesas/RA/e2studio_v2024-07_fsp_v5.5.0/toolchains/gcc_arm/13.2.rel1/bin/../lib/gcc/arm-none-eabi/13.2.1/thumb/v8-m.main+fp/hard/crtbegin.o
 *fill*         0x20000ed1        0x3 
 .bss.object.0  0x20000ed4       0x18 C:/Renesas/RA/e2studio_v2024-07_fsp_v5.5.0/toolchains/gcc_arm/13.2.rel1/bin/../lib/gcc/arm-none-eabi/13.2.1/thumb/v8-m.main+fp/hard/crtbegin.o
 .bss.canfd1_senddata_enable
                0x20000eec        0x1 ./src/uart/bsp_uart.o
                0x20000eec                canfd1_senddata_enable
 .bss.canfd0_senddata_enable
                0x20000eed        0x1 ./src/uart/bsp_uart.o
                0x20000eed                canfd0_senddata_enable
 .bss.uart_receive_complete_flag
                0x20000eee        0x1 ./src/uart/bsp_uart.o
                0x20000eee                uart_receive_complete_flag
 .bss.uart_send_complete_flag
                0x20000eef        0x1 ./src/uart/bsp_uart.o
                0x20000eef                uart_send_complete_flag
 .bss.g_uart_callback_args
                0x20000ef0       0x10 ./src/uart/bsp_uart.o
                0x20000ef0                g_uart_callback_args
 .bss.key       0x20000f00       0x10 ./src/secure_modules/encryption/encryption.o
                0x20000f00                key
 .bss.already_time
                0x20000f10        0x8 ./src/secure_modules/encryption/key_management.o
                0x20000f10                already_time
 .bss.canfd0_err_status
                0x20000f18        0x4 ./src/canfd/bsp_canfd0.o
                0x20000f18                canfd0_err_status
 .bss.canfd0_err_status_flag
                0x20000f1c        0x1 ./src/canfd/bsp_canfd0.o
                0x20000f1c                canfd0_err_status_flag
 .bss.canfd0_rx_complete_flag
                0x20000f1d        0x1 ./src/canfd/bsp_canfd0.o
                0x20000f1d                canfd0_rx_complete_flag
 .bss.canfd0_tx_complete_flag
                0x20000f1e        0x1 ./src/canfd/bsp_canfd0.o
                0x20000f1e                canfd0_tx_complete_flag
 *fill*         0x20000f1f        0x1 
 .bss.canfd0_rx_frame
                0x20000f20       0x4c ./src/canfd/bsp_canfd0.o
                0x20000f20                canfd0_rx_frame
 .bss.canfd1_err_status
                0x20000f6c        0x4 ./src/canfd/bsp_canfd1.o
                0x20000f6c                canfd1_err_status
 .bss.canfd1_err_status_flag
                0x20000f70        0x1 ./src/canfd/bsp_canfd1.o
                0x20000f70                canfd1_err_status_flag
 .bss.canfd1_rx_complete_flag
                0x20000f71        0x1 ./src/canfd/bsp_canfd1.o
                0x20000f71                canfd1_rx_complete_flag
 .bss.canfd1_tx_complete_flag
                0x20000f72        0x1 ./src/canfd/bsp_canfd1.o
                0x20000f72                canfd1_tx_complete_flag
 *fill*         0x20000f73        0x1 
 .bss.canfd1_rx_frame
                0x20000f74       0x4c ./src/canfd/bsp_canfd1.o
                0x20000f74                canfd1_rx_frame
 .bss.IT_Nums   0x20000fc0        0x4 ./src/SysTick/bsp_SysTick.o
 .bss.g_ioport_ctrl
                0x20000fc4        0x8 ./ra_gen/common_data.o
                0x20000fc4                g_ioport_ctrl
 .bss.g_uart4_ctrl
                0x20000fcc       0x30 ./ra_gen/hal_data.o
                0x20000fcc                g_uart4_ctrl
 .bss.g_canfd0_ctrl
                0x20000ffc       0x1c ./ra_gen/hal_data.o
                0x20000ffc                g_canfd0_ctrl
 .bss.g_canfd1_ctrl
                0x20001018       0x1c ./ra_gen/hal_data.o
                0x20001018                g_canfd1_ctrl
 *fill*         0x20001034        0x4 
 .bss.ProcessStackMemory
                0x20001038      0x840 ./ra/fsp/src/rm_tz_context/tz_context.o
 .bss.ProcessStackInfo
                0x20001878       0x60 ./ra/fsp/src/rm_tz_context/tz_context.o
 .bss.gp_ctrl   0x200018d8        0x8 ./ra/fsp/src/r_canfd/r_canfd.o
 .bss.gp_callback_memory
                0x200018e0        0x4 ./ra/fsp/src/bsp/mcu/all/bsp_clocks.o
 .bss.g_bsp_clock_update_callback
                0x200018e4        0x4 ./ra/fsp/src/bsp/mcu/all/bsp_clocks.o
 .bss.g_bsp_group_irq_sources
                0x200018e8       0x40 ./ra/fsp/src/bsp/mcu/all/bsp_group_irq.o
                0x200018e8                g_bsp_group_irq_sources
 .bss.g_protect_pfswe_counter
                0x20001928        0x4 ./ra/fsp/src/bsp/mcu/all/bsp_io.o
                0x20001928                g_protect_pfswe_counter
 .bss.gp_renesas_isr_context
                0x2000192c      0x180 ./ra/fsp/src/bsp/mcu/all/bsp_irq.o
                0x2000192c                gp_renesas_isr_context
 .bss.g_protect_counters
                0x20001aac        0x8 ./ra/fsp/src/bsp/mcu/all/bsp_register_protection.o
                0x20001aac                g_protect_counters
 .bss.current_heap_end.0
                0x20001ab4        0x4 ./ra/fsp/src/bsp/mcu/all/bsp_sbrk.o
 .bss.SystemCoreClock
                0x20001ab8        0x4 ./ra/fsp/src/bsp/cmsis/Device/RENESAS/Source/system.o
                0x20001ab8                SystemCoreClock
 .bss.__malloc_sbrk_start
                0x20001abc        0x4 C:/Renesas/RA/e2studio_v2024-07_fsp_v5.5.0/toolchains/gcc_arm/13.2.rel1/bin/../lib/gcc/arm-none-eabi/13.2.1/thumb/v8-m.main+fp/hard\libg_nano.a(libc_a-mallocr.o)
                0x20001abc                __malloc_sbrk_start
 .bss.__malloc_free_list
                0x20001ac0        0x4 C:/Renesas/RA/e2studio_v2024-07_fsp_v5.5.0/toolchains/gcc_arm/13.2.rel1/bin/../lib/gcc/arm-none-eabi/13.2.1/thumb/v8-m.main+fp/hard\libg_nano.a(libc_a-mallocr.o)
                0x20001ac0                __malloc_free_list
 .bss.__sf      0x20001ac4      0x138 C:/Renesas/RA/e2studio_v2024-07_fsp_v5.5.0/toolchains/gcc_arm/13.2.rel1/bin/../lib/gcc/arm-none-eabi/13.2.1/thumb/v8-m.main+fp/hard\libg_nano.a(libc_a-findfp.o)
                0x20001ac4                __sf
 .bss.__stdio_exit_handler
                0x20001bfc        0x4 C:/Renesas/RA/e2studio_v2024-07_fsp_v5.5.0/toolchains/gcc_arm/13.2.rel1/bin/../lib/gcc/arm-none-eabi/13.2.1/thumb/v8-m.main+fp/hard\libg_nano.a(libc_a-findfp.o)
                0x20001bfc                __stdio_exit_handler
 .bss.errno     0x20001c00        0x4 C:/Renesas/RA/e2studio_v2024-07_fsp_v5.5.0/toolchains/gcc_arm/13.2.rel1/bin/../lib/gcc/arm-none-eabi/13.2.1/thumb/v8-m.main+fp/hard\libg_nano.a(libc_a-reent.o)
                0x20001c00                errno
 .bss.__lock___malloc_recursive_mutex
                0x20001c04        0x1 C:/Renesas/RA/e2studio_v2024-07_fsp_v5.5.0/toolchains/gcc_arm/13.2.rel1/bin/../lib/gcc/arm-none-eabi/13.2.1/thumb/v8-m.main+fp/hard\libg_nano.a(libc_a-lock.o)
                0x20001c04                __lock___malloc_recursive_mutex
 .bss.__lock___sfp_recursive_mutex
                0x20001c05        0x1 C:/Renesas/RA/e2studio_v2024-07_fsp_v5.5.0/toolchains/gcc_arm/13.2.rel1/bin/../lib/gcc/arm-none-eabi/13.2.1/thumb/v8-m.main+fp/hard\libg_nano.a(libc_a-lock.o)
                0x20001c05                __lock___sfp_recursive_mutex
 *(COMMON)
                0x20001c08                        . = ALIGN (0x4)
 *fill*         0x20001c06        0x2 
                0x20001c08                        __bss_end__ = .

.heap           0x20001c08     0x2000
                0x20001c08                        . = ALIGN (0x8)
                0x20001c08                        __HeapBase = .
 *(.heap)
 .heap          0x20001c08     0x2000 ./ra/fsp/src/bsp/cmsis/Device/RENESAS/Source/startup.o
                0x20003c08                        __HeapLimit = .

.stack_dummy    0x20003c08     0x1008
                0x20003c08                        . = ALIGN (0x8)
                0x20003c08                        __StackLimit = .
 *(.stack)
 .stack         0x20003c08     0x1008 ./ra/fsp/src/bsp/cmsis/Device/RENESAS/Source/startup.o
                0x20004c10                        __StackTop = .
 *(.stack*)
                0x20004c10                        __StackTopAll = .
                0x20004c10                        PROVIDE (__stack = __StackTopAll)
                0x20004c10                        __RAM_segment_used_end__ = ALIGN (__StackTopAll, 0x4)
                0x20005000                        __tz_RAM_C = DEFINED (RAM_NSC_START)?ABSOLUTE ((RAM_NSC_START - RAM_NS_BUFFER_BLOCK_LENGTH)):__RESERVE_NS_RAM?ABSOLUTE (RAM_NS_BUFFER_BLOCK_START):ALIGN (__RAM_segment_used_end__, 0x400)
                0x20006000                        __tz_RAM_N = DEFINED (RAM_NS_START)?ABSOLUTE ((RAM_NS_START - RAM_NS_BUFFER_BLOCK_LENGTH)):__RESERVE_NS_RAM?ABSOLUTE (RAM_NS_BUFFER_BLOCK_START):ALIGN (__tz_RAM_C, 0x2000)

.ns_buffer      0x20004c10        0x0
                0x20004c10                        . = __RESERVE_NS_RAM?ABSOLUTE ((RAM_NS_BUFFER_START & 0xffffffe0)):.
 *(.ns_buffer*)

.data_flash     0x08000000        0x0
                0x08000000                        . = ORIGIN (DATA_FLASH)
                0x08000000                        __tz_DATA_FLASH_S = .
                0x08000000                        __Data_Flash_Start = .
 *(.data_flash*)
                0x08000000                        __Data_Flash_End = .
                0x08000000                        __tz_DATA_FLASH_N = DEFINED (DATA_FLASH_NS_START)?ABSOLUTE (DATA_FLASH_NS_START):__RESERVE_NS_RAM?ABSOLUTE ((DATA_FLASH_START + DATA_FLASH_LENGTH)):ALIGN (0x400)
                0x80010000                        __tz_SDRAM_S = ORIGIN (SDRAM)

.sdram          0x80010000        0x0
                0x80010000                        __SDRAM_Start = .
 *(.sdram*)
 *(.frame*)
                0x80010000                        __SDRAM_End = .
                0x80010000                        __tz_SDRAM_N = __SDRAM_End
                0x00000000                        __tz_ID_CODE_S = ORIGIN (ID_CODE)
                0x00000000                        __tz_ID_CODE_N = __tz_ID_CODE_S

.id_code        0x00000000        0x0
                0x00000000                        __ID_Code_Start = .
 *(.id_code*)
                0x00000000                        __ID_Code_End = .
                0x0100a100                        __tz_OPTION_SETTING_S = ORIGIN (OPTION_SETTING_OFS)

.option_setting_ofs
                0x0100a100       0x14
                0x0100a100                        __OPTION_SETTING_OFS_Start = .
 *(.option_setting_ofs0)
 .option_setting_ofs0
                0x0100a100        0x4 ./ra/fsp/src/bsp/mcu/all/bsp_rom_registers.o
                0x0100a104                        . = PROJECT_SECURE_OR_FLAT?(__OPTION_SETTING_OFS_Start + 0x4):__OPTION_SETTING_OFS_Start
 *(.option_setting_ofs2)
                0x0100a110                        . = PROJECT_SECURE_OR_FLAT?(__OPTION_SETTING_OFS_Start + 0x10):__OPTION_SETTING_OFS_Start
 *fill*         0x0100a104        0xc ff
 *(.option_setting_dualsel)
 .option_setting_dualsel
                0x0100a110        0x4 ./ra/fsp/src/bsp/mcu/all/bsp_rom_registers.o
                0x0100a114                        __OPTION_SETTING_OFS_End = .

.option_setting_sas
                0x0100a134        0x4
                0x0100a134                        __OPTION_SETTING_SAS_Start = .
 *(.option_setting_sas)
 .option_setting_sas
                0x0100a134        0x4 ./ra/fsp/src/bsp/mcu/all/bsp_rom_registers.o
                0x0100a138                        __OPTION_SETTING_SAS_End = .
                0x0100a180                        __tz_OPTION_SETTING_N = ABSOLUTE (OPTION_SETTING_START_NS)

.option_setting_ns
                0x0100a100        0x0
                0x0100a100                        __OPTION_SETTING_NS_Start = .
 *(.option_setting_ofs1)
                0x0100a100                        . = USE_OPTION_SETTING_NS?(__OPTION_SETTING_NS_Start + 0x4):__OPTION_SETTING_NS_Start
 *(.option_setting_ofs3)
                0x0100a100                        . = USE_OPTION_SETTING_NS?(__OPTION_SETTING_NS_Start + 0x10):__OPTION_SETTING_NS_Start
 *(.option_setting_banksel)
                0x0100a100                        . = USE_OPTION_SETTING_NS?(__OPTION_SETTING_NS_Start + 0x40):__OPTION_SETTING_NS_Start
 *(.option_setting_bps0)
                0x0100a100                        . = USE_OPTION_SETTING_NS?(__OPTION_SETTING_NS_Start + 0x44):__OPTION_SETTING_NS_Start
 *(.option_setting_bps1)
                0x0100a100                        . = USE_OPTION_SETTING_NS?(__OPTION_SETTING_NS_Start + 0x48):__OPTION_SETTING_NS_Start
 *(.option_setting_bps2)
                0x0100a100                        . = USE_OPTION_SETTING_NS?(__OPTION_SETTING_NS_Start + 0x4c):__OPTION_SETTING_NS_Start
 *(.option_setting_bps3)
                0x0100a100                        . = USE_OPTION_SETTING_NS?(__OPTION_SETTING_NS_Start + 0x60):__OPTION_SETTING_NS_Start
 *(.option_setting_pbps0)
                0x0100a100                        . = USE_OPTION_SETTING_NS?(__OPTION_SETTING_NS_Start + 0x64):__OPTION_SETTING_NS_Start
 *(.option_setting_pbps1)
                0x0100a100                        . = USE_OPTION_SETTING_NS?(__OPTION_SETTING_NS_Start + 0x68):__OPTION_SETTING_NS_Start
 *(.option_setting_pbps2)
                0x0100a100                        . = USE_OPTION_SETTING_NS?(__OPTION_SETTING_NS_Start + 0x6c):__OPTION_SETTING_NS_Start
 *(.option_setting_pbps3)
                0x0100a100                        __OPTION_SETTING_NS_End = .
                0x0100a200                        __tz_OPTION_SETTING_S_S = ORIGIN (OPTION_SETTING_S)

.option_setting_s
                0x0100a200       0xd0
                0x0100a200                        __OPTION_SETTING_S_Start = .
 *(.option_setting_ofs1_sec)
 .option_setting_ofs1_sec
                0x0100a200        0x4 ./ra/fsp/src/bsp/mcu/all/bsp_rom_registers.o
                0x0100a204                        . = PROJECT_SECURE_OR_FLAT?(__OPTION_SETTING_S_Start + 0x4):__OPTION_SETTING_S_Start
 *(.option_setting_ofs3_sec)
                0x0100a210                        . = PROJECT_SECURE_OR_FLAT?(__OPTION_SETTING_S_Start + 0x10):__OPTION_SETTING_S_Start
 *fill*         0x0100a204        0xc ff
 *(.option_setting_banksel_sec)
 .option_setting_banksel_sec
                0x0100a210        0x4 ./ra/fsp/src/bsp/mcu/all/bsp_rom_registers.o
                0x0100a240                        . = PROJECT_SECURE_OR_FLAT?(__OPTION_SETTING_S_Start + 0x40):__OPTION_SETTING_S_Start
 *fill*         0x0100a214       0x2c ff
 *(.option_setting_bps_sec0)
 .option_setting_bps_sec0
                0x0100a240        0x4 ./ra/fsp/src/bsp/mcu/all/bsp_rom_registers.o
                0x0100a244                        . = PROJECT_SECURE_OR_FLAT?(__OPTION_SETTING_S_Start + 0x44):__OPTION_SETTING_S_Start
 *(.option_setting_bps_sec1)
 .option_setting_bps_sec1
                0x0100a244        0x4 ./ra/fsp/src/bsp/mcu/all/bsp_rom_registers.o
                0x0100a248                        . = PROJECT_SECURE_OR_FLAT?(__OPTION_SETTING_S_Start + 0x48):__OPTION_SETTING_S_Start
 *(.option_setting_bps_sec2)
 .option_setting_bps_sec2
                0x0100a248        0x4 ./ra/fsp/src/bsp/mcu/all/bsp_rom_registers.o
                0x0100a24c                        . = PROJECT_SECURE_OR_FLAT?(__OPTION_SETTING_S_Start + 0x4c):__OPTION_SETTING_S_Start