Archive member included to satisfy reference by file (symbol)

C:/Renesas/RA/e2studio_v2024-07_fsp_v5.5.0/toolchains/gcc_arm/13.2.rel1/bin/../lib/gcc/arm-none-eabi/13.2.1/thumb/v8-m.main+fp/hard\libgcc.a(_aeabi_uldivmod.o)
                              ./src/SysTick/bsp_SysTick.o (__aeabi_uldivmod)
C:/Renesas/RA/e2studio_v2024-07_fsp_v5.5.0/toolchains/gcc_arm/13.2.rel1/bin/../lib/gcc/arm-none-eabi/13.2.1/thumb/v8-m.main+fp/hard\libgcc.a(_udivmoddi4.o)
                              C:/Renesas/RA/e2studio_v2024-07_fsp_v5.5.0/toolchains/gcc_arm/13.2.rel1/bin/../lib/gcc/arm-none-eabi/13.2.1/thumb/v8-m.main+fp/hard\libgcc.a(_aeabi_uldivmod.o) (__udivmoddi4)
C:/Renesas/RA/e2studio_v2024-07_fsp_v5.5.0/toolchains/gcc_arm/13.2.rel1/bin/../lib/gcc/arm-none-eabi/13.2.1/thumb/v8-m.main+fp/hard\libgcc.a(_dvmd_tls.o)
                              C:/Renesas/RA/e2studio_v2024-07_fsp_v5.5.0/toolchains/gcc_arm/13.2.rel1/bin/../lib/gcc/arm-none-eabi/13.2.1/thumb/v8-m.main+fp/hard\libgcc.a(_aeabi_uldivmod.o) (__aeabi_ldiv0)
C:/Renesas/RA/e2studio_v2024-07_fsp_v5.5.0/toolchains/gcc_arm/13.2.rel1/bin/../lib/gcc/arm-none-eabi/13.2.1/thumb/v8-m.main+fp/hard\libg_nano.a(libc_a-exit.o)
                              C:/Renesas/RA/e2studio_v2024-07_fsp_v5.5.0/toolchains/gcc_arm/13.2.rel1/bin/../lib/gcc/arm-none-eabi/13.2.1/thumb/v8-m.main+fp/hard/crt0.o (exit)
C:/Renesas/RA/e2studio_v2024-07_fsp_v5.5.0/toolchains/gcc_arm/13.2.rel1/bin/../lib/gcc/arm-none-eabi/13.2.1/thumb/v8-m.main+fp/hard\libg_nano.a(libc_a-rand.o)
                              ./src/net_user_app.o (rand)
C:/Renesas/RA/e2studio_v2024-07_fsp_v5.5.0/toolchains/gcc_arm/13.2.rel1/bin/../lib/gcc/arm-none-eabi/13.2.1/thumb/v8-m.main+fp/hard\libg_nano.a(libc_a-nano-vfprintf_float.o)
                              (_printf_float)
C:/Renesas/RA/e2studio_v2024-07_fsp_v5.5.0/toolchains/gcc_arm/13.2.rel1/bin/../lib/gcc/arm-none-eabi/13.2.1/thumb/v8-m.main+fp/hard\libg_nano.a(libc_a-nano-vfprintf_i.o)
                              C:/Renesas/RA/e2studio_v2024-07_fsp_v5.5.0/toolchains/gcc_arm/13.2.rel1/bin/../lib/gcc/arm-none-eabi/13.2.1/thumb/v8-m.main+fp/hard\libg_nano.a(libc_a-nano-vfprintf_float.o) (_printf_common)
C:/Renesas/RA/e2studio_v2024-07_fsp_v5.5.0/toolchains/gcc_arm/13.2.rel1/bin/../lib/gcc/arm-none-eabi/13.2.1/thumb/v8-m.main+fp/hard\libg_nano.a(libc_a-findfp.o)
                              C:/Renesas/RA/e2studio_v2024-07_fsp_v5.5.0/toolchains/gcc_arm/13.2.rel1/bin/../lib/gcc/arm-none-eabi/13.2.1/thumb/v8-m.main+fp/hard\libg_nano.a(libc_a-exit.o) (__stdio_exit_handler)
C:/Renesas/RA/e2studio_v2024-07_fsp_v5.5.0/toolchains/gcc_arm/13.2.rel1/bin/../lib/gcc/arm-none-eabi/13.2.1/thumb/v8-m.main+fp/hard\libg_nano.a(libc_a-fwalk.o)
                              C:/Renesas/RA/e2studio_v2024-07_fsp_v5.5.0/toolchains/gcc_arm/13.2.rel1/bin/../lib/gcc/arm-none-eabi/13.2.1/thumb/v8-m.main+fp/hard\libg_nano.a(libc_a-findfp.o) (_fwalk_sglue)
C:/Renesas/RA/e2studio_v2024-07_fsp_v5.5.0/toolchains/gcc_arm/13.2.rel1/bin/../lib/gcc/arm-none-eabi/13.2.1/thumb/v8-m.main+fp/hard\libg_nano.a(libc_a-printf.o)
                              ./src/net_thread_entry.o (printf)
C:/Renesas/RA/e2studio_v2024-07_fsp_v5.5.0/toolchains/gcc_arm/13.2.rel1/bin/../lib/gcc/arm-none-eabi/13.2.1/thumb/v8-m.main+fp/hard\libg_nano.a(libc_a-putchar.o)
                              ./src/net_thread_entry.o (putchar)
C:/Renesas/RA/e2studio_v2024-07_fsp_v5.5.0/toolchains/gcc_arm/13.2.rel1/bin/../lib/gcc/arm-none-eabi/13.2.1/thumb/v8-m.main+fp/hard\libg_nano.a(libc_a-puts.o)
                              ./src/canfd/nsc_bsp_canfd0.o (puts)
C:/Renesas/RA/e2studio_v2024-07_fsp_v5.5.0/toolchains/gcc_arm/13.2.rel1/bin/../lib/gcc/arm-none-eabi/13.2.1/thumb/v8-m.main+fp/hard\libg_nano.a(libc_a-snprintf.o)
                              ./ra/fsp/src/rm_freertos_plus_tcp/NetworkInterface.o (snprintf)
C:/Renesas/RA/e2studio_v2024-07_fsp_v5.5.0/toolchains/gcc_arm/13.2.rel1/bin/../lib/gcc/arm-none-eabi/13.2.1/thumb/v8-m.main+fp/hard\libg_nano.a(libc_a-sprintf.o)
                              ./src/net_user_app.o (sprintf)
C:/Renesas/RA/e2studio_v2024-07_fsp_v5.5.0/toolchains/gcc_arm/13.2.rel1/bin/../lib/gcc/arm-none-eabi/13.2.1/thumb/v8-m.main+fp/hard\libg_nano.a(libc_a-stdio.o)
                              C:/Renesas/RA/e2studio_v2024-07_fsp_v5.5.0/toolchains/gcc_arm/13.2.rel1/bin/../lib/gcc/arm-none-eabi/13.2.1/thumb/v8-m.main+fp/hard\libg_nano.a(libc_a-findfp.o) (__sread)
C:/Renesas/RA/e2studio_v2024-07_fsp_v5.5.0/toolchains/gcc_arm/13.2.rel1/bin/../lib/gcc/arm-none-eabi/13.2.1/thumb/v8-m.main+fp/hard\libg_nano.a(libc_a-wbuf.o)
                              C:/Renesas/RA/e2studio_v2024-07_fsp_v5.5.0/toolchains/gcc_arm/13.2.rel1/bin/../lib/gcc/arm-none-eabi/13.2.1/thumb/v8-m.main+fp/hard\libg_nano.a(libc_a-puts.o) (__swbuf_r)
C:/Renesas/RA/e2studio_v2024-07_fsp_v5.5.0/toolchains/gcc_arm/13.2.rel1/bin/../lib/gcc/arm-none-eabi/13.2.1/thumb/v8-m.main+fp/hard\libg_nano.a(libc_a-wsetup.o)
[...]
Memory Configuration

Name             Origin             Length             Attributes
ITCM             0x00000000         0x00000000         xr
DTCM             0x00000000         0x00000000         xrw
FLASH            0x00010000         0x001f0000         xr
RAM              0x20006000         0x0007a000         xrw
DATA_FLASH       0x08000000         0x00002000         xr
QSPI_FLASH       0x60000000         0x04000000         xr
OSPI_DEVICE_0    0x68000000         0x08000000         xr
OSPI_DEVICE_1    0x70000000         0x10000000         xr
OSPI_DEVICE_0_RAM 0x68000000         0x08000000         xrw
OSPI_DEVICE_1_RAM 0x70000000         0x10000000         xrw
SDRAM            0x80010000         0x00000000         xrw
OPTION_SETTING   0x0100a180         0x00000080         r
OPTION_SETTING_OFS 0x0100a180         0x00000018         r
OPTION_SETTING_SAS 0x0100a1b4         0x0000004c         r
OPTION_SETTING_S 0x0100a2d0         0x00000030         r
ID_CODE          0x00000000         0x00000000         xr
*default*        0x00000000         0xffffffff

Linker script and memory map

LOAD C:/Renesas/RA/e2studio_v2024-07_fsp_v5.5.0/toolchains/gcc_arm/13.2.rel1/bin/../lib/gcc/arm-none-eabi/13.2.1/thumb/v8-m.main+fp/hard/crti.o
LOAD C:/Renesas/RA/e2studio_v2024-07_fsp_v5.5.0/toolchains/gcc_arm/13.2.rel1/bin/../lib/gcc/arm-none-eabi/13.2.1/thumb/v8-m.main+fp/hard/crtbegin.o
LOAD C:/Renesas/RA/e2studio_v2024-07_fsp_v5.5.0/toolchains/gcc_arm/13.2.rel1/bin/../lib/gcc/arm-none-eabi/13.2.1/thumb/v8-m.main+fp/hard/crt0.o
START GROUP
LOAD ./src/uart/nsc_bsp_uart.o
LOAD ./src/canfd/nsc_bsp_canfd0.o
LOAD ./src/canfd/nsc_bsp_canfd1.o
LOAD ./src/SysTick/bsp_SysTick.o
LOAD ./src/ether_phy_target_lan8720.o
LOAD ./src/hal_entry.o
LOAD ./src/net_thread_entry.o
LOAD ./src/net_user_app.o
LOAD ./ra_gen/common_data.o
LOAD ./ra_gen/hal_data.o
LOAD ./ra_gen/main.o
LOAD ./ra_gen/net_thread.o
LOAD ./ra_gen/pin_data.o
LOAD ./ra_gen/vector_data.o
LOAD ./ra/fsp/src/rm_freertos_port/port.o
LOAD ./ra/fsp/src/rm_freertos_plus_tcp/NetworkInterface.o
LOAD ./ra/fsp/src/r_ioport/r_ioport.o
LOAD ./ra/fsp/src/r_ether_phy/targets/KSZ8091RNB/r_ether_phy_target_ksz8091rnb.o
LOAD ./ra/fsp/src/r_ether_phy/targets/KSZ8041/r_ether_phy_target_ksz8041.o
LOAD ./ra/fsp/src/r_ether_phy/targets/ICS1894/r_ether_phy_target_ics1894.o
LOAD ./ra/fsp/src/r_ether_phy/targets/DP83620/r_ether_phy_target_dp83620.o
LOAD ./ra/fsp/src/r_ether_phy/r_ether_phy.o
LOAD ./ra/fsp/src/r_ether/r_ether.o
LOAD ./ra/fsp/src/bsp/mcu/all/bsp_clocks.o
LOAD ./ra/fsp/src/bsp/mcu/all/bsp_common.o
LOAD ./ra/fsp/src/bsp/mcu/all/bsp_delay.o
LOAD ./ra/fsp/src/bsp/mcu/all/bsp_group_irq.o
LOAD ./ra/fsp/src/bsp/mcu/all/bsp_guard.o
LOAD ./ra/fsp/src/bsp/mcu/all/bsp_io.o
LOAD ./ra/fsp/src/bsp/mcu/all/bsp_irq.o
LOAD ./ra/fsp/src/bsp/mcu/all/bsp_macl.o
LOAD ./ra/fsp/src/bsp/mcu/all/bsp_register_protection.o
LOAD ./ra/fsp/src/bsp/mcu/all/bsp_rom_registers.o
LOAD ./ra/fsp/src/bsp/mcu/all/bsp_sbrk.o
LOAD ./ra/fsp/src/bsp/mcu/all/bsp_sdram.o
LOAD ./ra/fsp/src/bsp/mcu/all/bsp_security.o
LOAD ./ra/fsp/src/bsp/cmsis/Device/RENESAS/Source/startup.o
LOAD ./ra/fsp/src/bsp/cmsis/Device/RENESAS/Source/system.o
LOAD ./ra/aws/FreeRTOS/FreeRTOS/Source/portable/MemMang/heap_4.o
LOAD ./ra/aws/FreeRTOS/FreeRTOS/Source/event_groups.o
LOAD ./ra/aws/FreeRTOS/FreeRTOS/Source/list.o
LOAD ./ra/aws/FreeRTOS/FreeRTOS/Source/queue.o
LOAD ./ra/aws/FreeRTOS/FreeRTOS/Source/stream_buffer.o
LOAD ./ra/aws/FreeRTOS/FreeRTOS/Source/tasks.o
LOAD ./ra/aws/FreeRTOS/FreeRTOS/Source/timers.o
LOAD ./ra/aws/FreeRTOS/FreeRTOS-Plus/Source/FreeRTOS-Plus-TCP/source/portable/BufferManagement/BufferAllocation_2.o
LOAD ./ra/aws/FreeRTOS/FreeRTOS-Plus/Source/FreeRTOS-Plus-TCP/source/FreeRTOS_ARP.o
LOAD ./ra/aws/FreeRTOS/FreeRTOS-Plus/Source/FreeRTOS-Plus-TCP/source/FreeRTOS_BitConfig.o
LOAD ./ra/aws/FreeRTOS/FreeRTOS-Plus/Source/FreeRTOS-Plus-TCP/source/FreeRTOS_DHCP.o
LOAD ./ra/aws/FreeRTOS/FreeRTOS-Plus/Source/FreeRTOS-Plus-TCP/source/FreeRTOS_DHCPv6.o
LOAD ./ra/aws/FreeRTOS/FreeRTOS-Plus/Source/FreeRTOS-Plus-TCP/source/FreeRTOS_DNS.o
LOAD ./ra/aws/FreeRTOS/FreeRTOS-Plus/Source/FreeRTOS-Plus-TCP/source/FreeRTOS_DNS_Cache.o
LOAD ./ra/aws/FreeRTOS/FreeRTOS-Plus/Source/FreeRTOS-Plus-TCP/source/FreeRTOS_DNS_Callback.o
LOAD ./ra/aws/FreeRTOS/FreeRTOS-Plus/Source/FreeRTOS-Plus-TCP/source/FreeRTOS_DNS_Networking.o
LOAD ./ra/aws/FreeRTOS/FreeRTOS-Plus/Source/FreeRTOS-Plus-TCP/source/FreeRTOS_DNS_Parser.o
LOAD ./ra/aws/FreeRTOS/FreeRTOS-Plus/Source/FreeRTOS-Plus-TCP/source/FreeRTOS_ICMP.o
LOAD ./ra/aws/FreeRTOS/FreeRTOS-Plus/Source/FreeRTOS-Plus-TCP/source/FreeRTOS_IP.o
LOAD ./ra/aws/FreeRTOS/FreeRTOS-Plus/Source/FreeRTOS-Plus-TCP/source/FreeRTOS_IP_Timers.o
LOAD ./ra/aws/FreeRTOS/FreeRTOS-Plus/Source/FreeRTOS-Plus-TCP/source/FreeRTOS_IP_Utils.o
LOAD ./ra/aws/FreeRTOS/FreeRTOS-Plus/Source/FreeRTOS-Plus-TCP/source/FreeRTOS_IPv4.o
LOAD ./ra/aws/FreeRTOS/FreeRTOS-Plus/Source/FreeRTOS-Plus-TCP/source/FreeRTOS_IPv4_Sockets.o
LOAD ./ra/aws/FreeRTOS/FreeRTOS-Plus/Source/FreeRTOS-Plus-TCP/source/FreeRTOS_IPv4_Utils.o
LOAD ./ra/aws/FreeRTOS/FreeRTOS-Plus/Source/FreeRTOS-Plus-TCP/source/FreeRTOS_IPv6.o
LOAD ./ra/aws/FreeRTOS/FreeRTOS-Plus/Source/FreeRTOS-Plus-TCP/source/FreeRTOS_IPv6_Sockets.o
LOAD ./ra/aws/FreeRTOS/FreeRTOS-Plus/Source/FreeRTOS-Plus-TCP/source/FreeRTOS_IPv6_Utils.o
LOAD ./ra/aws/FreeRTOS/FreeRTOS-Plus/Source/FreeRTOS-Plus-TCP/source/FreeRTOS_ND.o
LOAD ./ra/aws/FreeRTOS/FreeRTOS-Plus/Source/FreeRTOS-Plus-TCP/source/FreeRTOS_RA.o
LOAD ./ra/aws/FreeRTOS/FreeRTOS-Plus/Source/FreeRTOS-Plus-TCP/source/FreeRTOS_Routing.o
LOAD ./ra/aws/FreeRTOS/FreeRTOS-Plus/Source/FreeRTOS-Plus-TCP/source/FreeRTOS_Sockets.o
LOAD ./ra/aws/FreeRTOS/FreeRTOS-Plus/Source/FreeRTOS-Plus-TCP/source/FreeRTOS_Stream_Buffer.o
LOAD ./ra/aws/FreeRTOS/FreeRTOS-Plus/Source/FreeRTOS-Plus-TCP/source/FreeRTOS_TCP_IP.o
LOAD ./ra/aws/FreeRTOS/FreeRTOS-Plus/Source/FreeRTOS-Plus-TCP/source/FreeRTOS_TCP_IP_IPv4.o
LOAD ./ra/aws/FreeRTOS/FreeRTOS-Plus/Source/FreeRTOS-Plus-TCP/source/FreeRTOS_TCP_IP_IPv6.o
LOAD ./ra/aws/FreeRTOS/FreeRTOS-Plus/Source/FreeRTOS-Plus-TCP/source/FreeRTOS_TCP_Reception.o
LOAD ./ra/aws/FreeRTOS/FreeRTOS-Plus/Source/FreeRTOS-Plus-TCP/source/FreeRTOS_TCP_State_Handling.o
LOAD ./ra/aws/FreeRTOS/FreeRTOS-Plus/Source/FreeRTOS-Plus-TCP/source/FreeRTOS_TCP_State_Handling_IPv4.o
LOAD ./ra/aws/FreeRTOS/FreeRTOS-Plus/Source/FreeRTOS-Plus-TCP/source/FreeRTOS_TCP_State_Handling_IPv6.o
LOAD ./ra/aws/FreeRTOS/FreeRTOS-Plus/Source/FreeRTOS-Plus-TCP/source/FreeRTOS_TCP_Transmission.o
LOAD ./ra/aws/FreeRTOS/FreeRTOS-Plus/Source/FreeRTOS-Plus-TCP/source/FreeRTOS_TCP_Transmission_IPv4.o
LOAD ./ra/aws/FreeRTOS/FreeRTOS-Plus/Source/FreeRTOS-Plus-TCP/source/FreeRTOS_TCP_Transmission_IPv6.o
LOAD ./ra/aws/FreeRTOS/FreeRTOS-Plus/Source/FreeRTOS-Plus-TCP/source/FreeRTOS_TCP_Utils.o
LOAD ./ra/aws/FreeRTOS/FreeRTOS-Plus/Source/FreeRTOS-Plus-TCP/source/FreeRTOS_TCP_Utils_IPv4.o
LOAD ./ra/aws/FreeRTOS/FreeRTOS-Plus/Source/FreeRTOS-Plus-TCP/source/FreeRTOS_TCP_Utils_IPv6.o
LOAD ./ra/aws/FreeRTOS/FreeRTOS-Plus/Source/FreeRTOS-Plus-TCP/source/FreeRTOS_TCP_WIN.o
LOAD ./ra/aws/FreeRTOS/FreeRTOS-Plus/Source/FreeRTOS-Plus-TCP/source/FreeRTOS_Tiny_TCP.o
LOAD ./ra/aws/FreeRTOS/FreeRTOS-Plus/Source/FreeRTOS-Plus-TCP/source/FreeRTOS_UDP_IP.o
LOAD ./ra/aws/FreeRTOS/FreeRTOS-Plus/Source/FreeRTOS-Plus-TCP/source/FreeRTOS_UDP_IPv4.o
LOAD ./ra/aws/FreeRTOS/FreeRTOS-Plus/Source/FreeRTOS-Plus-TCP/source/FreeRTOS_UDP_IPv6.o
LOAD secure.o
END GROUP
START GROUP
LOAD C:/Renesas/RA/e2studio_v2024-07_fsp_v5.5.0/toolchains/gcc_arm/13.2.rel1/bin/../lib/gcc/arm-none-eabi/13.2.1/thumb/v8-m.main+fp/hard\libgcc.a
LOAD C:/Renesas/RA/e2studio_v2024-07_fsp_v5.5.0/toolchains/gcc_arm/13.2.rel1/bin/../lib/gcc/arm-none-eabi/13.2.1/thumb/v8-m.main+fp/hard\libg_nano.a
LOAD C:/Renesas/RA/e2studio_v2024-07_fsp_v5.5.0/toolchains/gcc_arm/13.2.rel1/bin/../lib/gcc/arm-none-eabi/13.2.1/thumb/v8-m.main+fp/hard\libc_nano.a
END GROUP
START GROUP
LOAD C:/Renesas/RA/e2studio_v2024-07_fsp_v5.5.0/toolchains/gcc_arm/13.2.rel1/bin/../lib/gcc/arm-none-eabi/13.2.1/thumb/v8-m.main+fp/hard\libgcc.a
LOAD C:/Renesas/RA/e2studio_v2024-07_fsp_v5.5.0/toolchains/gcc_arm/13.2.rel1/bin/../lib/gcc/arm-none-eabi/13.2.1/thumb/v8-m.main+fp/hard\libc_nano.a
END GROUP
LOAD C:/Renesas/RA/e2studio_v2024-07_fsp_v5.5.0/toolchains/gcc_arm/13.2.rel1/bin/../lib/gcc/arm-none-eabi/13.2.1/thumb/v8-m.main+fp/hard/crtend.o
LOAD C:/Renesas/RA/e2studio_v2024-07_fsp_v5.5.0/toolchains/gcc_arm/13.2.rel1/bin/../lib/gcc/arm-none-eabi/13.2.1/thumb/v8-m.main+fp/hard/crtn.o
                0x20006000                        RAM_START = 0x20006000
                0x0007a000                        RAM_LENGTH = 0x7a000
                0x00010000                        FLASH_START = 0x10000
                0x001f0000                        FLASH_LENGTH = 0x1f0000
                0x08000000                        DATA_FLASH_START = 0x8000000
                0x00002000                        DATA_FLASH_LENGTH = 0x2000
                0x0100a180                        OPTION_SETTING_START = 0x100a180
                0x00000080                        OPTION_SETTING_LENGTH = 0x80
                0x0100a2d0                        OPTION_SETTING_S_START = 0x100a2d0
                0x00000030                        OPTION_SETTING_S_LENGTH = 0x30
                0x00000000                        ID_CODE_START = 0x0
                0x00000000                        ID_CODE_LENGTH = 0x0
                0x80010000                        SDRAM_START = 0x80010000
                0x00000000                        SDRAM_LENGTH = 0x0
                0x60000000                        QSPI_FLASH_START = 0x60000000
                0x04000000                        QSPI_FLASH_LENGTH = 0x4000000
                0x68000000                        OSPI_DEVICE_0_START = 0x68000000
                0x08000000                        OSPI_DEVICE_0_LENGTH = 0x8000000
                0x70000000                        OSPI_DEVICE_1_START = 0x70000000
                0x10000000                        OSPI_DEVICE_1_LENGTH = 0x10000000
                0x00000000                        RAM_NS_BUFFER_LENGTH = 0x0
                0x00000001                        PROJECT_NONSECURE = 0x1
                0x04000000                        QSPI_FLASH_PRV_LENGTH = DEFINED (QSPI_FLASH_SIZE)?ABSOLUTE (QSPI_FLASH_SIZE):ABSOLUTE (QSPI_FLASH_LENGTH)
                0x08000000                        OSPI_DEVICE_0_PRV_LENGTH = DEFINED (OSPI_DEVICE_0_SIZE)?ABSOLUTE (OSPI_DEVICE_0_SIZE):ABSOLUTE (OSPI_DEVICE_0_LENGTH)
                0x10000000                        OSPI_DEVICE_1_PRV_LENGTH = DEFINED (OSPI_DEVICE_1_SIZE)?ABSOLUTE (OSPI_DEVICE_1_SIZE):ABSOLUTE (OSPI_DEVICE_1_LENGTH)
                0x00000000                        __RESERVE_NS_RAM = ((! (DEFINED (PROJECT_NONSECURE)) && DEFINED (RAM_NS_BUFFER_LENGTH)) && (OPTION_SETTING_S_LENGTH != 0x0))
                0x00000000                        ITCM_START = DEFINED (ITCM_START)?ITCM_START:0x0
                0x00000000                        ITCM_LENGTH = DEFINED (ITCM_LENGTH)?ITCM_LENGTH:0x0
                0x00000000                        DTCM_START = DEFINED (DTCM_START)?DTCM_START:0x0
                0x00000000                        DTCM_LENGTH = DEFINED (DTCM_LENGTH)?DTCM_LENGTH:0x0
                0x00000000                        RAM_NS_BUFFER_BLOCK_LENGTH = DEFINED (RAM_NS_BUFFER_LENGTH)?ALIGN (RAM_NS_BUFFER_LENGTH, 0x2000):0x0
                0x00000000                        RAM_NS_BUFFER_LENGTH = DEFINED (RAM_NS_BUFFER_LENGTH)?RAM_NS_BUFFER_LENGTH:0x0
                0x20080000                        RAM_NS_BUFFER_START = ((RAM_START + RAM_LENGTH) - RAM_NS_BUFFER_LENGTH)
                0x20080000                        RAM_NS_BUFFER_BLOCK_START = ((RAM_START + RAM_LENGTH) - RAM_NS_BUFFER_BLOCK_LENGTH)
                0x0100a180                        OPTION_SETTING_START_NS = DEFINED (PROJECT_NONSECURE)?OPTION_SETTING_START:(OPTION_SETTING_START + 0x80)
                0x00000001                        __bl_FSP_BOOTABLE_IMAGE = 0x1
                0x00000001                        __bln_FSP_BOOTABLE_IMAGE = 0x1
                0x00000000                        PROJECT_SECURE_OR_FLAT = (((! (DEFINED (PROJECT_NONSECURE)) || DEFINED (PROJECT_SECURE)) && OPTION_SETTING_LENGTH) && ! (DEFINED (FSP_BOOTABLE_IMAGE)))
                0x00000001                        USE_OPTION_SETTING_NS = (DEFINED (PROJECT_NONSECURE) && ! (DEFINED (FSP_BOOTABLE_IMAGE)))
                0x00000000                        __bl_FLASH_IMAGE_START = ! (DEFINED (FLASH_BOOTLOADER_LENGTH))?0x0:(FLASH_APPLICATION_IMAGE_NUMBER == 0x1)?((FLASH_START + FLASH_BOOTLOADER_LENGTH) + FLASH_BOOTLOADER_HEADER_LENGTH):(DEFINED (BOOTLOADER_SECONDARY_USE_QSPI) || DEFINED (BOOTLOADER_SECONDARY_USE_OSPI_B))?(((FLASH_START + FLASH_BOOTLOADER_LENGTH) + FLASH_BOOTLOADER_SCRATCH_LENGTH) + FLASH_BOOTLOADER_HEADER_LENGTH):((((FLASH_START + FLASH_BOOTLOADER_LENGTH) + FLASH_BOOTLOADER_SCRATCH_LENGTH) + FLASH_APPLICATION_S_LENGTH) + FLASH_BOOTLOADER_HEADER_LENGTH)
                0x00000000                        __bl_FLASH_IMAGE_LENGTH = ! (DEFINED (FLASH_BOOTLOADER_LENGTH))?0x0:(FLASH_APPLICATION_S_LENGTH - FLASH_BOOTLOADER_HEADER_LENGTH)
                0x00000000                        __bl_FLASH_IMAGE_END = (__bl_FLASH_IMAGE_START + __bl_FLASH_IMAGE_LENGTH)
                0x00000000                        __bl_XIP_SECONDARY_FLASH_IMAGE_START = ! (DEFINED (FLASH_BOOTLOADER_LENGTH))?0x0:(((FLASH_START + FLASH_BOOTLOADER_LENGTH) + FLASH_APPLICATION_S_LENGTH) + FLASH_BOOTLOADER_HEADER_LENGTH)
                0x00000000                        __bl_XIP_SECONDARY_FLASH_IMAGE_END = (__bl_XIP_SECONDARY_FLASH_IMAGE_START + __bl_FLASH_IMAGE_LENGTH)
                0x00000000                        __bl_FLASH_NS_START = ! (DEFINED (FLASH_BOOTLOADER_LENGTH))?0x0:(FLASH_APPLICATION_NS_LENGTH == 0x0)?__bl_FLASH_IMAGE_END:((__bl_FLASH_IMAGE_START - FLASH_BOOTLOADER_HEADER_LENGTH) + FLASH_APPLICATION_S_LENGTH)
                0x00000000                        __bl_FLASH_NSC_START = ! (DEFINED (FLASH_BOOTLOADER_LENGTH))?0x0:(FLASH_APPLICATION_NS_LENGTH == 0x0)?__bl_FLASH_IMAGE_END:(__bl_FLASH_IMAGE_END - FLASH_APPLICATION_NSC_LENGTH)
                0x00000000                        __bl_RAM_NS_START = ! (DEFINED (FLASH_BOOTLOADER_LENGTH))?0x0:(FLASH_APPLICATION_NS_LENGTH == 0x0)?(RAM_START + RAM_LENGTH):((RAM_START + RAM_LENGTH) - RAM_APPLICATION_NS_LENGTH)
                0x00000000                        __bl_RAM_NSC_START = ! (DEFINED (FLASH_BOOTLOADER_LENGTH))?0x0:(FLASH_APPLICATION_NS_LENGTH == 0x0)?(RAM_START + RAM_LENGTH):(__bl_RAM_NS_START - RAM_APPLICATION_NSC_LENGTH)
                0x00000000                        __bl_FLASH_NS_IMAGE_START = ! (DEFINED (FLASH_BOOTLOADER_LENGTH))?0x0:(FLASH_APPLICATION_NS_LENGTH == 0x0)?__bl_FLASH_IMAGE_END:(__bl_FLASH_NS_START + FLASH_BOOTLOADER_HEADER_LENGTH_2)
                0x00000000                        __bln_FLASH_IMAGE_START = (__bl_FLASH_NS_IMAGE_START | ! (DEFINED (NS_OFFSET_START))?0x0:NS_OFFSET_START)
                0x00000000                        __bln_FLASH_IMAGE_LENGTH = ! (DEFINED (FLASH_BOOTLOADER_LENGTH))?0x0:(FLASH_APPLICATION_NS_LENGTH == 0x0)?__bl_FLASH_IMAGE_END:(FLASH_APPLICATION_NS_LENGTH - FLASH_BOOTLOADER_HEADER_LENGTH_2)
                0x00000000                        XIP_SECONDARY_SLOT_IMAGE = DEFINED (XIP_SECONDARY_SLOT_IMAGE)?XIP_SECONDARY_SLOT_IMAGE:0x0
                0x00010000                        FLASH_ORIGIN = ! (DEFINED (FLASH_IMAGE_START))?FLASH_START:(XIP_SECONDARY_SLOT_IMAGE == 0x1)?XIP_SECONDARY_FLASH_IMAGE_START:FLASH_IMAGE_START
                0x001f0000                        LIMITED_FLASH_LENGTH = DEFINED (FLASH_IMAGE_LENGTH)?FLASH_IMAGE_LENGTH:DEFINED (FLASH_BOOTLOADER_LENGTH)?FLASH_BOOTLOADER_LENGTH:FLASH_LENGTH
                0x00000034                        OPTION_SETTING_SAS_SIZE = 0x34
                0x0000004c                        OPTION_SETTING_SAS_LENGTH = ! (DEFINED (OPTION_SETTING_LENGTH))?0x0:(OPTION_SETTING_LENGTH == 0x0)?0x0:(OPTION_SETTING_LENGTH - OPTION_SETTING_SAS_SIZE)
START GROUP
LOAD C:/Renesas/RA/e2studio_v2024-07_fsp_v5.5.0/toolchains/gcc_arm/13.2.rel1/bin/../lib/gcc/arm-none-eabi/13.2.1/thumb/v8-m.main+fp/hard\libgcc.a
LOAD C:/Renesas/RA/e2studio_v2024-07_fsp_v5.5.0/toolchains/gcc_arm/13.2.rel1/bin/../lib/gcc/arm-none-eabi/13.2.1/thumb/v8-m.main+fp/hard\libc.a
LOAD C:/Renesas/RA/e2studio_v2024-07_fsp_v5.5.0/toolchains/gcc_arm/13.2.rel1/bin/../lib/gcc/arm-none-eabi/13.2.1/thumb/v8-m.main+fp/hard\libm.a
END GROUP

.text           0x00010000     0xfbe0
                0x00010000                        __tz_FLASH_S = ABSOLUTE (FLASH_START)
                0x00010000                        __ROM_Start = .
 *(.fixed_vectors*)
 .fixed_vectors
                0x00010000       0x40 ./ra/fsp/src/bsp/cmsis/Device/RENESAS/Source/startup.o
                0x00010000                __Vectors
 *(.application_vectors*)
 .application_vectors
                0x00010040      0x180 ./ra_gen/vector_data.o
                0x00010040                g_vector_table
                0x000101c0                        __Vectors_End = .
 *(.flash_gap*)
                0x000101c0                        . = (OPTION_SETTING_LENGTH > 0x0)?.:(__ROM_Start + 0x400)
 *(.rom_registers*)
 *(.mcuboot_sce9_key*)
 *(.text*)
 .text.deregister_tm_clones
                0x000101c0       0x1c C:/Renesas/RA/e2studio_v2024-07_fsp_v5.5.0/toolchains/gcc_arm/13.2.rel1/bin/../lib/gcc/arm-none-eabi/13.2.1/thumb/v8-m.main+fp/hard/crtbegin.o
 .text.register_tm_clones
                0x000101dc       0x28 C:/Renesas/RA/e2studio_v2024-07_fsp_v5.5.0/toolchains/gcc_arm/13.2.rel1/bin/../lib/gcc/arm-none-eabi/13.2.1/thumb/v8-m.main+fp/hard/crtbegin.o
 .text.__do_global_dtors_aux
                0x00010204       0x28 C:/Renesas/RA/e2studio_v2024-07_fsp_v5.5.0/toolchains/gcc_arm/13.2.rel1/bin/../lib/gcc/arm-none-eabi/13.2.1/thumb/v8-m.main+fp/hard/crtbegin.o
 .text.frame_dummy
                0x0001022c       0x24 C:/Renesas/RA/e2studio_v2024-07_fsp_v5.5.0/toolchains/gcc_arm/13.2.rel1/bin/../lib/gcc/arm-none-eabi/13.2.1/thumb/v8-m.main+fp/hard/crtbegin.o
 .text.debug_uart4_callback
                0x00010250       0x3c ./src/uart/nsc_bsp_uart.o
                0x00010250                debug_uart4_callback
 .text.Debug_UART4_Init
                0x0001028c       0x3c ./src/uart/nsc_bsp_uart.o
                0x0001028c                Debug_UART4_Init
 .text._write   0x000102c8       0x38 ./src/uart/nsc_bsp_uart.o
                0x000102c8                _write
 .text._read    0x00010300       0x28 ./src/uart/nsc_bsp_uart.o
                0x00010300                _read
 .text._isatty  0x00010328       0x18 ./src/uart/nsc_bsp_uart.o
                0x00010328                _isatty
 .text._close   0x00010340       0x1c ./src/uart/nsc_bsp_uart.o
                0x00010340                _close
 .text._lseek   0x0001035c       0x14 ./src/uart/nsc_bsp_uart.o
                0x0001035c                _lseek
 .text._fstat   0x00010370       0x1c ./src/uart/nsc_bsp_uart.o
                0x00010370                _fstat
 .text.canfd0_callback
                0x0001038c       0x94 ./src/canfd/nsc_bsp_canfd0.o
                0x0001038c                canfd0_callback
 .text.CANFD0_Init
                0x00010420       0x3c ./src/canfd/nsc_bsp_canfd0.o
                0x00010420                CANFD0_Init
 .text.canfd1_callback
                0x0001045c       0x94 ./src/canfd/nsc_bsp_canfd1.o
                0x0001045c                canfd1_callback
 .text.CANFD1_Init
                0x000104f0       0x3c ./src/canfd/nsc_bsp_canfd1.o
                0x000104f0                CANFD1_Init
 .text.SysTick_Init
                0x0001052c       0x4c ./src/SysTick/bsp_SysTick.o
                0x0001052c                SysTick_Init
 .text.net_thread_entry
                0x00010578      0x208 ./src/net_thread_entry.o
                0x00010578                net_thread_entry
 .text.R_BSP_WarmStart
                0x00010780       0x18 ./src/net_thread_entry.o
                0x00010780                R_BSP_WarmStart
 .text.ulApplicationGetNextSequenceNumber
                0x00010798       0x38 ./src/net_user_app.o
                0x00010798                ulApplicationGetNextSequenceNumber
 .text.vSendPing
                0x000107d0       0x14 ./src/net_user_app.o
                0x000107d0                vSendPing
 .text.vApplicationPingReplyHook
                0x000107e4       0x18 ./src/net_user_app.o
                0x000107e4                vApplicationPingReplyHook
 .text.xApplicationDHCPHook
                0x000107fc       0x4c ./src/net_user_app.o
                0x000107fc                xApplicationDHCPHook
 .text.print_pingResult
                0x00010848       0x30 ./src/net_user_app.o
                0x00010848                print_pingResult
 .text.print_ipconfig
                0x00010878       0xdc ./src/net_user_app.o
                0x00010878                print_ipconfig
 .text.isNetworkUp
                0x00010954       0x28 ./src/net_user_app.o
                0x00010954                isNetworkUp
 .text.updateDhcpResponseToUsr
                0x0001097c       0x28 ./src/net_user_app.o
                0x0001097c                updateDhcpResponseToUsr
 .text.pcApplicationHostnameHook
                0x000109a4        0x8 ./src/net_user_app.o
                0x000109a4                pcApplicationHostnameHook
 .text.vUDPSend
                0x000109ac       0xd4 ./src/net_user_app.o
                0x000109ac                vUDPSend
 .text.g_common_init
                0x00010a80        0x4 ./ra_gen/common_data.o
                0x00010a80                g_common_init
 .text.g_hal_init
                0x00010a84        0x4 ./ra_gen/hal_data.o
                0x00010a84                g_hal_init
 .text.rtos_startup_err_callback_internal
                0x00010a88        0x4 ./ra_gen/main.o
                0x00010a88                rtos_startup_err_callback
                0x00010a88                rtos_startup_err_callback_internal
 .text.rtos_startup_common_init
                0x00010a8c       0x68 ./ra_gen/main.o
                0x00010a8c                rtos_startup_common_init
 .text.startup.main
                0x00010af4       0x44 ./ra_gen/main.o
                0x00010af4                main
 .text.vApplicationGetIdleTaskMemory
                0x00010b38       0x1c ./ra_gen/main.o
                0x00010b38                vApplicationGetIdleTaskMemory
 .text.vApplicationGetTimerTaskMemory
                0x00010b54       0x1c ./ra_gen/main.o
                0x00010b54                vApplicationGetTimerTaskMemory
 .text.net_thread_func
                0x00010b70       0x18 ./ra_gen/net_thread.o
 .text.net_thread_create
                0x00010b88       0x58 ./ra_gen/net_thread.o
                0x00010b88                net_thread_create
 .text.prvTaskExitError
                0x00010be0        0x4 ./ra/fsp/src/rm_freertos_port/port.o
 .text.SVC_Handler
                0x00010be4       0x18 ./ra/fsp/src/rm_freertos_port/port.o
                0x00010be4                SVC_Handler
 .text.vPortAllocateSecureContext
                0x00010bfc        0x4 ./ra/fsp/src/rm_freertos_port/port.o
                0x00010bfc                vPortAllocateSecureContext
 .text.vPortFreeSecureContext
                0x00010c00       0x10 ./ra/fsp/src/rm_freertos_port/port.o
                0x00010c00                vPortFreeSecureContext
 .text.PendSV_Handler
                0x00010c10       0x64 ./ra/fsp/src/rm_freertos_port/port.o
                0x00010c10                PendSV_Handler
 .text.rm_freertos_port_restore_task_stackless
                0x00010c74       0x40 ./ra/fsp/src/rm_freertos_port/port.o
                0x00010c74                rm_freertos_port_restore_task_stackless
 .text.SysTick_Handler
                0x00010cb4       0x38 ./ra/fsp/src/rm_freertos_port/port.o
                0x00010cb4                SysTick_Handler
 .text.vPortSVCHandler_C
                0x00010cec       0x9c ./ra/fsp/src/rm_freertos_port/port.o
                0x00010cec                vPortSVCHandler_C
 .text.pxPortInitialiseStack
                0x00010d88       0x38 ./ra/fsp/src/rm_freertos_port/port.o
                0x00010d88                pxPortInitialiseStack
 .text.vPortEnterCritical
                0x00010dc0       0x50 ./ra/fsp/src/rm_freertos_port/port.o
                0x00010dc0                vPortEnterCritical
 .text.vPortExitCritical
                0x00010e10       0x3c ./ra/fsp/src/rm_freertos_port/port.o
                0x00010e10                vPortExitCritical
 .text.rm_freertos_port_sleep_preserving_lpm
                0x00010e4c       0x6c ./ra/fsp/src/rm_freertos_port/port.o
                0x00010e4c                rm_freertos_port_sleep_preserving_lpm
 .text.vApplicationIdleHook
                0x00010eb8       0x18 ./ra/fsp/src/rm_freertos_port/port.o
                0x00010eb8                vApplicationIdleHook
 .text.vPortSetupTimerInterrupt
                0x00010ed0       0x44 ./ra/fsp/src/rm_freertos_port/port.o
                0x00010ed0                vPortSetupTimerInterrupt
 .text.xPortStartScheduler
                0x00010f14       0x3c ./ra/fsp/src/rm_freertos_port/port.o
                0x00010f14                xPortStartScheduler
 .text.vPortValidateInterruptPriority
                0x00010f50       0x5c ./ra/fsp/src/rm_freertos_port/port.o
                0x00010f50                vPortValidateInterruptPriority
 .text.xFSP_Eth_GetPhyLinkStatus
                0x00010fac       0x1c ./ra/fsp/src/rm_freertos_plus_tcp/NetworkInterface.o
 .text.xFSP_Eth_NetworkInterfaceOutput
                0x00010fc8       0x40 ./ra/fsp/src/rm_freertos_plus_tcp/NetworkInterface.o
 .text.xFSP_Eth_NetworkInterfaceInitialise
                0x00011008       0xc4 ./ra/fsp/src/rm_freertos_plus_tcp/NetworkInterface.o
 .text.prvCheckLinkStatusTask
                0x000110cc       0x64 ./ra/fsp/src/rm_freertos_plus_tcp/NetworkInterface.o
 .text.prvRXHandlerTask
                0x00011130       0x8c ./ra/fsp/src/rm_freertos_plus_tcp/NetworkInterface.o
 .text.vEtherISRCallback
                0x000111bc       0x40 ./ra/fsp/src/rm_freertos_plus_tcp/NetworkInterface.o
                0x000111bc                vEtherISRCallback
 .text.pxFillInterfaceDescriptor
                0x000111fc       0x50 ./ra/fsp/src/rm_freertos_plus_tcp/NetworkInterface.o
                0x000111fc                pxFillInterfaceDescriptor
 .text.xApplicationGetRandomNumber
                0x0001124c       0x1c ./ra/fsp/src/rm_freertos_plus_tcp/NetworkInterface.o
                0x0001124c                xApplicationGetRandomNumber
 .text.bsp_vbatt_init
                0x00011268       0xb4 ./ra/fsp/src/r_ioport/r_ioport.o
 .text.r_ioport_pins_config
                0x0001131c       0xac ./ra/fsp/src/r_ioport/r_ioport.o
 .text.R_IOPORT_Open
                0x000113c8       0x14 ./ra/fsp/src/r_ioport/r_ioport.o
                0x000113c8                R_IOPORT_Open
 .text.R_ETHER_PHY_Close
                0x000113dc       0x14 ./ra/fsp/src/r_ether_phy/r_ether_phy.o
                0x000113dc                R_ETHER_PHY_Close
 .text.ether_phy_mii_write1
                0x000113f0       0x44 ./ra/fsp/src/r_ether_phy/r_ether_phy.o
 .text.ether_phy_mii_write0
                0x00011434       0x44 ./ra/fsp/src/r_ether_phy/r_ether_phy.o
 .text.ether_phy_mii_writez
                0x00011478       0x44 ./ra/fsp/src/r_ether_phy/r_ether_phy.o
 .text.R_ETHER_PHY_Read
                0x000114bc       0xd8 ./ra/fsp/src/r_ether_phy/r_ether_phy.o
                0x000114bc                R_ETHER_PHY_Read
 .text.R_ETHER_PHY_LinkStatusGet
                0x00011594       0x2c ./ra/fsp/src/r_ether_phy/r_ether_phy.o
                0x00011594                R_ETHER_PHY_LinkStatusGet
 .text.R_ETHER_PHY_LinkPartnerAbilityGet
                0x000115c0       0xc4 ./ra/fsp/src/r_ether_phy/r_ether_phy.o
                0x000115c0                R_ETHER_PHY_LinkPartnerAbilityGet
 .text.R_ETHER_PHY_Write
                0x00011684       0x94 ./ra/fsp/src/r_ether_phy/r_ether_phy.o
                0x00011684                R_ETHER_PHY_Write
 .text.R_ETHER_PHY_StartAutoNegotiate
                0x00011718       0x44 ./ra/fsp/src/r_ether_phy/r_ether_phy.o
                0x00011718                R_ETHER_PHY_StartAutoNegotiate
 .text.R_ETHER_PHY_Open
                0x0001175c       0x78 ./ra/fsp/src/r_ether_phy/r_ether_phy.o
                0x0001175c                R_ETHER_PHY_Open
 .text.R_ETHER_PHY_ChipInit
                0x000117d4       0x48 ./ra/fsp/src/r_ether_phy/r_ether_phy.o
                0x000117d4                R_ETHER_PHY_ChipInit
 .text.R_ETHER_RxBufferUpdate
                0x0001181c       0x40 ./ra/fsp/src/r_ether/r_ether.o
                0x0001181c                R_ETHER_RxBufferUpdate
 .text.R_ETHER_TxStatusGet
                0x0001185c       0x38 ./ra/fsp/src/r_ether/r_ether.o
                0x0001185c                R_ETHER_TxStatusGet
 .text.R_ETHER_CallbackSet
                0x00011894       0x10 ./ra/fsp/src/r_ether/r_ether.o
                0x00011894                R_ETHER_CallbackSet
 .text.R_ETHER_Close
                0x000118a4       0x94 ./ra/fsp/src/r_ether/r_ether.o
                0x000118a4                R_ETHER_Close
 .text.ether_init_buffers
                0x00011938       0x34 ./ra/fsp/src/r_ether/r_ether.o
 .text.R_ETHER_Open
                0x0001196c      0x190 ./ra/fsp/src/r_ether/r_ether.o
                0x0001196c                R_ETHER_Open
 .text.R_ETHER_Write
                0x00011afc       0x80 ./ra/fsp/src/r_ether/r_ether.o
                0x00011afc                R_ETHER_Write
 .text.R_ETHER_BufferRelease
                0x00011b7c       0x50 ./ra/fsp/src/r_ether/r_ether.o
                0x00011b7c                R_ETHER_BufferRelease
 .text.ether_do_link
                0x00011bcc      0x164 ./ra/fsp/src/r_ether/r_ether.o
 .text.ether_call_callback.isra.0
                0x00011d30       0x54 ./ra/fsp/src/r_ether/r_ether.o
 .text.ether_configure_mac
                0x00011d84      0x19c ./ra/fsp/src/r_ether/r_ether.o
 .text.R_ETHER_LinkProcess
                0x00011f20      0x108 ./ra/fsp/src/r_ether/r_ether.o
                0x00011f20                R_ETHER_LinkProcess
 .text.R_ETHER_WakeOnLANEnable
                0x00012028       0x44 ./ra/fsp/src/r_ether/r_ether.o
                0x00012028                R_ETHER_WakeOnLANEnable
 .text.R_ETHER_Read
                0x0001206c       0xc8 ./ra/fsp/src/r_ether/r_ether.o
                0x0001206c                R_ETHER_Read
 .text.ether_eint_isr
                0x00012134       0xbc ./ra/fsp/src/r_ether/r_ether.o
                0x00012134                ether_eint_isr
 .text.g_bsp_clock_update_callback
                0x000121f0       0x2c ./ra/fsp/src/bsp/mcu/all/bsp_clocks.o
 .text.SystemCoreClockUpdate
                0x0001221c       0x28 ./ra/fsp/src/bsp/mcu/all/bsp_clocks.o
                0x0001221c                SystemCoreClockUpdate
 .text.bsp_clock_freq_var_init
                0x00012244       0x70 ./ra/fsp/src/bsp/mcu/all/bsp_clocks.o
                0x00012244                bsp_clock_freq_var_init
 .text.bsp_init_internal
                0x000122b4        0x4 ./ra/fsp/src/bsp/mcu/all/bsp_common.o
                0x000122b4                bsp_init_internal
                0x000122b4                bsp_init
 .text.__assert_func
                0x000122b8        0x4 ./ra/fsp/src/bsp/mcu/all/bsp_common.o
                0x000122b8                __assert_func
 .text.bsp_prv_software_delay_loop
                0x000122bc        0xc ./ra/fsp/src/bsp/mcu/all/bsp_delay.o
                0x000122bc                bsp_prv_software_delay_loop
 .text.R_BSP_SoftwareDelay
                0x000122c8       0x58 ./ra/fsp/src/bsp/mcu/all/bsp_delay.o
                0x000122c8                R_BSP_SoftwareDelay
 .text.NMI_Handler
                0x00012320       0x3c ./ra/fsp/src/bsp/mcu/all/bsp_group_irq.o
                0x00012320                NMI_Handler
 .text.bsp_irq_cfg
                0x0001235c       0x30 ./ra/fsp/src/bsp/mcu/all/bsp_irq.o
                0x0001235c                bsp_irq_cfg
 .text.R_BSP_RegisterProtectEnable
                0x0001238c       0x60 ./ra/fsp/src/bsp/mcu/all/bsp_register_protection.o
                0x0001238c                R_BSP_RegisterProtectEnable
 .text.R_BSP_RegisterProtectDisable
                0x000123ec       0x54 ./ra/fsp/src/bsp/mcu/all/bsp_register_protection.o
                0x000123ec                R_BSP_RegisterProtectDisable
 .text._sbrk    0x00012440       0x40 ./ra/fsp/src/bsp/mcu/all/bsp_sbrk.o
                0x00012440                _sbrk
 .text.Default_Handler
                0x00012480        0x4 ./ra/fsp/src/bsp/cmsis/Device/RENESAS/Source/startup.o
                0x00012480                HardFault_Handler
                0x00012480                UsageFault_Handler
                0x00012480                SecureFault_Handler
                0x00012480                Default_Handler
                0x00012480                MemManage_Handler
                0x00012480                BusFault_Handler
                0x00012480                DebugMon_Handler
 .text.Reset_Handler
                0x00012484        0xc ./ra/fsp/src/bsp/cmsis/Device/RENESAS/Source/startup.o
                0x00012484                Reset_Handler
 .text.SystemInit
                0x00012490       0x98 ./ra/fsp/src/bsp/cmsis/Device/RENESAS/Source/system.o
                0x00012490                SystemInit
 .text.prvInsertBlockIntoFreeList
                0x00012528       0x60 ./ra/aws/FreeRTOS/FreeRTOS/Source/portable/MemMang/heap_4.o
 .text.pvPortMalloc
                0x00012588      0x130 ./ra/aws/FreeRTOS/FreeRTOS/Source/portable/MemMang/heap_4.o
                0x00012588                pvPortMalloc
 .text.vPortFree
                0x000126b8       0x84 ./ra/aws/FreeRTOS/FreeRTOS/Source/portable/MemMang/heap_4.o
                0x000126b8                vPortFree
 .text.xEventGroupCreate
                0x0001273c       0x1c ./ra/aws/FreeRTOS/FreeRTOS/Source/event_groups.o
                0x0001273c                xEventGroupCreate
 .text.xEventGroupWaitBits
                0x00012758      0x148 ./ra/aws/FreeRTOS/FreeRTOS/Source/event_groups.o
                0x00012758                xEventGroupWaitBits
 .text.xEventGroupSetBits
                0x000128a0       0x98 ./ra/aws/FreeRTOS/FreeRTOS/Source/event_groups.o
                0x000128a0                xEventGroupSetBits
 .text.vEventGroupDelete
                0x00012938       0x68 ./ra/aws/FreeRTOS/FreeRTOS/Source/event_groups.o
                0x00012938                vEventGroupDelete
 .text.vListInitialise
                0x000129a0       0x18 ./ra/aws/FreeRTOS/FreeRTOS/Source/list.o
                0x000129a0                vListInitialise
 .text.vListInitialiseItem
                0x000129b8        0x8 ./ra/aws/FreeRTOS/FreeRTOS/Source/list.o
                0x000129b8                vListInitialiseItem
 .text.vListInsertEnd
                0x000129c0       0x18 ./ra/aws/FreeRTOS/FreeRTOS/Source/list.o
                0x000129c0                vListInsertEnd
 .text.vListInsert
                0x000129d8       0x30 ./ra/aws/FreeRTOS/FreeRTOS/Source/list.o
                0x000129d8                vListInsert
 .text.uxListRemove
                0x00012a08       0x24 ./ra/aws/FreeRTOS/FreeRTOS/Source/list.o
                0x00012a08                uxListRemove
 .text.prvCopyDataToQueue
                0x00012a2c       0x60 ./ra/aws/FreeRTOS/FreeRTOS/Source/queue.o
 .text.prvUnlockQueue
                0x00012a8c       0x8c ./ra/aws/FreeRTOS/FreeRTOS/Source/queue.o
 .text.xQueueGenericReset
                0x00012b18       0xbc ./ra/aws/FreeRTOS/FreeRTOS/Source/queue.o
                0x00012b18                xQueueGenericReset
 .text.xQueueGenericCreateStatic
                0x00012bd4       0x84 ./ra/aws/FreeRTOS/FreeRTOS/Source/queue.o
                0x00012bd4                xQueueGenericCreateStatic
 .text.xQueueCreateCountingSemaphoreStatic
                0x00012c58       0x7c ./ra/aws/FreeRTOS/FreeRTOS/Source/queue.o
                0x00012c58                xQueueCreateCountingSemaphoreStatic
 .text.xQueueGenericSend
                0x00012cd4      0x198 ./ra/aws/FreeRTOS/FreeRTOS/Source/queue.o
                0x00012cd4                xQueueGenericSend
 .text.xQueueReceive
                0x00012e6c      0x178 ./ra/aws/FreeRTOS/FreeRTOS/Source/queue.o
                0x00012e6c                xQueueReceive
 .text.xQueueSemaphoreTake
                0x00012fe4      0x154 ./ra/aws/FreeRTOS/FreeRTOS/Source/queue.o
                0x00012fe4                xQueueSemaphoreTake
 .text.uxQueueMessagesWaiting
                0x00013138       0x30 ./ra/aws/FreeRTOS/FreeRTOS/Source/queue.o
                0x00013138                uxQueueMessagesWaiting
 .text.vQueueDelete
                0x00013168       0x60 ./ra/aws/FreeRTOS/FreeRTOS/Source/queue.o
                0x00013168                vQueueDelete
 .text.vQueueAddToRegistry
                0x000131c8       0x64 ./ra/aws/FreeRTOS/FreeRTOS/Source/queue.o
                0x000131c8                vQueueAddToRegistry
 .text.vQueueWaitForMessageRestricted
                0x0001322c       0x50 ./ra/aws/FreeRTOS/FreeRTOS/Source/queue.o
                0x0001322c                vQueueWaitForMessageRestricted
 .text.prvAddNewTaskToReadyList
                0x0001327c      0x128 ./ra/aws/FreeRTOS/FreeRTOS/Source/tasks.o
 .text.prvAddCurrentTaskToDelayedList
                0x000133a4       0xa4 ./ra/aws/FreeRTOS/FreeRTOS/Source/tasks.o
 .text.prvInitialiseNewTask.constprop.0
                0x00013448       0x9c ./ra/aws/FreeRTOS/FreeRTOS/Source/tasks.o
 .text.prvIdleTask
                0x000134e4       0x8c ./ra/aws/FreeRTOS/FreeRTOS/Source/tasks.o
 .text.xTaskIncrementTick.part.0
                0x00013570      0x1b8 ./ra/aws/FreeRTOS/FreeRTOS/Source/tasks.o
 .text.xTaskCreateStatic
                0x00013728       0x9c ./ra/aws/FreeRTOS/FreeRTOS/Source/tasks.o
                0x00013728                xTaskCreateStatic
 .text.xTaskCreate
                0x000137c4       0x64 ./ra/aws/FreeRTOS/FreeRTOS/Source/tasks.o
                0x000137c4                xTaskCreate
 .text.vTaskStartScheduler
                0x00013828       0x94 ./ra/aws/FreeRTOS/FreeRTOS/Source/tasks.o
                0x00013828                vTaskStartScheduler
 .text.vTaskSuspendAll
                0x000138bc       0x10 ./ra/aws/FreeRTOS/FreeRTOS/Source/tasks.o
                0x000138bc                vTaskSuspendAll
 .text.xTaskResumeAll
                0x000138cc      0x1d0 ./ra/aws/FreeRTOS/FreeRTOS/Source/tasks.o
                0x000138cc                xTaskResumeAll
 .text.vTaskDelay
                0x00013a9c       0x50 ./ra/aws/FreeRTOS/FreeRTOS/Source/tasks.o
                0x00013a9c                vTaskDelay
 .text.xTaskGetTickCount
                0x00013aec        0xc ./ra/aws/FreeRTOS/FreeRTOS/Source/tasks.o
                0x00013aec                xTaskGetTickCount
 .text.xTaskIncrementTick
                0x00013af8       0x20 ./ra/aws/FreeRTOS/FreeRTOS/Source/tasks.o
                0x00013af8                xTaskIncrementTick
 .text.vTaskSwitchContext
                0x00013b18       0x90 ./ra/aws/FreeRTOS/FreeRTOS/Source/tasks.o
                0x00013b18                vTaskSwitchContext
 .text.vTaskPlaceOnEventList
                0x00013ba8       0x3c ./ra/aws/FreeRTOS/FreeRTOS/Source/tasks.o
                0x00013ba8                vTaskPlaceOnEventList
 .text.vTaskPlaceOnUnorderedEventList
                0x00013be4       0x78 ./ra/aws/FreeRTOS/FreeRTOS/Source/tasks.o
                0x00013be4                vTaskPlaceOnUnorderedEventList
 .text.vTaskPlaceOnEventListRestricted
                0x00013c5c       0x64 ./ra/aws/FreeRTOS/FreeRTOS/Source/tasks.o
                0x00013c5c                vTaskPlaceOnEventListRestricted
 .text.xTaskRemoveFromEventList
                0x00013cc0       0xf0 ./ra/aws/FreeRTOS/FreeRTOS/Source/tasks.o
                0x00013cc0                xTaskRemoveFromEventList
 .text.vTaskRemoveFromUnorderedEventList
                0x00013db0       0xe4 ./ra/aws/FreeRTOS/FreeRTOS/Source/tasks.o
                0x00013db0                vTaskRemoveFromUnorderedEventList
 .text.vTaskSetTimeOutState
                0x00013e94       0x40 ./ra/aws/FreeRTOS/FreeRTOS/Source/tasks.o
                0x00013e94                vTaskSetTimeOutState
 .text.vTaskInternalSetTimeOutState
                0x00013ed4       0x18 ./ra/aws/FreeRTOS/FreeRTOS/Source/tasks.o
                0x00013ed4                vTaskInternalSetTimeOutState
 .text.xTaskCheckForTimeOut
                0x00013eec       0x90 ./ra/aws/FreeRTOS/FreeRTOS/Source/tasks.o
                0x00013eec                xTaskCheckForTimeOut
 .text.vTaskMissedYield
                0x00013f7c        0xc ./ra/aws/FreeRTOS/FreeRTOS/Source/tasks.o
                0x00013f7c                vTaskMissedYield
 .text.xTaskGetCurrentTaskHandle
                0x00013f88        0xc ./ra/aws/FreeRTOS/FreeRTOS/Source/tasks.o
                0x00013f88                xTaskGetCurrentTaskHandle
 .text.xTaskGetSchedulerState
                0x00013f94       0x20 ./ra/aws/FreeRTOS/FreeRTOS/Source/tasks.o
                0x00013f94                xTaskGetSchedulerState
 .text.uxTaskResetEventItemValue
                0x00013fb4       0x18 ./ra/aws/FreeRTOS/FreeRTOS/Source/tasks.o
                0x00013fb4                uxTaskResetEventItemValue
 .text.ulTaskGenericNotifyTake
                0x00013fcc       0x88 ./ra/aws/FreeRTOS/FreeRTOS/Source/tasks.o
                0x00013fcc                ulTaskGenericNotifyTake
 .text.vTaskGenericNotifyGiveFromISR
                0x00014054      0x12c ./ra/aws/FreeRTOS/FreeRTOS/Source/tasks.o
                0x00014054                vTaskGenericNotifyGiveFromISR
 .text.prvCheckForValidListAndQueue
                0x00014180       0x6c ./ra/aws/FreeRTOS/FreeRTOS/Source/timers.o
 .text.prvProcessExpiredTimer
                0x000141ec       0x90 ./ra/aws/FreeRTOS/FreeRTOS/Source/timers.o
 .text.prvTimerTask
                0x0001427c      0x250 ./ra/aws/FreeRTOS/FreeRTOS/Source/timers.o
 .text.xTimerCreateTimerTask
                0x000144cc       0x6c ./ra/aws/FreeRTOS/FreeRTOS/Source/timers.o
                0x000144cc                xTimerCreateTimerTask
 .text.xNetworkBuffersInitialise
                0x00014538       0x98 ./ra/aws/FreeRTOS/FreeRTOS-Plus/Source/FreeRTOS-Plus-TCP/source/portable/BufferManagement/BufferAllocation_2.o
                0x00014538                xNetworkBuffersInitialise
 .text.vReleaseNetworkBufferAndDescriptor
                0x000145d0       0x4c ./ra/aws/FreeRTOS/FreeRTOS-Plus/Source/FreeRTOS-Plus-TCP/source/portable/BufferManagement/BufferAllocation_2.o
                0x000145d0                vReleaseNetworkBufferAndDescriptor
 .text.pxGetNetworkBufferWithDescriptor
                0x0001461c       0xc4 ./ra/aws/FreeRTOS/FreeRTOS-Plus/Source/FreeRTOS-Plus-TCP/source/portable/BufferManagement/BufferAllocation_2.o
                0x0001461c                pxGetNetworkBufferWithDescriptor
 .text.uxGetNumberOfFreeNetworkBuffers
                0x000146e0        0xc ./ra/aws/FreeRTOS/FreeRTOS-Plus/Source/FreeRTOS-Plus-TCP/source/portable/BufferManagement/BufferAllocation_2.o
                0x000146e0                uxGetNumberOfFreeNetworkBuffers
 .text.vARPRefreshCacheEntry.part.0
                0x000146ec      0x154 ./ra/aws/FreeRTOS/FreeRTOS-Plus/Source/FreeRTOS-Plus-TCP/source/FreeRTOS_ARP.o
 .text.vARPRefreshCacheEntryAge
                0x00014840       0x44 ./ra/aws/FreeRTOS/FreeRTOS-Plus/Source/FreeRTOS-Plus-TCP/source/FreeRTOS_ARP.o
                0x00014840                vARPRefreshCacheEntryAge
 .text.vARPRefreshCacheEntry
                0x00014884       0x24 ./ra/aws/FreeRTOS/FreeRTOS-Plus/Source/FreeRTOS-Plus-TCP/source/FreeRTOS_ARP.o
                0x00014884                vARPRefreshCacheEntry
 .text.eARPGetCacheEntry
                0x000148a8      0x130 ./ra/aws/FreeRTOS/FreeRTOS-Plus/Source/FreeRTOS-Plus-TCP/source/FreeRTOS_ARP.o
                0x000148a8                eARPGetCacheEntry
 .text.vARPSendGratuitous
                0x000149d8       0x10 ./ra/aws/FreeRTOS/FreeRTOS-Plus/Source/FreeRTOS-Plus-TCP/source/FreeRTOS_ARP.o
                0x000149d8                vARPSendGratuitous
 .text.vARPGenerateRequestPacket
                0x000149e8       0xc0 ./ra/aws/FreeRTOS/FreeRTOS-Plus/Source/FreeRTOS-Plus-TCP/source/FreeRTOS_ARP.o
                0x000149e8                vARPGenerateRequestPacket
 .text.FreeRTOS_OutputARPRequest_Multi.part.0
                0x00014aa8       0x5c ./ra/aws/FreeRTOS/FreeRTOS-Plus/Source/FreeRTOS-Plus-TCP/source/FreeRTOS_ARP.o
 .text.FreeRTOS_OutputARPRequest_Multi
                0x00014b04       0x14 ./ra/aws/FreeRTOS/FreeRTOS-Plus/Source/FreeRTOS-Plus-TCP/source/FreeRTOS_ARP.o
                0x00014b04                FreeRTOS_OutputARPRequest_Multi
 .text.eARPProcessPacket
                0x00014b18      0x220 ./ra/aws/FreeRTOS/FreeRTOS-Plus/Source/FreeRTOS-Plus-TCP/source/FreeRTOS_ARP.o
                0x00014b18                eARPProcessPacket
 .text.FreeRTOS_OutputARPRequest
                0x00014d38       0x24 ./ra/aws/FreeRTOS/FreeRTOS-Plus/Source/FreeRTOS-Plus-TCP/source/FreeRTOS_ARP.o
                0x00014d38                FreeRTOS_OutputARPRequest
 .text.vARPAgeCache
                0x00014d5c       0xa0 ./ra/aws/FreeRTOS/FreeRTOS-Plus/Source/FreeRTOS-Plus-TCP/source/FreeRTOS_ARP.o
                0x00014d5c                vARPAgeCache
 .text.xCheckRequiresARPResolution
                0x00014dfc       0x60 ./ra/aws/FreeRTOS/FreeRTOS-Plus/Source/FreeRTOS-Plus-TCP/source/FreeRTOS_ARP.o
                0x00014dfc                xCheckRequiresARPResolution
 .text.FreeRTOS_ClearARP
                0x00014e5c       0x34 ./ra/aws/FreeRTOS/FreeRTOS-Plus/Source/FreeRTOS-Plus-TCP/source/FreeRTOS_ARP.o
                0x00014e5c                FreeRTOS_ClearARP
 .text.prvProcessDHCPReplies
                0x00014e90      0x2b0 ./ra/aws/FreeRTOS/FreeRTOS-Plus/Source/FreeRTOS-Plus-TCP/source/FreeRTOS_DHCP.o
 .text.prvCreatePartDHCPMessage.constprop.0
                0x00015140      0x104 ./ra/aws/FreeRTOS/FreeRTOS-Plus/Source/FreeRTOS-Plus-TCP/source/FreeRTOS_DHCP.o
 .text.prvSendDHCPRequest
                0x00015244       0x7c ./ra/aws/FreeRTOS/FreeRTOS-Plus/Source/FreeRTOS-Plus-TCP/source/FreeRTOS_DHCP.o
 .text.prvSendDHCPDiscover
                0x000152c0       0xac ./ra/aws/FreeRTOS/FreeRTOS-Plus/Source/FreeRTOS-Plus-TCP/source/FreeRTOS_DHCP.o
 .text.prvCreateDHCPSocket
                0x0001536c       0xe0 ./ra/aws/FreeRTOS/FreeRTOS-Plus/Source/FreeRTOS-Plus-TCP/source/FreeRTOS_DHCP.o
 .text.vDHCPProcessEndPoint
                0x0001544c      0x3cc ./ra/aws/FreeRTOS/FreeRTOS-Plus/Source/FreeRTOS-Plus-TCP/source/FreeRTOS_DHCP.o
 .text.xIsDHCPSocket
                0x00015818       0x14 ./ra/aws/FreeRTOS/FreeRTOS-Plus/Source/FreeRTOS-Plus-TCP/source/FreeRTOS_DHCP.o
                0x00015818                xIsDHCPSocket
 .text.vDHCPProcess
                0x0001582c      0x114 ./ra/aws/FreeRTOS/FreeRTOS-Plus/Source/FreeRTOS-Plus-TCP/source/FreeRTOS_DHCP.o
                0x0001582c                vDHCPProcess
 .text.vDHCPStop
                0x00015940       0x40 ./ra/aws/FreeRTOS/FreeRTOS-Plus/Source/FreeRTOS-Plus-TCP/source/FreeRTOS_DHCP.o
                0x00015940                vDHCPStop
 .text.FreeRTOS_dnsclear
                0x00015980       0x20 ./ra/aws/FreeRTOS/FreeRTOS-Plus/Source/FreeRTOS-Plus-TCP/source/FreeRTOS_DNS_Cache.o
                0x00015980                FreeRTOS_dnsclear
 .text.ProcessICMPPacket
                0x000159a0       0xb4 ./ra/aws/FreeRTOS/FreeRTOS-Plus/Source/FreeRTOS-Plus-TCP/source/FreeRTOS_ICMP.o
                0x000159a0                ProcessICMPPacket
 .text.FreeRTOS_GetIPTaskHandle
                0x00015a54        0xc ./ra/aws/FreeRTOS/FreeRTOS-Plus/Source/FreeRTOS-Plus-TCP/source/FreeRTOS_IP.o
                0x00015a54                FreeRTOS_GetIPTaskHandle
 .text.vIPNetworkUpCalls
                0x00015a60       0x18 ./ra/aws/FreeRTOS/FreeRTOS-Plus/Source/FreeRTOS-Plus-TCP/source/FreeRTOS_IP.o
                0x00015a60                vIPNetworkUpCalls
 .text.FreeRTOS_NetworkDown
                0x00015a78       0x48 ./ra/aws/FreeRTOS/FreeRTOS-Plus/Source/FreeRTOS-Plus-TCP/source/FreeRTOS_IP.o
                0x00015a78                FreeRTOS_NetworkDown
 .text.FreeRTOS_IPInit_Multi
                0x00015ac0       0xb0 ./ra/aws/FreeRTOS/FreeRTOS-Plus/Source/FreeRTOS-Plus-TCP/source/FreeRTOS_IP.o
                0x00015ac0                FreeRTOS_IPInit_Multi
 .text.FreeRTOS_IPInit
                0x00015b70       0x54 ./ra/aws/FreeRTOS/FreeRTOS-Plus/Source/FreeRTOS-Plus-TCP/source/FreeRTOS_IP.o
                0x00015b70                FreeRTOS_IPInit
 .text.FreeRTOS_ReleaseUDPPayloadBuffer
                0x00015bc4       0x2c ./ra/aws/FreeRTOS/FreeRTOS-Plus/Source/FreeRTOS-Plus-TCP/source/FreeRTOS_IP.o
                0x00015bc4                FreeRTOS_ReleaseUDPPayloadBuffer
 .text.xSendEventToIPTask
                0x00015bf0       0x50 ./ra/aws/FreeRTOS/FreeRTOS-Plus/Source/FreeRTOS-Plus-TCP/source/FreeRTOS_IP.o
                0x00015bf0                xSendEventToIPTask
 .text.xSendEventStructToIPTask
                0x00015c40       0x54 ./ra/aws/FreeRTOS/FreeRTOS-Plus/Source/FreeRTOS-Plus-TCP/source/FreeRTOS_IP.o
                0x00015c40                xSendEventStructToIPTask
 .text.FreeRTOS_SendPingRequest
                0x00015c94       0xb0 ./ra/aws/FreeRTOS/FreeRTOS-Plus/Source/FreeRTOS-Plus-TCP/source/FreeRTOS_IP.o
                0x00015c94                FreeRTOS_SendPingRequest
 .text.eConsiderFrameForProcessing
                0x00015d44       0x48 ./ra/aws/FreeRTOS/FreeRTOS-Plus/Source/FreeRTOS-Plus-TCP/source/FreeRTOS_IP.o
                0x00015d44                eConsiderFrameForProcessing
 .text.vReturnEthernetFrame
                0x00015d8c       0xe0 ./ra/aws/FreeRTOS/FreeRTOS-Plus/Source/FreeRTOS-Plus-TCP/source/FreeRTOS_IP.o
                0x00015d8c                vReturnEthernetFrame
 .text.prvIPTask
                0x00015e6c      0x360 ./ra/aws/FreeRTOS/FreeRTOS-Plus/Source/FreeRTOS-Plus-TCP/source/FreeRTOS_IP.o
 .text.FreeRTOS_GetGatewayAddress
                0x000161cc       0x10 ./ra/aws/FreeRTOS/FreeRTOS-Plus/Source/FreeRTOS-Plus-TCP/source/FreeRTOS_IP.o
                0x000161cc                FreeRTOS_GetGatewayAddress
 .text.FreeRTOS_GetDNSServerAddress
                0x000161dc       0x10 ./ra/aws/FreeRTOS/FreeRTOS-Plus/Source/FreeRTOS-Plus-TCP/source/FreeRTOS_IP.o
                0x000161dc                FreeRTOS_GetDNSServerAddress
 .text.FreeRTOS_GetNetmask
                0x000161ec       0x10 ./ra/aws/FreeRTOS/FreeRTOS-Plus/Source/FreeRTOS-Plus-TCP/source/FreeRTOS_IP.o
                0x000161ec                FreeRTOS_GetNetmask
 .text.xIPIsNetworkTaskReady
                0x000161fc        0xc ./ra/aws/FreeRTOS/FreeRTOS-Plus/Source/FreeRTOS-Plus-TCP/source/FreeRTOS_IP.o
                0x000161fc                xIPIsNetworkTaskReady
 .text.FreeRTOS_IsNetworkUp
                0x00016208       0x24 ./ra/aws/FreeRTOS/FreeRTOS-Plus/Source/FreeRTOS-Plus-TCP/source/FreeRTOS_IP.o
                0x00016208                FreeRTOS_IsNetworkUp
 .text.FreeRTOS_IsEndPointUp
                0x0001622c       0x30 ./ra/aws/FreeRTOS/FreeRTOS-Plus/Source/FreeRTOS-Plus-TCP/source/FreeRTOS_IP.o
                0x0001622c                FreeRTOS_IsEndPointUp
 .text.uxIPHeaderSizePacket
                0x0001625c       0x14 ./ra/aws/FreeRTOS/FreeRTOS-Plus/Source/FreeRTOS-Plus-TCP/source/FreeRTOS_IP.o
                0x0001625c                uxIPHeaderSizePacket
 .text.uxIPHeaderSizeSocket
                0x00016270       0x14 ./ra/aws/FreeRTOS/FreeRTOS-Plus/Source/FreeRTOS-Plus-TCP/source/FreeRTOS_IP.o
                0x00016270                uxIPHeaderSizeSocket
 .text.prvIPTimerCheck
                0x00016284       0x54 ./ra/aws/FreeRTOS/FreeRTOS-Plus/Source/FreeRTOS-Plus-TCP/source/FreeRTOS_IP_Timers.o
 .text.xCalculateSleepTime
                0x000162d8       0x58 ./ra/aws/FreeRTOS/FreeRTOS-Plus/Source/FreeRTOS-Plus-TCP/source/FreeRTOS_IP_Timers.o
                0x000162d8                xCalculateSleepTime
 .text.vCheckNetworkTimers
                0x00016330      0x11c ./ra/aws/FreeRTOS/FreeRTOS-Plus/Source/FreeRTOS-Plus-TCP/source/FreeRTOS_IP_Timers.o
                0x00016330                vCheckNetworkTimers
 .text.vIPTimerStartARPResolution
                0x0001644c       0x30 ./ra/aws/FreeRTOS/FreeRTOS-Plus/Source/FreeRTOS-Plus-TCP/source/FreeRTOS_IP_Timers.o
                0x0001644c                vIPTimerStartARPResolution
 .text.vTCPTimerReload
                0x0001647c       0x2c ./ra/aws/FreeRTOS/FreeRTOS-Plus/Source/FreeRTOS-Plus-TCP/source/FreeRTOS_IP_Timers.o
                0x0001647c                vTCPTimerReload
 .text.vARPTimerReload
                0x000164a8       0x2c ./ra/aws/FreeRTOS/FreeRTOS-Plus/Source/FreeRTOS-Plus-TCP/source/FreeRTOS_IP_Timers.o
                0x000164a8                vARPTimerReload
 .text.vDHCP_RATimerReload
                0x000164d4       0x2c ./ra/aws/FreeRTOS/FreeRTOS-Plus/Source/FreeRTOS-Plus-TCP/source/FreeRTOS_IP_Timers.o
                0x000164d4                vDHCP_RATimerReload
 .text.vNetworkTimerReload
                0x00016500       0x2c ./ra/aws/FreeRTOS/FreeRTOS-Plus/Source/FreeRTOS-Plus-TCP/source/FreeRTOS_IP_Timers.o
                0x00016500                vNetworkTimerReload
 .text.vIPSetTCPTimerExpiredState
                0x0001652c       0x20 ./ra/aws/FreeRTOS/FreeRTOS-Plus/Source/FreeRTOS-Plus-TCP/source/FreeRTOS_IP_Timers.o
                0x0001652c                vIPSetTCPTimerExpiredState
 .text.vIPSetARPTimerEnableState
                0x0001654c       0x18 ./ra/aws/FreeRTOS/FreeRTOS-Plus/Source/FreeRTOS-Plus-TCP/source/FreeRTOS_IP_Timers.o
                0x0001654c                vIPSetARPTimerEnableState
 .text.vIPSetARPResolutionTimerEnableState
                0x00016564       0x18 ./ra/aws/FreeRTOS/FreeRTOS-Plus/Source/FreeRTOS-Plus-TCP/source/FreeRTOS_IP_Timers.o
                0x00016564                vIPSetARPResolutionTimerEnableState
 .text.vIPSetDHCP_RATimerEnableState
                0x0001657c       0x14 ./ra/aws/FreeRTOS/FreeRTOS-Plus/Source/FreeRTOS-Plus-TCP/source/FreeRTOS_IP_Timers.o
                0x0001657c                vIPSetDHCP_RATimerEnableState
 .text.vSetAllNetworksUp
                0x00016590        0xc ./ra/aws/FreeRTOS/FreeRTOS-Plus/Source/FreeRTOS-Plus-TCP/source/FreeRTOS_IP_Timers.o
                0x00016590                vSetAllNetworksUp
 .text.prvSetChecksumInPacket
                0x0001659c       0x2c ./ra/aws/FreeRTOS/FreeRTOS-Plus/Source/FreeRTOS-Plus-TCP/source/FreeRTOS_IP_Utils.o
 .text.xSendDHCPEvent
                0x000165c8       0x24 ./ra/aws/FreeRTOS/FreeRTOS-Plus/Source/FreeRTOS-Plus-TCP/source/FreeRTOS_IP_Utils.o
                0x000165c8                xSendDHCPEvent
 .text.pxUDPPayloadBuffer_to_NetworkBuffer
                0x000165ec       0x38 ./ra/aws/FreeRTOS/FreeRTOS-Plus/Source/FreeRTOS-Plus-TCP/source/FreeRTOS_IP_Utils.o
                0x000165ec                pxUDPPayloadBuffer_to_NetworkBuffer
 .text.xIsCallingFromIPTask
                0x00016624       0x18 ./ra/aws/FreeRTOS/FreeRTOS-Plus/Source/FreeRTOS-Plus-TCP/source/FreeRTOS_IP_Utils.o
                0x00016624                xIsCallingFromIPTask
 .text.prvProcessNetworkDownEvent
                0x0001663c      0x104 ./ra/aws/FreeRTOS/FreeRTOS-Plus/Source/FreeRTOS-Plus-TCP/source/FreeRTOS_IP_Utils.o
                0x0001663c                prvProcessNetworkDownEvent
 .text.vPreCheckConfigs
                0x00016740       0x58 ./ra/aws/FreeRTOS/FreeRTOS-Plus/Source/FreeRTOS-Plus-TCP/source/FreeRTOS_IP_Utils.o
                0x00016740                vPreCheckConfigs
 .text.usGenerateChecksum
                0x00016798      0x12c ./ra/aws/FreeRTOS/FreeRTOS-Plus/Source/FreeRTOS-Plus-TCP/source/FreeRTOS_IP_Utils.o
                0x00016798                usGenerateChecksum
 .text.usGenerateProtocolChecksum
                0x000168c4      0x188 ./ra/aws/FreeRTOS/FreeRTOS-Plus/Source/FreeRTOS-Plus-TCP/source/FreeRTOS_IP_Utils.o
                0x000168c4                usGenerateProtocolChecksum
 .text.FreeRTOS_min_int32
                0x00016a4c        0x8 ./ra/aws/FreeRTOS/FreeRTOS-Plus/Source/FreeRTOS-Plus-TCP/source/FreeRTOS_IP_Utils.o
                0x00016a4c                FreeRTOS_min_int32
 .text.FreeRTOS_min_uint32
                0x00016a54        0x8 ./ra/aws/FreeRTOS/FreeRTOS-Plus/Source/FreeRTOS-Plus-TCP/source/FreeRTOS_IP_Utils.o
                0x00016a54                FreeRTOS_min_uint32
 .text.FreeRTOS_min_size_t
                0x00016a5c        0x8 ./ra/aws/FreeRTOS/FreeRTOS-Plus/Source/FreeRTOS-Plus-TCP/source/FreeRTOS_IP_Utils.o
                0x00016a5c                FreeRTOS_min_size_t
 .text.FreeRTOS_round_up
                0x00016a64       0x2c ./ra/aws/FreeRTOS/FreeRTOS-Plus/Source/FreeRTOS-Plus-TCP/source/FreeRTOS_IP_Utils.o
                0x00016a64                FreeRTOS_round_up
 .text.usChar2u16
                0x00016a90        0x8 ./ra/aws/FreeRTOS/FreeRTOS-Plus/Source/FreeRTOS-Plus-TCP/source/FreeRTOS_IP_Utils.o
                0x00016a90                usChar2u16
 .text.xIsIPv4Multicast
                0x00016a98       0x14 ./ra/aws/FreeRTOS/FreeRTOS-Plus/Source/FreeRTOS-Plus-TCP/source/FreeRTOS_IPv4.o
                0x00016a98                xIsIPv4Multicast
 .text.xBadIPv4Loopback
                0x00016aac       0x28 ./ra/aws/FreeRTOS/FreeRTOS-Plus/Source/FreeRTOS-Plus-TCP/source/FreeRTOS_IPv4.o
                0x00016aac                xBadIPv4Loopback
 .text.prvAllowIPPacketIPv4
                0x00016ad4      0x120 ./ra/aws/FreeRTOS/FreeRTOS-Plus/Source/FreeRTOS-Plus-TCP/source/FreeRTOS_IPv4.o
                0x00016ad4                prvAllowIPPacketIPv4
 .text.prvCheckIP4HeaderOptions
                0x00016bf4       0x4c ./ra/aws/FreeRTOS/FreeRTOS-Plus/Source/FreeRTOS-Plus-TCP/source/FreeRTOS_IPv4.o
                0x00016bf4                prvCheckIP4HeaderOptions
 .text.FreeRTOS_inet_pton4
                0x00016c40       0x94 ./ra/aws/FreeRTOS/FreeRTOS-Plus/Source/FreeRTOS-Plus-TCP/source/FreeRTOS_IPv4_Sockets.o
                0x00016c40                FreeRTOS_inet_pton4
 .text.xSend_UDP_Update_IPv4
                0x00016cd4       0x1c ./ra/aws/FreeRTOS/FreeRTOS-Plus/Source/FreeRTOS-Plus-TCP/source/FreeRTOS_IPv4_Sockets.o
                0x00016cd4                xSend_UDP_Update_IPv4
 .text.xRecv_Update_IPv4
                0x00016cf0       0x14 ./ra/aws/FreeRTOS/FreeRTOS-Plus/Source/FreeRTOS-Plus-TCP/source/FreeRTOS_IPv4_Sockets.o
                0x00016cf0                xRecv_Update_IPv4
 .text.vSetMultiCastIPv4MacAddress
                0x00016d04       0x1c ./ra/aws/FreeRTOS/FreeRTOS-Plus/Source/FreeRTOS-Plus-TCP/source/FreeRTOS_IPv4_Utils.o
                0x00016d04                vSetMultiCastIPv4MacAddress
 .text.prvChecksumIPv4Checks
                0x00016d20       0x84 ./ra/aws/FreeRTOS/FreeRTOS-Plus/Source/FreeRTOS-Plus-TCP/source/FreeRTOS_IPv4_Utils.o
                0x00016d20                prvChecksumIPv4Checks
 .text.FreeRTOS_FillEndPoint
                0x00016da4       0xa4 ./ra/aws/FreeRTOS/FreeRTOS-Plus/Source/FreeRTOS-Plus-TCP/source/FreeRTOS_Routing.o
                0x00016da4                FreeRTOS_FillEndPoint
 .text.FreeRTOS_AddNetworkInterface
                0x00016e48       0x24 ./ra/aws/FreeRTOS/FreeRTOS-Plus/Source/FreeRTOS-Plus-TCP/source/FreeRTOS_Routing.o
                0x00016e48                FreeRTOS_AddNetworkInterface
 .text.FreeRTOS_FirstNetworkInterface
                0x00016e6c        0xc ./ra/aws/FreeRTOS/FreeRTOS-Plus/Source/FreeRTOS-Plus-TCP/source/FreeRTOS_Routing.o
                0x00016e6c                FreeRTOS_FirstNetworkInterface
 .text.FreeRTOS_NextNetworkInterface
                0x00016e78        0x8 ./ra/aws/FreeRTOS/FreeRTOS-Plus/Source/FreeRTOS-Plus-TCP/source/FreeRTOS_Routing.o
                0x00016e78                FreeRTOS_NextNetworkInterface
 .text.FreeRTOS_FirstEndPoint
                0x00016e80       0x20 ./ra/aws/FreeRTOS/FreeRTOS-Plus/Source/FreeRTOS-Plus-TCP/source/FreeRTOS_Routing.o
                0x00016e80                FreeRTOS_FirstEndPoint
 .text.FreeRTOS_NextEndPoint
                0x00016ea0       0x44 ./ra/aws/FreeRTOS/FreeRTOS-Plus/Source/FreeRTOS-Plus-TCP/source/FreeRTOS_Routing.o
                0x00016ea0                FreeRTOS_NextEndPoint
 .text.FreeRTOS_FindEndPointOnIP_IPv4
                0x00016ee4       0x48 ./ra/aws/FreeRTOS/FreeRTOS-Plus/Source/FreeRTOS-Plus-TCP/source/FreeRTOS_Routing.o
                0x00016ee4                FreeRTOS_FindEndPointOnIP_IPv4
 .text.FreeRTOS_FindEndPointOnMAC
                0x00016f2c       0x54 ./ra/aws/FreeRTOS/FreeRTOS-Plus/Source/FreeRTOS-Plus-TCP/source/FreeRTOS_Routing.o
                0x00016f2c                FreeRTOS_FindEndPointOnMAC
 .text.FreeRTOS_InterfaceEndPointOnNetMask
                0x00016f80       0x5c ./ra/aws/FreeRTOS/FreeRTOS-Plus/Source/FreeRTOS-Plus-TCP/source/FreeRTOS_Routing.o
                0x00016f80                FreeRTOS_InterfaceEndPointOnNetMask
 .text.FreeRTOS_FindEndPointOnNetMask
                0x00016fdc        0xc ./ra/aws/FreeRTOS/FreeRTOS-Plus/Source/FreeRTOS-Plus-TCP/source/FreeRTOS_Routing.o
                0x00016fdc                FreeRTOS_FindEndPointOnNetMask
 .text.pxEasyFit
                0x00016fe8       0xd4 ./ra/aws/FreeRTOS/FreeRTOS-Plus/Source/FreeRTOS-Plus-TCP/source/FreeRTOS_Routing.o
                0x00016fe8                pxEasyFit
 .text.FreeRTOS_MatchingEndpoint
                0x000170bc       0xb4 ./ra/aws/FreeRTOS/FreeRTOS-Plus/Source/FreeRTOS-Plus-TCP/source/FreeRTOS_Routing.o
                0x000170bc                FreeRTOS_MatchingEndpoint
 .text.FreeRTOS_FindGateWay
                0x00017170       0x1c ./ra/aws/FreeRTOS/FreeRTOS-Plus/Source/FreeRTOS-Plus-TCP/source/FreeRTOS_Routing.o
                0x00017170                FreeRTOS_FindGateWay
 .text.prvTCPCreateStream
                0x0001718c       0xc0 ./ra/aws/FreeRTOS/FreeRTOS-Plus/Source/FreeRTOS-Plus-TCP/source/FreeRTOS_Sockets.o
 .text.vNetworkSocketsInit
                0x0001724c       0x1c ./ra/aws/FreeRTOS/FreeRTOS-Plus/Source/FreeRTOS-Plus-TCP/source/FreeRTOS_Sockets.o
                0x0001724c                vNetworkSocketsInit
 .text.FreeRTOS_socket
                0x00017268      0x18c ./ra/aws/FreeRTOS/FreeRTOS-Plus/Source/FreeRTOS-Plus-TCP/source/FreeRTOS_Sockets.o
                0x00017268                FreeRTOS_socket
 .text.FreeRTOS_recvfrom
                0x000173f4       0xe4 ./ra/aws/FreeRTOS/FreeRTOS-Plus/Source/FreeRTOS-Plus-TCP/source/FreeRTOS_Sockets.o
                0x000173f4                FreeRTOS_recvfrom
 .text.FreeRTOS_bind
                0x000174d8       0xc0 ./ra/aws/FreeRTOS/FreeRTOS-Plus/Source/FreeRTOS-Plus-TCP/source/FreeRTOS_Sockets.o
                0x000174d8                FreeRTOS_bind
 .text.FreeRTOS_sendto
                0x00017598      0x17c ./ra/aws/FreeRTOS/FreeRTOS-Plus/Source/FreeRTOS-Plus-TCP/source/FreeRTOS_Sockets.o
                0x00017598                FreeRTOS_sendto
 .text.vSocketBind
                0x00017714      0x148 ./ra/aws/FreeRTOS/FreeRTOS-Plus/Source/FreeRTOS-Plus-TCP/source/FreeRTOS_Sockets.o
                0x00017714                vSocketBind
 .text.vSocketClose
                0x0001785c       0xcc ./ra/aws/FreeRTOS/FreeRTOS-Plus/Source/FreeRTOS-Plus-TCP/source/FreeRTOS_Sockets.o
                0x0001785c                vSocketClose
 .text.FreeRTOS_setsockopt
                0x00017928      0x208 ./ra/aws/FreeRTOS/FreeRTOS-Plus/Source/FreeRTOS-Plus-TCP/source/FreeRTOS_Sockets.o
                0x00017928                FreeRTOS_setsockopt
 .text.pxUDPSocketLookup
                0x00017b30       0x4c ./ra/aws/FreeRTOS/FreeRTOS-Plus/Source/FreeRTOS-Plus-TCP/source/FreeRTOS_Sockets.o
                0x00017b30                pxUDPSocketLookup
 .text.FreeRTOS_inet_addr
                0x00017b7c       0x18 ./ra/aws/FreeRTOS/FreeRTOS-Plus/Source/FreeRTOS-Plus-TCP/source/FreeRTOS_Sockets.o
                0x00017b7c                FreeRTOS_inet_addr
 .text.FreeRTOS_GetLocalAddress
                0x00017b94       0x1c ./ra/aws/FreeRTOS/FreeRTOS-Plus/Source/FreeRTOS-Plus-TCP/source/FreeRTOS_Sockets.o
                0x00017b94                FreeRTOS_GetLocalAddress
 .text.vSocketWakeUpUser
                0x00017bb0       0x24 ./ra/aws/FreeRTOS/FreeRTOS-Plus/Source/FreeRTOS-Plus-TCP/source/FreeRTOS_Sockets.o
                0x00017bb0                vSocketWakeUpUser
 .text.FreeRTOS_listen
                0x00017bd4       0x88 ./ra/aws/FreeRTOS/FreeRTOS-Plus/Source/FreeRTOS-Plus-TCP/source/FreeRTOS_Sockets.o
                0x00017bd4                FreeRTOS_listen
 .text.xTCPTimerCheck
                0x00017c5c       0xa8 ./ra/aws/FreeRTOS/FreeRTOS-Plus/Source/FreeRTOS-Plus-TCP/source/FreeRTOS_Sockets.o
                0x00017c5c                xTCPTimerCheck
 .text.pxTCPSocketLookup
                0x00017d04       0x64 ./ra/aws/FreeRTOS/FreeRTOS-Plus/Source/FreeRTOS-Plus-TCP/source/FreeRTOS_Sockets.o
                0x00017d04                pxTCPSocketLookup
 .text.lTCPAddRxdata
                0x00017d68       0x74 ./ra/aws/FreeRTOS/FreeRTOS-Plus/Source/FreeRTOS-Plus-TCP/source/FreeRTOS_Sockets.o
                0x00017d68                lTCPAddRxdata
 .text.xSocketValid
                0x00017ddc        0xc ./ra/aws/FreeRTOS/FreeRTOS-Plus/Source/FreeRTOS-Plus-TCP/source/FreeRTOS_Sockets.o
                0x00017ddc                xSocketValid
 .text.uxStreamBufferDistance
                0x00017de8        0xc ./ra/aws/FreeRTOS/FreeRTOS-Plus/Source/FreeRTOS-Plus-TCP/source/FreeRTOS_Stream_Buffer.o
                0x00017de8                uxStreamBufferDistance
 .text.uxStreamBufferGetSpace
                0x00017df4       0x14 ./ra/aws/FreeRTOS/FreeRTOS-Plus/Source/FreeRTOS-Plus-TCP/source/FreeRTOS_Stream_Buffer.o
                0x00017df4                uxStreamBufferGetSpace
 .text.uxStreamBufferFrontSpace
                0x00017e08       0x14 ./ra/aws/FreeRTOS/FreeRTOS-Plus/Source/FreeRTOS-Plus-TCP/source/FreeRTOS_Stream_Buffer.o
                0x00017e08                uxStreamBufferFrontSpace
 .text.uxStreamBufferGetSize
                0x00017e1c       0x14 ./ra/aws/FreeRTOS/FreeRTOS-Plus/Source/FreeRTOS-Plus-TCP/source/FreeRTOS_Stream_Buffer.o
                0x00017e1c                uxStreamBufferGetSize
 .text.uxStreamBufferMidSpace
                0x00017e30       0x14 ./ra/aws/FreeRTOS/FreeRTOS-Plus/Source/FreeRTOS-Plus-TCP/source/FreeRTOS_Stream_Buffer.o
                0x00017e30                uxStreamBufferMidSpace
 .text.vStreamBufferClear
                0x00017e44        0xc ./ra/aws/FreeRTOS/FreeRTOS-Plus/Source/FreeRTOS-Plus-TCP/source/FreeRTOS_Stream_Buffer.o
                0x00017e44                vStreamBufferClear
 .text.vStreamBufferMoveMid
                0x00017e50       0x2c ./ra/aws/FreeRTOS/FreeRTOS-Plus/Source/FreeRTOS-Plus-TCP/source/FreeRTOS_Stream_Buffer.o
                0x00017e50                vStreamBufferMoveMid
 .text.uxStreamBufferAdd
                0x00017e7c       0xe4 ./ra/aws/FreeRTOS/FreeRTOS-Plus/Source/FreeRTOS-Plus-TCP/source/FreeRTOS_Stream_Buffer.o
                0x00017e7c                uxStreamBufferAdd
 .text.uxStreamBufferGet
                0x00017f60       0xc4 ./ra/aws/FreeRTOS/FreeRTOS-Plus/Source/FreeRTOS-Plus-TCP/source/FreeRTOS_Stream_Buffer.o
                0x00017f60                uxStreamBufferGet
 .text.vSocketCloseNextTime
                0x00018024       0x1c ./ra/aws/FreeRTOS/FreeRTOS-Plus/Source/FreeRTOS-Plus-TCP/source/FreeRTOS_TCP_IP.o
                0x00018024                vSocketCloseNextTime
 .text.vSocketListenNextTime
                0x00018040       0x20 ./ra/aws/FreeRTOS/FreeRTOS-Plus/Source/FreeRTOS-Plus-TCP/source/FreeRTOS_TCP_IP.o
                0x00018040                vSocketListenNextTime
 .text.vTCPStateChange
                0x00018060      0x1d8 ./ra/aws/FreeRTOS/FreeRTOS-Plus/Source/FreeRTOS-Plus-TCP/source/FreeRTOS_TCP_IP.o
                0x00018060                vTCPStateChange
 .text.prvTCPNextTimeout
                0x00018238       0xac ./ra/aws/FreeRTOS/FreeRTOS-Plus/Source/FreeRTOS-Plus-TCP/source/FreeRTOS_TCP_IP.o
                0x00018238                prvTCPNextTimeout
 .text.xTCPSocketCheck
                0x000182e4       0x38 ./ra/aws/FreeRTOS/FreeRTOS-Plus/Source/FreeRTOS-Plus-TCP/source/FreeRTOS_TCP_IP.o
                0x000182e4                xTCPSocketCheck
 .text.xProcessReceivedTCPPacket
                0x0001831c      0x22c ./ra/aws/FreeRTOS/FreeRTOS-Plus/Source/FreeRTOS-Plus-TCP/source/FreeRTOS_TCP_IP.o
                0x0001831c                xProcessReceivedTCPPacket
 .text.xTCPCheckNewClient
                0x00018548       0x4c ./ra/aws/FreeRTOS/FreeRTOS-Plus/Source/FreeRTOS-Plus-TCP/source/FreeRTOS_TCP_IP.o
                0x00018548                xTCPCheckNewClient
 .text.prvCheckOptions
                0x00018594       0xbc ./ra/aws/FreeRTOS/FreeRTOS-Plus/Source/FreeRTOS-Plus-TCP/source/FreeRTOS_TCP_Reception.o
                0x00018594                prvCheckOptions
 .text.prvCheckRxData
                0x00018650       0x74 ./ra/aws/FreeRTOS/FreeRTOS-Plus/Source/FreeRTOS-Plus-TCP/source/FreeRTOS_TCP_Reception.o
                0x00018650                prvCheckRxData
 .text.prvStoreRxData
                0x000186c4       0x8c ./ra/aws/FreeRTOS/FreeRTOS-Plus/Source/FreeRTOS-Plus-TCP/source/FreeRTOS_TCP_Reception.o
                0x000186c4                prvStoreRxData
 .text.prvTCPHandleFin
                0x00018750       0xd0 ./ra/aws/FreeRTOS/FreeRTOS-Plus/Source/FreeRTOS-Plus-TCP/source/FreeRTOS_TCP_State_Handling.o
 .text.prvTCPSocketIsActive
                0x00018820       0x1c ./ra/aws/FreeRTOS/FreeRTOS-Plus/Source/FreeRTOS-Plus-TCP/source/FreeRTOS_TCP_State_Handling.o
                0x00018820                prvTCPSocketIsActive
 .text.prvTCPStatusAgeCheck
                0x0001883c       0x44 ./ra/aws/FreeRTOS/FreeRTOS-Plus/Source/FreeRTOS-Plus-TCP/source/FreeRTOS_TCP_State_Handling.o
                0x0001883c                prvTCPStatusAgeCheck
 .text.prvTCPHandleState
                0x00018880      0x3ac ./ra/aws/FreeRTOS/FreeRTOS-Plus/Source/FreeRTOS-Plus-TCP/source/FreeRTOS_TCP_State_Handling.o
                0x00018880                prvTCPHandleState
 .text.prvHandleListen
                0x00018c2c       0x20 ./ra/aws/FreeRTOS/FreeRTOS-Plus/Source/FreeRTOS-Plus-TCP/source/FreeRTOS_TCP_State_Handling.o
                0x00018c2c                prvHandleListen
 .text.prvTCPSocketCopy
                0x00018c4c       0x90 ./ra/aws/FreeRTOS/FreeRTOS-Plus/Source/FreeRTOS-Plus-TCP/source/FreeRTOS_TCP_State_Handling.o
                0x00018c4c                prvTCPSocketCopy
 .text.prvHandleListen_IPV4
                0x00018cdc       0xf8 ./ra/aws/FreeRTOS/FreeRTOS-Plus/Source/FreeRTOS-Plus-TCP/source/FreeRTOS_TCP_State_Handling_IPv4.o
                0x00018cdc                prvHandleListen_IPV4
 .text.prvTCPReturnPacket.part.0
                0x00018dd4       0x1c ./ra/aws/FreeRTOS/FreeRTOS-Plus/Source/FreeRTOS-Plus-TCP/source/FreeRTOS_TCP_Transmission.o
 .text.prvTCPReturnPacket
                0x00018df0       0x10 ./ra/aws/FreeRTOS/FreeRTOS-Plus/Source/FreeRTOS-Plus-TCP/source/FreeRTOS_TCP_Transmission.o
                0x00018df0                prvTCPReturnPacket
 .text.prvTCPReturn_CheckTCPWindow
                0x00018e00       0x68 ./ra/aws/FreeRTOS/FreeRTOS-Plus/Source/FreeRTOS-Plus-TCP/source/FreeRTOS_TCP_Transmission.o
                0x00018e00                prvTCPReturn_CheckTCPWindow
 .text.prvTCPReturn_SetSequenceNumber
                0x00018e68       0x68 ./ra/aws/FreeRTOS/FreeRTOS-Plus/Source/FreeRTOS-Plus-TCP/source/FreeRTOS_TCP_Transmission.o
                0x00018e68                prvTCPReturn_SetSequenceNumber
 .text.prvTCPCreateWindow
                0x00018ed0       0x30 ./ra/aws/FreeRTOS/FreeRTOS-Plus/Source/FreeRTOS-Plus-TCP/source/FreeRTOS_TCP_Transmission.o
                0x00018ed0                prvTCPCreateWindow
 .text.prvSetSynAckOptions
                0x00018f00       0x18 ./ra/aws/FreeRTOS/FreeRTOS-Plus/Source/FreeRTOS-Plus-TCP/source/FreeRTOS_TCP_Transmission.o
                0x00018f00                prvSetSynAckOptions
 .text.prvTCPBufferResize
                0x00018f18       0xa0 ./ra/aws/FreeRTOS/FreeRTOS-Plus/Source/FreeRTOS-Plus-TCP/source/FreeRTOS_TCP_Transmission.o
                0x00018f18                prvTCPBufferResize
 .text.prvTCPReturn_SetEndPoint
                0x00018fb8       0x28 ./ra/aws/FreeRTOS/FreeRTOS-Plus/Source/FreeRTOS-Plus-TCP/source/FreeRTOS_TCP_Transmission.o
                0x00018fb8                prvTCPReturn_SetEndPoint
 .text.prvTCPPrepareSend
                0x00018fe0      0x1e8 ./ra/aws/FreeRTOS/FreeRTOS-Plus/Source/FreeRTOS-Plus-TCP/source/FreeRTOS_TCP_Transmission.o
                0x00018fe0                prvTCPPrepareSend
 .text.prvTCPSendRepeated
                0x000191c8       0x44 ./ra/aws/FreeRTOS/FreeRTOS-Plus/Source/FreeRTOS-Plus-TCP/source/FreeRTOS_TCP_Transmission.o
                0x000191c8                prvTCPSendRepeated
 .text.prvTCPSendPacket
                0x0001920c       0x9c ./ra/aws/FreeRTOS/FreeRTOS-Plus/Source/FreeRTOS-Plus-TCP/source/FreeRTOS_TCP_Transmission.o
                0x0001920c                prvTCPSendPacket
 .text.prvTCPAddTxData
                0x000192a8       0x34 ./ra/aws/FreeRTOS/FreeRTOS-Plus/Source/FreeRTOS-Plus-TCP/source/FreeRTOS_TCP_Transmission.o
                0x000192a8                prvTCPAddTxData
 .text.prvSetOptions
                0x000192dc       0x50 ./ra/aws/FreeRTOS/FreeRTOS-Plus/Source/FreeRTOS-Plus-TCP/source/FreeRTOS_TCP_Transmission.o
                0x000192dc                prvSetOptions
 .text.prvSendData
                0x0001932c       0x30 ./ra/aws/FreeRTOS/FreeRTOS-Plus/Source/FreeRTOS-Plus-TCP/source/FreeRTOS_TCP_Transmission.o
                0x0001932c                prvSendData
 .text.prvTCPSendChallengeAck
                0x0001935c       0x1c ./ra/aws/FreeRTOS/FreeRTOS-Plus/Source/FreeRTOS-Plus-TCP/source/FreeRTOS_TCP_Transmission.o
                0x0001935c                prvTCPSendChallengeAck
 .text.prvTCPSendReset
                0x00019378       0x1c ./ra/aws/FreeRTOS/FreeRTOS-Plus/Source/FreeRTOS-Plus-TCP/source/FreeRTOS_TCP_Transmission.o
                0x00019378                prvTCPSendReset
 .text.prvTCPReturnPacket_IPV4
                0x00019394      0x1a8 ./ra/aws/FreeRTOS/FreeRTOS-Plus/Source/FreeRTOS-Plus-TCP/source/FreeRTOS_TCP_Transmission_IPv4.o
                0x00019394                prvTCPReturnPacket_IPV4
 .text.prvTCPPrepareConnect_IPV4
                0x0001953c       0xd8 ./ra/aws/FreeRTOS/FreeRTOS-Plus/Source/FreeRTOS-Plus-TCP/source/FreeRTOS_TCP_Transmission_IPv4.o
                0x0001953c                prvTCPPrepareConnect_IPV4
 .text.prvTCPSendSpecialPktHelper_IPV4
                0x00019614       0x38 ./ra/aws/FreeRTOS/FreeRTOS-Plus/Source/FreeRTOS-Plus-TCP/source/FreeRTOS_TCP_Transmission_IPv4.o
                0x00019614                prvTCPSendSpecialPktHelper_IPV4
 .text.prvSocketSetMSS
                0x0001964c        0xc ./ra/aws/FreeRTOS/FreeRTOS-Plus/Source/FreeRTOS-Plus-TCP/source/FreeRTOS_TCP_Utils.o
                0x0001964c                prvSocketSetMSS
 .text.prvSocketSetMSS_IPV4
                0x00019658       0x34 ./ra/aws/FreeRTOS/FreeRTOS-Plus/Source/FreeRTOS-Plus-TCP/source/FreeRTOS_TCP_Utils_IPv4.o
                0x00019658                prvSocketSetMSS_IPV4
 .text.xSequenceLessThan
                0x0001968c        0x8 ./ra/aws/FreeRTOS/FreeRTOS-Plus/Source/FreeRTOS-Plus-TCP/source/FreeRTOS_TCP_WIN.o
                0x0001968c                xSequenceLessThan
 .text.xSequenceGreaterThan
                0x00019694        0x8 ./ra/aws/FreeRTOS/FreeRTOS-Plus/Source/FreeRTOS-Plus-TCP/source/FreeRTOS_TCP_WIN.o
                0x00019694                xSequenceGreaterThan
 .text.xTCPWindowCreate
                0x0001969c       0x64 ./ra/aws/FreeRTOS/FreeRTOS-Plus/Source/FreeRTOS-Plus-TCP/source/FreeRTOS_TCP_WIN.o
                0x0001969c                xTCPWindowCreate
 .text.vTCPWindowInit
                0x00019700       0x50 ./ra/aws/FreeRTOS/FreeRTOS-Plus/Source/FreeRTOS-Plus-TCP/source/FreeRTOS_TCP_WIN.o
                0x00019700                vTCPWindowInit
 .text.lTCPWindowRxCheck
                0x00019750       0x28 ./ra/aws/FreeRTOS/FreeRTOS-Plus/Source/FreeRTOS-Plus-TCP/source/FreeRTOS_Tiny_TCP.o
                0x00019750                lTCPWindowRxCheck
 .text.lTCPWindowTxAdd
                0x00019778       0x38 ./ra/aws/FreeRTOS/FreeRTOS-Plus/Source/FreeRTOS-Plus-TCP/source/FreeRTOS_Tiny_TCP.o
                0x00019778                lTCPWindowTxAdd
 .text.ulTCPWindowTxGet
                0x000197b0       0x5c ./ra/aws/FreeRTOS/FreeRTOS-Plus/Source/FreeRTOS-Plus-TCP/source/FreeRTOS_Tiny_TCP.o
                0x000197b0                ulTCPWindowTxGet
 .text.xTCPWindowTxDone
                0x0001980c        0xc ./ra/aws/FreeRTOS/FreeRTOS-Plus/Source/FreeRTOS-Plus-TCP/source/FreeRTOS_Tiny_TCP.o
                0x0001980c                xTCPWindowTxDone
 .text.xTCPWindowTxHasData
                0x00019818       0x4c ./ra/aws/FreeRTOS/FreeRTOS-Plus/Source/FreeRTOS-Plus-TCP/source/FreeRTOS_Tiny_TCP.o
                0x00019818                xTCPWindowTxHasData
 .text.ulTCPWindowTxAck
                0x00019864       0x1c ./ra/aws/FreeRTOS/FreeRTOS-Plus/Source/FreeRTOS-Plus-TCP/source/FreeRTOS_Tiny_TCP.o
                0x00019864                ulTCPWindowTxAck
 .text.xTCPWindowRxEmpty
                0x00019880        0xc ./ra/aws/FreeRTOS/FreeRTOS-Plus/Source/FreeRTOS-Plus-TCP/source/FreeRTOS_Tiny_TCP.o
                0x00019880                xTCPWindowRxEmpty
 .text.vProcessGeneratedUDPPacket
                0x0001988c       0x10 ./ra/aws/FreeRTOS/FreeRTOS-Plus/Source/FreeRTOS-Plus-TCP/source/FreeRTOS_UDP_IP.o
                0x0001988c                vProcessGeneratedUDPPacket
 .text.xProcessReceivedUDPPacket
                0x0001989c       0x44 ./ra/aws/FreeRTOS/FreeRTOS-Plus/Source/FreeRTOS-Plus-TCP/source/FreeRTOS_UDP_IP.o
                0x0001989c                xProcessReceivedUDPPacket
 .text.vProcessGeneratedUDPPacket_IPv4
                0x000198e0      0x138 ./ra/aws/FreeRTOS/FreeRTOS-Plus/Source/FreeRTOS-Plus-TCP/source/FreeRTOS_UDP_IPv4.o
                0x000198e0                vProcessGeneratedUDPPacket_IPv4
 .text.xProcessReceivedUDPPacket_IPv4
                0x00019a18       0xac ./ra/aws/FreeRTOS/FreeRTOS-Plus/Source/FreeRTOS-Plus-TCP/source/FreeRTOS_UDP_IPv4.o
                0x00019a18                xProcessReceivedUDPPacket_IPv4
 .text.rand     0x00019ac4       0x7c C:/Renesas/RA/e2studio_v2024-07_fsp_v5.5.0/toolchains/gcc_arm/13.2.rel1/bin/../lib/gcc/arm-none-eabi/13.2.1/thumb/v8-m.main+fp/hard\libg_nano.a(libc_a-rand.o)
                0x00019ac4                rand
 .text.__cvt    0x00019b40       0xca C:/Renesas/RA/e2studio_v2024-07_fsp_v5.5.0/toolchains/gcc_arm/13.2.rel1/bin/../lib/gcc/arm-none-eabi/13.2.1/thumb/v8-m.main+fp/hard\libg_nano.a(libc_a-nano-vfprintf_float.o)
                0x00019b40                __cvt
 .text.__exponent
                0x00019c0a       0x72 C:/Renesas/RA/e2studio_v2024-07_fsp_v5.5.0/toolchains/gcc_arm/13.2.rel1/bin/../lib/gcc/arm-none-eabi/13.2.1/thumb/v8-m.main+fp/hard\libg_nano.a(libc_a-nano-vfprintf_float.o)
                0x00019c0a                __exponent
 .text._printf_float
                0x00019c7c      0x454 C:/Renesas/RA/e2studio_v2024-07_fsp_v5.5.0/toolchains/gcc_arm/13.2.rel1/bin/../lib/gcc/arm-none-eabi/13.2.1/thumb/v8-m.main+fp/hard\libg_nano.a(libc_a-nano-vfprintf_float.o)
                0x00019c7c                _printf_float
 .text._printf_common
                0x0001a0d0       0xe4 C:/Renesas/RA/e2studio_v2024-07_fsp_v5.5.0/toolchains/gcc_arm/13.2.rel1/bin/../lib/gcc/arm-none-eabi/13.2.1/thumb/v8-m.main+fp/hard\libg_nano.a(libc_a-nano-vfprintf_i.o)
                0x0001a0d0                _printf_common
 .text._printf_i
                0x0001a1b4      0x23c C:/Renesas/RA/e2studio_v2024-07_fsp_v5.5.0/toolchains/gcc_arm/13.2.rel1/bin/../lib/gcc/arm-none-eabi/13.2.1/thumb/v8-m.main+fp/hard\libg_nano.a(libc_a-nano-vfprintf_i.o)
                0x0001a1b4                _printf_i
 .text.std      0x0001a3f0       0x6c C:/Renesas/RA/e2studio_v2024-07_fsp_v5.5.0/toolchains/gcc_arm/13.2.rel1/bin/../lib/gcc/arm-none-eabi/13.2.1/thumb/v8-m.main+fp/hard\libg_nano.a(libc_a-findfp.o)
 .text.stdio_exit_handler
                0x0001a45c       0x18 C:/Renesas/RA/e2studio_v2024-07_fsp_v5.5.0/toolchains/gcc_arm/13.2.rel1/bin/../lib/gcc/arm-none-eabi/13.2.1/thumb/v8-m.main+fp/hard\libg_nano.a(libc_a-findfp.o)
 .text.cleanup_stdio
                0x0001a474       0x40 C:/Renesas/RA/e2studio_v2024-07_fsp_v5.5.0/toolchains/gcc_arm/13.2.rel1/bin/../lib/gcc/arm-none-eabi/13.2.1/thumb/v8-m.main+fp/hard\libg_nano.a(libc_a-findfp.o)
 .text.global_stdio_init.part.0
                0x0001a4b4       0x3c C:/Renesas/RA/e2studio_v2024-07_fsp_v5.5.0/toolchains/gcc_arm/13.2.rel1/bin/../lib/gcc/arm-none-eabi/13.2.1/thumb/v8-m.main+fp/hard\libg_nano.a(libc_a-findfp.o)
 .text.__sfp_lock_acquire
                0x0001a4f0        0xc C:/Renesas/RA/e2studio_v2024-07_fsp_v5.5.0/toolchains/gcc_arm/13.2.rel1/bin/../lib/gcc/arm-none-eabi/13.2.1/thumb/v8-m.main+fp/hard\libg_nano.a(libc_a-findfp.o)
                0x0001a4f0                __sfp_lock_acquire
 .text.__sfp_lock_release
                0x0001a4fc        0xc C:/Renesas/RA/e2studio_v2024-07_fsp_v5.5.0/toolchains/gcc_arm/13.2.rel1/bin/../lib/gcc/arm-none-eabi/13.2.1/thumb/v8-m.main+fp/hard\libg_nano.a(libc_a-findfp.o)
                0x0001a4fc                __sfp_lock_release
 .text.__sinit  0x0001a508       0x30 C:/Renesas/RA/e2studio_v2024-07_fsp_v5.5.0/toolchains/gcc_arm/13.2.rel1/bin/../lib/gcc/arm-none-eabi/13.2.1/thumb/v8-m.main+fp/hard\libg_nano.a(libc_a-findfp.o)
                0x0001a508                __sinit
 .text._fwalk_sglue
                0x0001a538       0x3c C:/Renesas/RA/e2studio_v2024-07_fsp_v5.5.0/toolchains/gcc_arm/13.2.rel1/bin/../lib/gcc/arm-none-eabi/13.2.1/thumb/v8-m.main+fp/hard\libg_nano.a(libc_a-fwalk.o)
                0x0001a538                _fwalk_sglue
 .text.printf   0x0001a574       0x24 C:/Renesas/RA/e2studio_v2024-07_fsp_v5.5.0/toolchains/gcc_arm/13.2.rel1/bin/../lib/gcc/arm-none-eabi/13.2.1/thumb/v8-m.main+fp/hard\libg_nano.a(libc_a-printf.o)
                0x0001a574                iprintf
                0x0001a574                printf
 .text.putchar  0x0001a598       0x10 C:/Renesas/RA/e2studio_v2024-07_fsp_v5.5.0/toolchains/gcc_arm/13.2.rel1/bin/../lib/gcc/arm-none-eabi/13.2.1/thumb/v8-m.main+fp/hard\libg_nano.a(libc_a-putchar.o)
                0x0001a598                putchar
 .text._puts_r  0x0001a5a8       0xaa C:/Renesas/RA/e2studio_v2024-07_fsp_v5.5.0/toolchains/gcc_arm/13.2.rel1/bin/../lib/gcc/arm-none-eabi/13.2.1/thumb/v8-m.main+fp/hard\libg_nano.a(libc_a-puts.o)
                0x0001a5a8                _puts_r
 *fill*         0x0001a652        0x2 ff
 .text.puts     0x0001a654       0x10 C:/Renesas/RA/e2studio_v2024-07_fsp_v5.5.0/toolchains/gcc_arm/13.2.rel1/bin/../lib/gcc/arm-none-eabi/13.2.1/thumb/v8-m.main+fp/hard\libg_nano.a(libc_a-puts.o)
                0x0001a654                puts
 .text.snprintf
                0x0001a664       0x68 C:/Renesas/RA/e2studio_v2024-07_fsp_v5.5.0/toolchains/gcc_arm/13.2.rel1/bin/../lib/gcc/arm-none-eabi/13.2.1/thumb/v8-m.main+fp/hard\libg_nano.a(libc_a-snprintf.o)
                0x0001a664                sniprintf
                0x0001a664                snprintf
 .text.sprintf  0x0001a6cc       0x40 C:/Renesas/RA/e2studio_v2024-07_fsp_v5.5.0/toolchains/gcc_arm/13.2.rel1/bin/../lib/gcc/arm-none-eabi/13.2.1/thumb/v8-m.main+fp/hard\libg_nano.a(libc_a-sprintf.o)
                0x0001a6cc                siprintf
                0x0001a6cc                sprintf
 .text.__sread  0x0001a70c       0x22 C:/Renesas/RA/e2studio_v2024-07_fsp_v5.5.0/toolchains/gcc_arm/13.2.rel1/bin/../lib/gcc/arm-none-eabi/13.2.1/thumb/v8-m.main+fp/hard\libg_nano.a(libc_a-stdio.o)
                0x0001a70c                __sread
 .text.__swrite
                0x0001a72e       0x38 C:/Renesas/RA/e2studio_v2024-07_fsp_v5.5.0/toolchains/gcc_arm/13.2.rel1/bin/../lib/gcc/arm-none-eabi/13.2.1/thumb/v8-m.main+fp/hard\libg_nano.a(libc_a-stdio.o)
                0x0001a72e                __swrite
 .text.__sseek  0x0001a766       0x24 C:/Renesas/RA/e2studio_v2024-07_fsp_v5.5.0/toolchains/gcc_arm/13.2.rel1/bin/../lib/gcc/arm-none-eabi/13.2.1/thumb/v8-m.main+fp/hard\libg_nano.a(libc_a-stdio.o)
                0x0001a766                __sseek
 .text.__sclose
                0x0001a78a        0x8 C:/Renesas/RA/e2studio_v2024-07_fsp_v5.5.0/toolchains/gcc_arm/13.2.rel1/bin/../lib/gcc/arm-none-eabi/13.2.1/thumb/v8-m.main+fp/hard\libg_nano.a(libc_a-stdio.o)
                0x0001a78a                __sclose
 .text.__swbuf_r
                0x0001a792       0x7c C:/Renesas/RA/e2studio_v2024-07_fsp_v5.5.0/toolchains/gcc_arm/13.2.rel1/bin/../lib/gcc/arm-none-eabi/13.2.1/thumb/v8-m.main+fp/hard\libg_nano.a(libc_a-wbuf.o)
                0x0001a792                __swbuf_r
 *fill*         0x0001a80e        0x2 ff
 .text.__swsetup_r
                0x0001a810       0xac C:/Renesas/RA/e2studio_v2024-07_fsp_v5.5.0/toolchains/gcc_arm/13.2.rel1/bin/../lib/gcc/arm-none-eabi/13.2.1/thumb/v8-m.main+fp/hard\libg_nano.a(libc_a-wsetup.o)
                0x0001a810                __swsetup_r
 .text.memcmp   0x0001a8bc       0x20 C:/Renesas/RA/e2studio_v2024-07_fsp_v5.5.0/toolchains/gcc_arm/13.2.rel1/bin/../lib/gcc/arm-none-eabi/13.2.1/thumb/v8-m.main+fp/hard\libg_nano.a(libc_a-memcmp.o)
                0x0001a8bc                memcmp
 .text.memmove  0x0001a8dc       0x34 C:/Renesas/RA/e2studio_v2024-07_fsp_v5.5.0/toolchains/gcc_arm/13.2.rel1/bin/../lib/gcc/arm-none-eabi/13.2.1/thumb/v8-m.main+fp/hard\libg_nano.a(libc_a-memmove.o)
                0x0001a8dc                memmove
 .text.memset   0x0001a910       0x10 C:/Renesas/RA/e2studio_v2024-07_fsp_v5.5.0/toolchains/gcc_arm/13.2.rel1/bin/../lib/gcc/arm-none-eabi/13.2.1/thumb/v8-m.main+fp/hard\libg_nano.a(libc_a-memset.o)
                0x0001a910                memset
 .text._localeconv_r
                0x0001a920        0x8 C:/Renesas/RA/e2studio_v2024-07_fsp_v5.5.0/toolchains/gcc_arm/13.2.rel1/bin/../lib/gcc/arm-none-eabi/13.2.1/thumb/v8-m.main+fp/hard\libg_nano.a(libc_a-localeconv.o)
                0x0001a920                _localeconv_r
 .text._close_r
                0x0001a928       0x20 C:/Renesas/RA/e2studio_v2024-07_fsp_v5.5.0/toolchains/gcc_arm/13.2.rel1/bin/../lib/gcc/arm-none-eabi/13.2.1/thumb/v8-m.main+fp/hard\libg_nano.a(libc_a-closer.o)
                0x0001a928                _close_r
 .text._lseek_r
                0x0001a948       0x24 C:/Renesas/RA/e2studio_v2024-07_fsp_v5.5.0/toolchains/gcc_arm/13.2.rel1/bin/../lib/gcc/arm-none-eabi/13.2.1/thumb/v8-m.main+fp/hard\libg_nano.a(libc_a-lseekr.o)
                0x0001a948                _lseek_r
 .text._read_r  0x0001a96c       0x24 C:/Renesas/RA/e2studio_v2024-07_fsp_v5.5.0/toolchains/gcc_arm/13.2.rel1/bin/../lib/gcc/arm-none-eabi/13.2.1/thumb/v8-m.main+fp/hard\libg_nano.a(libc_a-readr.o)
                0x0001a96c                _read_r
 .text._write_r
                0x0001a990       0x24 C:/Renesas/RA/e2studio_v2024-07_fsp_v5.5.0/toolchains/gcc_arm/13.2.rel1/bin/../lib/gcc/arm-none-eabi/13.2.1/thumb/v8-m.main+fp/hard\libg_nano.a(libc_a-writer.o)
                0x0001a990                _write_r
 .text.__errno  0x0001a9b4        0xc C:/Renesas/RA/e2studio_v2024-07_fsp_v5.5.0/toolchains/gcc_arm/13.2.rel1/bin/../lib/gcc/arm-none-eabi/13.2.1/thumb/v8-m.main+fp/hard\libg_nano.a(libc_a-errno.o)
                0x0001a9b4                __errno
 .text.__retarget_lock_init_recursive
                0x0001a9c0        0x2 C:/Renesas/RA/e2studio_v2024-07_fsp_v5.5.0/toolchains/gcc_arm/13.2.rel1/bin/../lib/gcc/arm-none-eabi/13.2.1/thumb/v8-m.main+fp/hard\libg_nano.a(libc_a-lock.o)
                0x0001a9c0                __retarget_lock_init_recursive
 .text.__retarget_lock_acquire_recursive
                0x0001a9c2        0x2 C:/Renesas/RA/e2studio_v2024-07_fsp_v5.5.0/toolchains/gcc_arm/13.2.rel1/bin/../lib/gcc/arm-none-eabi/13.2.1/thumb/v8-m.main+fp/hard\libg_nano.a(libc_a-lock.o)
                0x0001a9c2                __retarget_lock_acquire_recursive
 .text.__retarget_lock_release_recursive
                0x0001a9c4        0x2 C:/Renesas/RA/e2studio_v2024-07_fsp_v5.5.0/toolchains/gcc_arm/13.2.rel1/bin/../lib/gcc/arm-none-eabi/13.2.1/thumb/v8-m.main+fp/hard\libg_nano.a(libc_a-lock.o)
                0x0001a9c4                __retarget_lock_release_recursive
 .text.memchr   0x0001a9c6       0x1c C:/Renesas/RA/e2studio_v2024-07_fsp_v5.5.0/toolchains/gcc_arm/13.2.rel1/bin/../lib/gcc/arm-none-eabi/13.2.1/thumb/v8-m.main+fp/hard\libg_nano.a(libc_a-memchr-stub.o)
                0x0001a9c6                memchr
 .text.memcpy   0x0001a9e2       0x1a C:/Renesas/RA/e2studio_v2024-07_fsp_v5.5.0/toolchains/gcc_arm/13.2.rel1/bin/../lib/gcc/arm-none-eabi/13.2.1/thumb/v8-m.main+fp/hard\libg_nano.a(libc_a-memcpy-stub.o)
                0x0001a9e2                memcpy
 .text          0x0001a9fc       0x10 C:/Renesas/RA/e2studio_v2024-07_fsp_v5.5.0/toolchains/gcc_arm/13.2.rel1/bin/../lib/gcc/arm-none-eabi/13.2.1/thumb/v8-m.main+fp/hard\libg_nano.a(libc_a-strlen.o)
                0x0001a9fc                strlen
 .text.quorem   0x0001aa0c      0x11a C:/Renesas/RA/e2studio_v2024-07_fsp_v5.5.0/toolchains/gcc_arm/13.2.rel1/bin/../lib/gcc/arm-none-eabi/13.2.1/thumb/v8-m.main+fp/hard\libg_nano.a(libc_a-dtoa.o)
 *fill*         0x0001ab26        0x2 ff
 .text._dtoa_r  0x0001ab28      0xb7c C:/Renesas/RA/e2studio_v2024-07_fsp_v5.5.0/toolchains/gcc_arm/13.2.rel1/bin/../lib/gcc/arm-none-eabi/13.2.1/thumb/v8-m.main+fp/hard\libg_nano.a(libc_a-dtoa.o)
                0x0001ab28                _dtoa_r
 .text._free_r  0x0001b6a4       0x94 C:/Renesas/RA/e2studio_v2024-07_fsp_v5.5.0/toolchains/gcc_arm/13.2.rel1/bin/../lib/gcc/arm-none-eabi/13.2.1/thumb/v8-m.main+fp/hard\libg_nano.a(libc_a-freer.o)
                0x0001b6a4                _free_r
 .text.malloc   0x0001b738       0x10 C:/Renesas/RA/e2studio_v2024-07_fsp_v5.5.0/toolchains/gcc_arm/13.2.rel1/bin/../lib/gcc/arm-none-eabi/13.2.1/thumb/v8-m.main+fp/hard\libg_nano.a(libc_a-malloc.o)
                0x0001b738                malloc
 .text.sbrk_aligned
                0x0001b748       0x44 C:/Renesas/RA/e2studio_v2024-07_fsp_v5.5.0/toolchains/gcc_arm/13.2.rel1/bin/../lib/gcc/arm-none-eabi/13.2.1/thumb/v8-m.main+fp/hard\libg_nano.a(libc_a-mallocr.o)
 .text._malloc_r
                0x0001b78c      0x100 C:/Renesas/RA/e2studio_v2024-07_fsp_v5.5.0/toolchains/gcc_arm/13.2.rel1/bin/../lib/gcc/arm-none-eabi/13.2.1/thumb/v8-m.main+fp/hard\libg_nano.a(libc_a-mallocr.o)
                0x0001b78c                _malloc_r
 .text.__malloc_lock
                0x0001b88c        0xc C:/Renesas/RA/e2studio_v2024-07_fsp_v5.5.0/toolchains/gcc_arm/13.2.rel1/bin/../lib/gcc/arm-none-eabi/13.2.1/thumb/v8-m.main+fp/hard\libg_nano.a(libc_a-mlock.o)
                0x0001b88c                __malloc_lock
 .text.__malloc_unlock
                0x0001b898        0xc C:/Renesas/RA/e2studio_v2024-07_fsp_v5.5.0/toolchains/gcc_arm/13.2.rel1/bin/../lib/gcc/arm-none-eabi/13.2.1/thumb/v8-m.main+fp/hard\libg_nano.a(libc_a-mlock.o)
                0x0001b898                __malloc_unlock
 .text._Balloc  0x0001b8a4       0x80 C:/Renesas/RA/e2studio_v2024-07_fsp_v5.5.0/toolchains/gcc_arm/13.2.rel1/bin/../lib/gcc/arm-none-eabi/13.2.1/thumb/v8-m.main+fp/hard\libg_nano.a(libc_a-mprec.o)
                0x0001b8a4                _Balloc
 .text._Bfree   0x0001b924       0x44 C:/Renesas/RA/e2studio_v2024-07_fsp_v5.5.0/toolchains/gcc_arm/13.2.rel1/bin/../lib/gcc/arm-none-eabi/13.2.1/thumb/v8-m.main+fp/hard\libg_nano.a(libc_a-mprec.o)
                0x0001b924                _Bfree
 .text.__multadd
                0x0001b968       0x90 C:/Renesas/RA/e2studio_v2024-07_fsp_v5.5.0/toolchains/gcc_arm/13.2.rel1/bin/../lib/gcc/arm-none-eabi/13.2.1/thumb/v8-m.main+fp/hard\libg_nano.a(libc_a-mprec.o)
                0x0001b968                __multadd
 .text.__hi0bits
                0x0001b9f8       0x3e C:/Renesas/RA/e2studio_v2024-07_fsp_v5.5.0/toolchains/gcc_arm/13.2.rel1/bin/../lib/gcc/arm-none-eabi/13.2.1/thumb/v8-m.main+fp/hard\libg_nano.a(libc_a-mprec.o)
                0x0001b9f8                __hi0bits
 .text.__lo0bits
                0x0001ba36       0x5a C:/Renesas/RA/e2studio_v2024-07_fsp_v5.5.0/toolchains/gcc_arm/13.2.rel1/bin/../lib/gcc/arm-none-eabi/13.2.1/thumb/v8-m.main+fp/hard\libg_nano.a(libc_a-mprec.o)
                0x0001ba36                __lo0bits
 .text.__i2b    0x0001ba90       0x2c C:/Renesas/RA/e2studio_v2024-07_fsp_v5.5.0/toolchains/gcc_arm/13.2.rel1/bin/../lib/gcc/arm-none-eabi/13.2.1/thumb/v8-m.main+fp/hard\libg_nano.a(libc_a-mprec.o)
                0x0001ba90                __i2b
 .text.__multiply
                0x0001babc      0x148 C:/Renesas/RA/e2studio_v2024-07_fsp_v5.5.0/toolchains/gcc_arm/13.2.rel1/bin/../lib/gcc/arm-none-eabi/13.2.1/thumb/v8-m.main+fp/hard\libg_nano.a(libc_a-mprec.o)
                0x0001babc                __multiply
 .text.__pow5mult
                0x0001bc04       0xb4 C:/Renesas/RA/e2studio_v2024-07_fsp_v5.5.0/toolchains/gcc_arm/13.2.rel1/bin/../lib/gcc/arm-none-eabi/13.2.1/thumb/v8-m.main+fp/hard\libg_nano.a(libc_a-mprec.o)
                0x0001bc04                __pow5mult
 .text.__lshift
                0x0001bcb8       0xd8 C:/Renesas/RA/e2studio_v2024-07_fsp_v5.5.0/toolchains/gcc_arm/13.2.rel1/bin/../lib/gcc/arm-none-eabi/13.2.1/thumb/v8-m.main+fp/hard\libg_nano.a(libc_a-mprec.o)
                0x0001bcb8                __lshift